<?xml version="1.0" encoding="ISO-8859-1" ?>
<link_info>
   <banner>TMS320C2000 Linker Unix v22.6.1.LTS</banner>
   <copyright>Copyright (c) 1996-2018 Texas Instruments Incorporated</copyright>
   <link_time>0x67fa1cae</link_time>
   <link_errors>0x0</link_errors>
   <output_file>FFT.out</output_file>
   <entry_point>
      <name>_c_int00</name>
      <address>0x85b99</address>
   </entry_point>
   <input_file_list>
      <input_file id="fl-1">
         <path>./</path>
         <kind>object</kind>
         <file>fft.obj</file>
         <name>fft.obj</name>
      </input_file>
      <input_file id="fl-5">
         <kind>object</kind>
         <file>&lt;internal&gt;</file>
         <name>&lt;internal&gt;</name>
      </input_file>
      <input_file id="fl-11">
         <path>/Applications/ti/ccs1280/ccs/tools/compiler/ti-cgt-c2000_22.6.1.LTS/lib/</path>
         <kind>archive</kind>
         <file>rts2800_fpu32.lib</file>
         <name>e_sqrtf.c.obj</name>
      </input_file>
      <input_file id="fl-12">
         <path>/Applications/ti/ccs1280/ccs/tools/compiler/ti-cgt-c2000_22.6.1.LTS/lib/</path>
         <kind>archive</kind>
         <file>rts2800_fpu32.lib</file>
         <name>s_cosf.c.obj</name>
      </input_file>
      <input_file id="fl-13">
         <path>/Applications/ti/ccs1280/ccs/tools/compiler/ti-cgt-c2000_22.6.1.LTS/lib/</path>
         <kind>archive</kind>
         <file>rts2800_fpu32.lib</file>
         <name>s_sinf.c.obj</name>
      </input_file>
      <input_file id="fl-14">
         <path>/Applications/ti/ccs1280/ccs/tools/compiler/ti-cgt-c2000_22.6.1.LTS/lib/</path>
         <kind>archive</kind>
         <file>rts2800_fpu32.lib</file>
         <name>printf.c.obj</name>
      </input_file>
      <input_file id="fl-15">
         <path>/Applications/ti/ccs1280/ccs/tools/compiler/ti-cgt-c2000_22.6.1.LTS/lib/</path>
         <kind>archive</kind>
         <file>rts2800_fpu32.lib</file>
         <name>_printfi.c.obj</name>
      </input_file>
      <input_file id="fl-16">
         <path>/Applications/ti/ccs1280/ccs/tools/compiler/ti-cgt-c2000_22.6.1.LTS/lib/</path>
         <kind>archive</kind>
         <file>rts2800_fpu32.lib</file>
         <name>fputc.c.obj</name>
      </input_file>
      <input_file id="fl-17">
         <path>/Applications/ti/ccs1280/ccs/tools/compiler/ti-cgt-c2000_22.6.1.LTS/lib/</path>
         <kind>archive</kind>
         <file>rts2800_fpu32.lib</file>
         <name>fputs.c.obj</name>
      </input_file>
      <input_file id="fl-18">
         <path>/Applications/ti/ccs1280/ccs/tools/compiler/ti-cgt-c2000_22.6.1.LTS/lib/</path>
         <kind>archive</kind>
         <file>rts2800_fpu32.lib</file>
         <name>_io_perm.c.obj</name>
      </input_file>
      <input_file id="fl-19">
         <path>/Applications/ti/ccs1280/ccs/tools/compiler/ti-cgt-c2000_22.6.1.LTS/lib/</path>
         <kind>archive</kind>
         <file>rts2800_fpu32.lib</file>
         <name>setvbuf.c.obj</name>
      </input_file>
      <input_file id="fl-1a">
         <path>/Applications/ti/ccs1280/ccs/tools/compiler/ti-cgt-c2000_22.6.1.LTS/lib/</path>
         <kind>archive</kind>
         <file>rts2800_fpu32.lib</file>
         <name>boot28.asm.obj</name>
      </input_file>
      <input_file id="fl-1b">
         <path>/Applications/ti/ccs1280/ccs/tools/compiler/ti-cgt-c2000_22.6.1.LTS/lib/</path>
         <kind>archive</kind>
         <file>rts2800_fpu32.lib</file>
         <name>fd_cmp28.asm.obj</name>
      </input_file>
      <input_file id="fl-1c">
         <path>/Applications/ti/ccs1280/ccs/tools/compiler/ti-cgt-c2000_22.6.1.LTS/lib/</path>
         <kind>archive</kind>
         <file>rts2800_fpu32.lib</file>
         <name>fd_mpy28.asm.obj</name>
      </input_file>
      <input_file id="fl-1d">
         <path>/Applications/ti/ccs1280/ccs/tools/compiler/ti-cgt-c2000_22.6.1.LTS/lib/</path>
         <kind>archive</kind>
         <file>rts2800_fpu32.lib</file>
         <name>fd_neg28.asm.obj</name>
      </input_file>
      <input_file id="fl-1e">
         <path>/Applications/ti/ccs1280/ccs/tools/compiler/ti-cgt-c2000_22.6.1.LTS/lib/</path>
         <kind>archive</kind>
         <file>rts2800_fpu32.lib</file>
         <name>fd_sub28.asm.obj</name>
      </input_file>
      <input_file id="fl-1f">
         <path>/Applications/ti/ccs1280/ccs/tools/compiler/ti-cgt-c2000_22.6.1.LTS/lib/</path>
         <kind>archive</kind>
         <file>rts2800_fpu32.lib</file>
         <name>fd_toi28.asm.obj</name>
      </input_file>
      <input_file id="fl-20">
         <path>/Applications/ti/ccs1280/ccs/tools/compiler/ti-cgt-c2000_22.6.1.LTS/lib/</path>
         <kind>archive</kind>
         <file>rts2800_fpu32.lib</file>
         <name>fd_tol28.asm.obj</name>
      </input_file>
      <input_file id="fl-21">
         <path>/Applications/ti/ccs1280/ccs/tools/compiler/ti-cgt-c2000_22.6.1.LTS/lib/</path>
         <kind>archive</kind>
         <file>rts2800_fpu32.lib</file>
         <name>fs_div28.asm.obj</name>
      </input_file>
      <input_file id="fl-22">
         <path>/Applications/ti/ccs1280/ccs/tools/compiler/ti-cgt-c2000_22.6.1.LTS/lib/</path>
         <kind>archive</kind>
         <file>rts2800_fpu32.lib</file>
         <name>ll_aox28.asm.obj</name>
      </input_file>
      <input_file id="fl-23">
         <path>/Applications/ti/ccs1280/ccs/tools/compiler/ti-cgt-c2000_22.6.1.LTS/lib/</path>
         <kind>archive</kind>
         <file>rts2800_fpu32.lib</file>
         <name>ll_cmp28.asm.obj</name>
      </input_file>
      <input_file id="fl-24">
         <path>/Applications/ti/ccs1280/ccs/tools/compiler/ti-cgt-c2000_22.6.1.LTS/lib/</path>
         <kind>archive</kind>
         <file>rts2800_fpu32.lib</file>
         <name>ll_div28.asm.obj</name>
      </input_file>
      <input_file id="fl-25">
         <path>/Applications/ti/ccs1280/ccs/tools/compiler/ti-cgt-c2000_22.6.1.LTS/lib/</path>
         <kind>archive</kind>
         <file>rts2800_fpu32.lib</file>
         <name>i_tofd28.asm.obj</name>
      </input_file>
      <input_file id="fl-26">
         <path>/Applications/ti/ccs1280/ccs/tools/compiler/ti-cgt-c2000_22.6.1.LTS/lib/</path>
         <kind>archive</kind>
         <file>rts2800_fpu32.lib</file>
         <name>l_tofd28.asm.obj</name>
      </input_file>
      <input_file id="fl-27">
         <path>/Applications/ti/ccs1280/ccs/tools/compiler/ti-cgt-c2000_22.6.1.LTS/lib/</path>
         <kind>archive</kind>
         <file>rts2800_fpu32.lib</file>
         <name>fs_tofdfpu32.asm.obj</name>
      </input_file>
      <input_file id="fl-28">
         <path>/Applications/ti/ccs1280/ccs/tools/compiler/ti-cgt-c2000_22.6.1.LTS/lib/</path>
         <kind>archive</kind>
         <file>rts2800_fpu32.lib</file>
         <name>fd_div28.asm.obj</name>
      </input_file>
      <input_file id="fl-29">
         <path>/Applications/ti/ccs1280/ccs/tools/compiler/ti-cgt-c2000_22.6.1.LTS/lib/</path>
         <kind>archive</kind>
         <file>rts2800_fpu32.lib</file>
         <name>cpy_tbl.c.obj</name>
      </input_file>
      <input_file id="fl-2a">
         <path>/Applications/ti/ccs1280/ccs/tools/compiler/ti-cgt-c2000_22.6.1.LTS/lib/</path>
         <kind>archive</kind>
         <file>rts2800_fpu32.lib</file>
         <name>memcpy.c.obj</name>
      </input_file>
      <input_file id="fl-2b">
         <path>/Applications/ti/ccs1280/ccs/tools/compiler/ti-cgt-c2000_22.6.1.LTS/lib/</path>
         <kind>archive</kind>
         <file>rts2800_fpu32.lib</file>
         <name>pre_init.c.obj</name>
      </input_file>
      <input_file id="fl-2c">
         <path>/Applications/ti/ccs1280/ccs/tools/compiler/ti-cgt-c2000_22.6.1.LTS/lib/</path>
         <kind>archive</kind>
         <file>rts2800_fpu32.lib</file>
         <name>startup.c.obj</name>
      </input_file>
      <input_file id="fl-2d">
         <path>/Applications/ti/ccs1280/ccs/tools/compiler/ti-cgt-c2000_22.6.1.LTS/lib/</path>
         <kind>archive</kind>
         <file>rts2800_fpu32.lib</file>
         <name>exit.c.obj</name>
      </input_file>
      <input_file id="fl-2e">
         <path>/Applications/ti/ccs1280/ccs/tools/compiler/ti-cgt-c2000_22.6.1.LTS/lib/</path>
         <kind>archive</kind>
         <file>rts2800_fpu32.lib</file>
         <name>_lock.c.obj</name>
      </input_file>
      <input_file id="fl-2f">
         <path>/Applications/ti/ccs1280/ccs/tools/compiler/ti-cgt-c2000_22.6.1.LTS/lib/</path>
         <kind>archive</kind>
         <file>rts2800_fpu32.lib</file>
         <name>_ltoa.c.obj</name>
      </input_file>
      <input_file id="fl-30">
         <path>/Applications/ti/ccs1280/ccs/tools/compiler/ti-cgt-c2000_22.6.1.LTS/lib/</path>
         <kind>archive</kind>
         <file>rts2800_fpu32.lib</file>
         <name>args_main.c.obj</name>
      </input_file>
      <input_file id="fl-31">
         <path>/Applications/ti/ccs1280/ccs/tools/compiler/ti-cgt-c2000_22.6.1.LTS/lib/</path>
         <kind>archive</kind>
         <file>rts2800_fpu32.lib</file>
         <name>atoi.c.obj</name>
      </input_file>
      <input_file id="fl-32">
         <path>/Applications/ti/ccs1280/ccs/tools/compiler/ti-cgt-c2000_22.6.1.LTS/lib/</path>
         <kind>archive</kind>
         <file>rts2800_fpu32.lib</file>
         <name>ctype.c.obj</name>
      </input_file>
      <input_file id="fl-33">
         <path>/Applications/ti/ccs1280/ccs/tools/compiler/ti-cgt-c2000_22.6.1.LTS/lib/</path>
         <kind>archive</kind>
         <file>rts2800_fpu32.lib</file>
         <name>defs.c.obj</name>
      </input_file>
      <input_file id="fl-34">
         <path>/Applications/ti/ccs1280/ccs/tools/compiler/ti-cgt-c2000_22.6.1.LTS/lib/</path>
         <kind>archive</kind>
         <file>rts2800_fpu32.lib</file>
         <name>memccpy.c.obj</name>
      </input_file>
      <input_file id="fl-35">
         <path>/Applications/ti/ccs1280/ccs/tools/compiler/ti-cgt-c2000_22.6.1.LTS/lib/</path>
         <kind>archive</kind>
         <file>rts2800_fpu32.lib</file>
         <name>memchr.c.obj</name>
      </input_file>
      <input_file id="fl-36">
         <path>/Applications/ti/ccs1280/ccs/tools/compiler/ti-cgt-c2000_22.6.1.LTS/lib/</path>
         <kind>archive</kind>
         <file>rts2800_fpu32.lib</file>
         <name>memory.c.obj</name>
      </input_file>
      <input_file id="fl-37">
         <path>/Applications/ti/ccs1280/ccs/tools/compiler/ti-cgt-c2000_22.6.1.LTS/lib/</path>
         <kind>archive</kind>
         <file>rts2800_fpu32.lib</file>
         <name>memset.c.obj</name>
      </input_file>
      <input_file id="fl-38">
         <path>/Applications/ti/ccs1280/ccs/tools/compiler/ti-cgt-c2000_22.6.1.LTS/lib/</path>
         <kind>archive</kind>
         <file>rts2800_fpu32.lib</file>
         <name>strchr.c.obj</name>
      </input_file>
      <input_file id="fl-39">
         <path>/Applications/ti/ccs1280/ccs/tools/compiler/ti-cgt-c2000_22.6.1.LTS/lib/</path>
         <kind>archive</kind>
         <file>rts2800_fpu32.lib</file>
         <name>strcpy.c.obj</name>
      </input_file>
      <input_file id="fl-3a">
         <path>/Applications/ti/ccs1280/ccs/tools/compiler/ti-cgt-c2000_22.6.1.LTS/lib/</path>
         <kind>archive</kind>
         <file>rts2800_fpu32.lib</file>
         <name>strlen.c.obj</name>
      </input_file>
      <input_file id="fl-3b">
         <path>/Applications/ti/ccs1280/ccs/tools/compiler/ti-cgt-c2000_22.6.1.LTS/lib/</path>
         <kind>archive</kind>
         <file>rts2800_fpu32.lib</file>
         <name>write.c.obj</name>
      </input_file>
      <input_file id="fl-3c">
         <path>/Applications/ti/ccs1280/ccs/tools/compiler/ti-cgt-c2000_22.6.1.LTS/lib/</path>
         <kind>archive</kind>
         <file>rts2800_fpu32.lib</file>
         <name>host_device.c.obj</name>
      </input_file>
      <input_file id="fl-3d">
         <path>/Applications/ti/ccs1280/ccs/tools/compiler/ti-cgt-c2000_22.6.1.LTS/lib/</path>
         <kind>archive</kind>
         <file>rts2800_fpu32.lib</file>
         <name>errno.c.obj</name>
      </input_file>
      <input_file id="fl-3e">
         <path>/Applications/ti/ccs1280/ccs/tools/compiler/ti-cgt-c2000_22.6.1.LTS/lib/</path>
         <kind>archive</kind>
         <file>rts2800_fpu32.lib</file>
         <name>s_frexp.c.obj</name>
      </input_file>
      <input_file id="fl-3f">
         <path>/Applications/ti/ccs1280/ccs/tools/compiler/ti-cgt-c2000_22.6.1.LTS/lib/</path>
         <kind>archive</kind>
         <file>rts2800_fpu32.lib</file>
         <name>s_scalbn.c.obj</name>
      </input_file>
      <input_file id="fl-40">
         <path>/Applications/ti/ccs1280/ccs/tools/compiler/ti-cgt-c2000_22.6.1.LTS/lib/</path>
         <kind>archive</kind>
         <file>rts2800_fpu32.lib</file>
         <name>wcslen.c.obj</name>
      </input_file>
      <input_file id="fl-41">
         <path>/Applications/ti/ccs1280/ccs/tools/compiler/ti-cgt-c2000_22.6.1.LTS/lib/</path>
         <kind>archive</kind>
         <file>rts2800_fpu32.lib</file>
         <name>fflush.c.obj</name>
      </input_file>
      <input_file id="fl-42">
         <path>/Applications/ti/ccs1280/ccs/tools/compiler/ti-cgt-c2000_22.6.1.LTS/lib/</path>
         <kind>archive</kind>
         <file>rts2800_fpu32.lib</file>
         <name>fopen.c.obj</name>
      </input_file>
      <input_file id="fl-43">
         <path>/Applications/ti/ccs1280/ccs/tools/compiler/ti-cgt-c2000_22.6.1.LTS/lib/</path>
         <kind>archive</kind>
         <file>rts2800_fpu32.lib</file>
         <name>fseek.c.obj</name>
      </input_file>
      <input_file id="fl-44">
         <path>/Applications/ti/ccs1280/ccs/tools/compiler/ti-cgt-c2000_22.6.1.LTS/lib/</path>
         <kind>archive</kind>
         <file>rts2800_fpu32.lib</file>
         <name>fd_add28.asm.obj</name>
      </input_file>
      <input_file id="fl-45">
         <path>/Applications/ti/ccs1280/ccs/tools/compiler/ti-cgt-c2000_22.6.1.LTS/lib/</path>
         <kind>archive</kind>
         <file>rts2800_fpu32.lib</file>
         <name>l_div28.asm.obj</name>
      </input_file>
      <input_file id="fl-46">
         <path>/Applications/ti/ccs1280/ccs/tools/compiler/ti-cgt-c2000_22.6.1.LTS/lib/</path>
         <kind>archive</kind>
         <file>rts2800_fpu32.lib</file>
         <name>hostclose.c.obj</name>
      </input_file>
      <input_file id="fl-47">
         <path>/Applications/ti/ccs1280/ccs/tools/compiler/ti-cgt-c2000_22.6.1.LTS/lib/</path>
         <kind>archive</kind>
         <file>rts2800_fpu32.lib</file>
         <name>hostlseek.c.obj</name>
      </input_file>
      <input_file id="fl-48">
         <path>/Applications/ti/ccs1280/ccs/tools/compiler/ti-cgt-c2000_22.6.1.LTS/lib/</path>
         <kind>archive</kind>
         <file>rts2800_fpu32.lib</file>
         <name>hostopen.c.obj</name>
      </input_file>
      <input_file id="fl-49">
         <path>/Applications/ti/ccs1280/ccs/tools/compiler/ti-cgt-c2000_22.6.1.LTS/lib/</path>
         <kind>archive</kind>
         <file>rts2800_fpu32.lib</file>
         <name>hostread.c.obj</name>
      </input_file>
      <input_file id="fl-4a">
         <path>/Applications/ti/ccs1280/ccs/tools/compiler/ti-cgt-c2000_22.6.1.LTS/lib/</path>
         <kind>archive</kind>
         <file>rts2800_fpu32.lib</file>
         <name>hostrename.c.obj</name>
      </input_file>
      <input_file id="fl-4b">
         <path>/Applications/ti/ccs1280/ccs/tools/compiler/ti-cgt-c2000_22.6.1.LTS/lib/</path>
         <kind>archive</kind>
         <file>rts2800_fpu32.lib</file>
         <name>hostunlink.c.obj</name>
      </input_file>
      <input_file id="fl-4c">
         <path>/Applications/ti/ccs1280/ccs/tools/compiler/ti-cgt-c2000_22.6.1.LTS/lib/</path>
         <kind>archive</kind>
         <file>rts2800_fpu32.lib</file>
         <name>hostwrite.c.obj</name>
      </input_file>
      <input_file id="fl-4d">
         <path>/Applications/ti/ccs1280/ccs/tools/compiler/ti-cgt-c2000_22.6.1.LTS/lib/</path>
         <kind>archive</kind>
         <file>rts2800_fpu32.lib</file>
         <name>trgmsg.c.obj</name>
      </input_file>
      <input_file id="fl-4e">
         <path>/Applications/ti/ccs1280/ccs/tools/compiler/ti-cgt-c2000_22.6.1.LTS/lib/</path>
         <kind>archive</kind>
         <file>rts2800_fpu32.lib</file>
         <name>open.c.obj</name>
      </input_file>
      <input_file id="fl-4f">
         <path>/Applications/ti/ccs1280/ccs/tools/compiler/ti-cgt-c2000_22.6.1.LTS/lib/</path>
         <kind>archive</kind>
         <file>rts2800_fpu32.lib</file>
         <name>lseek.c.obj</name>
      </input_file>
      <input_file id="fl-50">
         <path>/Applications/ti/ccs1280/ccs/tools/compiler/ti-cgt-c2000_22.6.1.LTS/lib/</path>
         <kind>archive</kind>
         <file>rts2800_fpu32.lib</file>
         <name>s_copysign.c.obj</name>
      </input_file>
      <input_file id="fl-51">
         <path>/Applications/ti/ccs1280/ccs/tools/compiler/ti-cgt-c2000_22.6.1.LTS/lib/</path>
         <kind>archive</kind>
         <file>rts2800_fpu32.lib</file>
         <name>fclose.c.obj</name>
      </input_file>
      <input_file id="fl-52">
         <path>/Applications/ti/ccs1280/ccs/tools/compiler/ti-cgt-c2000_22.6.1.LTS/lib/</path>
         <kind>archive</kind>
         <file>rts2800_fpu32.lib</file>
         <name>getdevice.c.obj</name>
      </input_file>
      <input_file id="fl-53">
         <path>/Applications/ti/ccs1280/ccs/tools/compiler/ti-cgt-c2000_22.6.1.LTS/lib/</path>
         <kind>archive</kind>
         <file>rts2800_fpu32.lib</file>
         <name>strcmp.c.obj</name>
      </input_file>
      <input_file id="fl-54">
         <path>/Applications/ti/ccs1280/ccs/tools/compiler/ti-cgt-c2000_22.6.1.LTS/lib/</path>
         <kind>archive</kind>
         <file>rts2800_fpu32.lib</file>
         <name>strncpy.c.obj</name>
      </input_file>
      <input_file id="fl-55">
         <path>/Applications/ti/ccs1280/ccs/tools/compiler/ti-cgt-c2000_22.6.1.LTS/lib/</path>
         <kind>archive</kind>
         <file>rts2800_fpu32.lib</file>
         <name>remove.c.obj</name>
      </input_file>
      <input_file id="fl-56">
         <path>/Applications/ti/ccs1280/ccs/tools/compiler/ti-cgt-c2000_22.6.1.LTS/lib/</path>
         <kind>archive</kind>
         <file>rts2800_fpu32.lib</file>
         <name>close.c.obj</name>
      </input_file>
      <input_file id="fl-57">
         <path>/Applications/ti/ccs1280/ccs/tools/compiler/ti-cgt-c2000_22.6.1.LTS/lib/</path>
         <kind>archive</kind>
         <file>rts2800_fpu32.lib</file>
         <name>unlink.c.obj</name>
      </input_file>
   </input_file_list>
   <object_component_list>
      <object_component id="oc-1ac">
         <name>.cinit:__ftable</name>
         <load_address>0x82000</load_address>
         <run_address>0x82000</run_address>
         <size>0x26</size>
         <input_file_ref idref="fl-33"/>
      </object_component>
      <object_component id="oc-1c6">
         <name>.cinit:__device</name>
         <load_address>0x82026</load_address>
         <run_address>0x82026</run_address>
         <size>0x1b</size>
         <input_file_ref idref="fl-3c"/>
      </object_component>
      <object_component id="oc-1bd">
         <name>.cinit:__stream</name>
         <load_address>0x82041</load_address>
         <run_address>0x82041</run_address>
         <size>0xe</size>
         <input_file_ref idref="fl-3c"/>
      </object_component>
      <object_component id="oc-bb">
         <name>.cinit</name>
         <load_address>0x8204f</load_address>
         <run_address>0x8204f</run_address>
         <size>0xe</size>
         <input_file_ref idref="fl-2d"/>
      </object_component>
      <object_component id="oc-19d">
         <name>.cinit:__lock</name>
         <load_address>0x8205d</load_address>
         <run_address>0x8205d</run_address>
         <size>0x5</size>
         <input_file_ref idref="fl-2e"/>
      </object_component>
      <object_component id="oc-1a8">
         <name>.cinit:__unlock</name>
         <load_address>0x82062</load_address>
         <run_address>0x82062</run_address>
         <size>0x5</size>
         <input_file_ref idref="fl-2e"/>
      </object_component>
      <object_component id="oc-d8">
         <name>.cinit</name>
         <load_address>0x82067</load_address>
         <run_address>0x82067</run_address>
         <size>0x4</size>
         <input_file_ref idref="fl-33"/>
      </object_component>
      <object_component id="oc-109">
         <name>.cinit</name>
         <load_address>0x8206b</load_address>
         <run_address>0x8206b</run_address>
         <size>0x4</size>
         <input_file_ref idref="fl-3d"/>
      </object_component>
      <object_component id="oc-123">
         <name>.cinit</name>
         <load_address>0x8206f</load_address>
         <run_address>0x8206f</run_address>
         <size>0x4</size>
         <input_file_ref idref="fl-42"/>
      </object_component>
      <object_component id="oc-e6">
         <name>.cinit</name>
         <load_address>0x82073</load_address>
         <run_address>0x82073</run_address>
         <size>0x4</size>
         <input_file_ref idref="fl-36"/>
      </object_component>
      <object_component id="oc-162">
         <name>.cinit</name>
         <load_address>0x82077</load_address>
         <run_address>0x82077</run_address>
         <size>0x4</size>
         <input_file_ref idref="fl-4e"/>
      </object_component>
      <object_component id="oc-1b7">
         <name>.text</name>
         <load_address>0x84000</load_address>
         <run_address>0x84000</run_address>
         <size>0x6d0</size>
         <input_file_ref idref="fl-15"/>
      </object_component>
      <object_component id="oc-1ae">
         <name>.text:__TI_printfi</name>
         <load_address>0x846d0</load_address>
         <run_address>0x846d0</run_address>
         <size>0x5f5</size>
         <input_file_ref idref="fl-15"/>
      </object_component>
      <object_component id="oc-1a3">
         <name>.text</name>
         <load_address>0x84cc5</load_address>
         <run_address>0x84cc5</run_address>
         <size>0x28c</size>
         <input_file_ref idref="fl-36"/>
      </object_component>
      <object_component id="oc-19b">
         <name>.text</name>
         <load_address>0x84f51</load_address>
         <run_address>0x84f51</run_address>
         <size>0x267</size>
         <input_file_ref idref="fl-1"/>
      </object_component>
      <object_component id="oc-1c4">
         <name>.text</name>
         <load_address>0x851b8</load_address>
         <run_address>0x851b8</run_address>
         <size>0x121</size>
         <input_file_ref idref="fl-42"/>
      </object_component>
      <object_component id="oc-8d">
         <name>.text</name>
         <load_address>0x852d9</load_address>
         <run_address>0x852d9</run_address>
         <size>0x107</size>
         <input_file_ref idref="fl-24"/>
      </object_component>
      <object_component id="oc-1c1">
         <name>.text</name>
         <load_address>0x853e0</load_address>
         <run_address>0x853e0</run_address>
         <size>0xa9</size>
         <input_file_ref idref="fl-3f"/>
      </object_component>
      <object_component id="oc-1aa">
         <name>.text</name>
         <load_address>0x85489</load_address>
         <run_address>0x85489</run_address>
         <size>0xa8</size>
         <input_file_ref idref="fl-17"/>
      </object_component>
      <object_component id="oc-12e">
         <name>.text</name>
         <load_address>0x85531</load_address>
         <run_address>0x85531</run_address>
         <size>0x9c</size>
         <input_file_ref idref="fl-44"/>
      </object_component>
      <object_component id="oc-197">
         <name>.text</name>
         <load_address>0x855cd</load_address>
         <run_address>0x855cd</run_address>
         <size>0x1</size>
         <input_file_ref idref="fl-2c"/>
      </object_component>
      <object_component id="oc-1d6">
         <name>.text</name>
         <load_address>0x855ce</load_address>
         <run_address>0x855ce</run_address>
         <size>0x95</size>
         <input_file_ref idref="fl-4d"/>
      </object_component>
      <object_component id="oc-a1">
         <name>.text</name>
         <load_address>0x85663</load_address>
         <run_address>0x85663</run_address>
         <size>0x8b</size>
         <input_file_ref idref="fl-28"/>
      </object_component>
      <object_component id="oc-7e">
         <name>.text</name>
         <load_address>0x856ee</load_address>
         <run_address>0x856ee</run_address>
         <size>0x88</size>
         <input_file_ref idref="fl-21"/>
      </object_component>
      <object_component id="oc-65">
         <name>.text</name>
         <load_address>0x85776</load_address>
         <run_address>0x85776</run_address>
         <size>0x83</size>
         <input_file_ref idref="fl-1c"/>
      </object_component>
      <object_component id="oc-1bb">
         <name>.text</name>
         <load_address>0x857f9</load_address>
         <run_address>0x857f9</run_address>
         <size>0x7c</size>
         <input_file_ref idref="fl-19"/>
      </object_component>
      <object_component id="oc-1b1">
         <name>.text</name>
         <load_address>0x85875</load_address>
         <run_address>0x85875</run_address>
         <size>0x73</size>
         <input_file_ref idref="fl-41"/>
      </object_component>
      <object_component id="oc-1c8">
         <name>.text</name>
         <load_address>0x858e8</load_address>
         <run_address>0x858e8</run_address>
         <size>0x71</size>
         <input_file_ref idref="fl-4e"/>
      </object_component>
      <object_component id="oc-1a5">
         <name>.text</name>
         <load_address>0x85959</load_address>
         <run_address>0x85959</run_address>
         <size>0x66</size>
         <input_file_ref idref="fl-13"/>
      </object_component>
      <object_component id="oc-1b0">
         <name>.text</name>
         <load_address>0x859bf</load_address>
         <run_address>0x859bf</run_address>
         <size>0x65</size>
         <input_file_ref idref="fl-18"/>
      </object_component>
      <object_component id="oc-1a4">
         <name>.text</name>
         <load_address>0x85a24</load_address>
         <run_address>0x85a24</run_address>
         <size>0x63</size>
         <input_file_ref idref="fl-12"/>
      </object_component>
      <object_component id="oc-1c9">
         <name>.text</name>
         <load_address>0x85a87</load_address>
         <run_address>0x85a87</run_address>
         <size>0x5d</size>
         <input_file_ref idref="fl-51"/>
      </object_component>
      <object_component id="oc-1ce">
         <name>.text</name>
         <load_address>0x85ae4</load_address>
         <run_address>0x85ae4</run_address>
         <size>0x5b</size>
         <input_file_ref idref="fl-47"/>
      </object_component>
      <object_component id="oc-1c0">
         <name>.text</name>
         <load_address>0x85b3f</load_address>
         <run_address>0x85b3f</run_address>
         <size>0x5a</size>
         <input_file_ref idref="fl-3e"/>
      </object_component>
      <object_component id="oc-23">
         <name>.text</name>
         <load_address>0x85b99</load_address>
         <run_address>0x85b99</run_address>
         <size>0x56</size>
         <input_file_ref idref="fl-1a"/>
      </object_component>
      <object_component id="oc-1a9">
         <name>.text</name>
         <load_address>0x85bef</load_address>
         <run_address>0x85bef</run_address>
         <size>0x53</size>
         <input_file_ref idref="fl-16"/>
      </object_component>
      <object_component id="oc-1d1">
         <name>.text</name>
         <load_address>0x85c42</load_address>
         <run_address>0x85c42</run_address>
         <size>0x51</size>
         <input_file_ref idref="fl-52"/>
      </object_component>
      <object_component id="oc-1d0">
         <name>.text</name>
         <load_address>0x85c93</load_address>
         <run_address>0x85c93</run_address>
         <size>0x3e</size>
         <input_file_ref idref="fl-4a"/>
      </object_component>
      <object_component id="oc-1ba">
         <name>.text</name>
         <load_address>0x85cd1</load_address>
         <run_address>0x85cd1</run_address>
         <size>0x3d</size>
         <input_file_ref idref="fl-43"/>
      </object_component>
      <object_component id="oc-1ca">
         <name>.text</name>
         <load_address>0x85d0e</load_address>
         <run_address>0x85d0e</run_address>
         <size>0x38</size>
         <input_file_ref idref="fl-48"/>
      </object_component>
      <object_component id="oc-1cd">
         <name>.text</name>
         <load_address>0x85d46</load_address>
         <run_address>0x85d46</run_address>
         <size>0x37</size>
         <input_file_ref idref="fl-4c"/>
      </object_component>
      <object_component id="oc-1cc">
         <name>.text</name>
         <load_address>0x85d7d</load_address>
         <run_address>0x85d7d</run_address>
         <size>0x36</size>
         <input_file_ref idref="fl-49"/>
      </object_component>
      <object_component id="oc-19e">
         <name>.text</name>
         <load_address>0x85db3</load_address>
         <run_address>0x85db3</run_address>
         <size>0x34</size>
         <input_file_ref idref="fl-14"/>
      </object_component>
      <object_component id="oc-1d2">
         <name>.text</name>
         <load_address>0x85de7</load_address>
         <run_address>0x85de7</run_address>
         <size>0x33</size>
         <input_file_ref idref="fl-56"/>
      </object_component>
      <object_component id="oc-1b5">
         <name>.text</name>
         <load_address>0x85e1a</load_address>
         <run_address>0x85e1a</run_address>
         <size>0x31</size>
         <input_file_ref idref="fl-31"/>
      </object_component>
      <object_component id="oc-1bf">
         <name>.text</name>
         <load_address>0x85e4b</load_address>
         <run_address>0x85e4b</run_address>
         <size>0x30</size>
         <input_file_ref idref="fl-2f"/>
      </object_component>
      <object_component id="oc-60">
         <name>.text</name>
         <load_address>0x85e7b</load_address>
         <run_address>0x85e7b</run_address>
         <size>0x2a</size>
         <input_file_ref idref="fl-1b"/>
      </object_component>
      <object_component id="oc-133">
         <name>.text</name>
         <load_address>0x85ea5</load_address>
         <run_address>0x85ea5</run_address>
         <size>0x2a</size>
         <input_file_ref idref="fl-45"/>
      </object_component>
      <object_component id="oc-199">
         <name>.text</name>
         <load_address>0x85ecf</load_address>
         <run_address>0x85ecf</run_address>
         <size>0x29</size>
         <input_file_ref idref="fl-2d"/>
      </object_component>
      <object_component id="oc-1a0">
         <name>.text</name>
         <load_address>0x85ef8</load_address>
         <run_address>0x85ef8</run_address>
         <size>0x27</size>
         <input_file_ref idref="fl-11"/>
      </object_component>
      <object_component id="oc-1cb">
         <name>.text</name>
         <load_address>0x85f1f</load_address>
         <run_address>0x85f1f</run_address>
         <size>0x27</size>
         <input_file_ref idref="fl-46"/>
      </object_component>
      <object_component id="oc-196">
         <name>.text</name>
         <load_address>0x85f46</load_address>
         <run_address>0x85f46</run_address>
         <size>0x24</size>
         <input_file_ref idref="fl-29"/>
      </object_component>
      <object_component id="oc-1cf">
         <name>.text</name>
         <load_address>0x85f6a</load_address>
         <run_address>0x85f6a</run_address>
         <size>0x24</size>
         <input_file_ref idref="fl-4b"/>
      </object_component>
      <object_component id="oc-1c7">
         <name>.text</name>
         <load_address>0x85f8e</load_address>
         <run_address>0x85f8e</run_address>
         <size>0x24</size>
         <input_file_ref idref="fl-50"/>
      </object_component>
      <object_component id="oc-74">
         <name>.text</name>
         <load_address>0x85fb2</load_address>
         <run_address>0x85fb2</run_address>
         <size>0x21</size>
         <input_file_ref idref="fl-1f"/>
      </object_component>
      <object_component id="oc-79">
         <name>.text</name>
         <load_address>0x85fd3</load_address>
         <run_address>0x85fd3</run_address>
         <size>0x1f</size>
         <input_file_ref idref="fl-20"/>
      </object_component>
      <object_component id="oc-6f">
         <name>.text</name>
         <load_address>0x85ff2</load_address>
         <run_address>0x85ff2</run_address>
         <size>0xe</size>
         <input_file_ref idref="fl-1e"/>
      </object_component>
      <object_component id="oc-88">
         <name>.text</name>
         <load_address>0x86000</load_address>
         <run_address>0x86000</run_address>
         <size>0x1e</size>
         <input_file_ref idref="fl-23"/>
      </object_component>
      <object_component id="oc-92">
         <name>.text</name>
         <load_address>0x8601e</load_address>
         <run_address>0x8601e</run_address>
         <size>0x1d</size>
         <input_file_ref idref="fl-25"/>
      </object_component>
      <object_component id="oc-19a">
         <name>.text</name>
         <load_address>0x8603b</load_address>
         <run_address>0x8603b</run_address>
         <size>0x1d</size>
         <input_file_ref idref="fl-2a"/>
      </object_component>
      <object_component id="oc-9c">
         <name>.text</name>
         <load_address>0x86058</load_address>
         <run_address>0x86058</run_address>
         <size>0x1c</size>
         <input_file_ref idref="fl-27"/>
      </object_component>
      <object_component id="oc-97">
         <name>.text</name>
         <load_address>0x86074</load_address>
         <run_address>0x86074</run_address>
         <size>0x1c</size>
         <input_file_ref idref="fl-26"/>
      </object_component>
      <object_component id="oc-1d9">
         <name>.text</name>
         <load_address>0x86090</load_address>
         <run_address>0x86090</run_address>
         <size>0x19</size>
         <input_file_ref idref="fl-57"/>
      </object_component>
      <object_component id="oc-1b2">
         <name>.text</name>
         <load_address>0x860a9</load_address>
         <run_address>0x860a9</run_address>
         <size>0x19</size>
         <input_file_ref idref="fl-3b"/>
      </object_component>
      <object_component id="oc-83">
         <name>.text</name>
         <load_address>0x860c2</load_address>
         <run_address>0x860c2</run_address>
         <size>0x18</size>
         <input_file_ref idref="fl-22"/>
      </object_component>
      <object_component id="oc-1c3">
         <name>.text</name>
         <load_address>0x860da</load_address>
         <run_address>0x860da</run_address>
         <size>0x18</size>
         <input_file_ref idref="fl-4f"/>
      </object_component>
      <object_component id="oc-1d8">
         <name>.text</name>
         <load_address>0x860f2</load_address>
         <run_address>0x860f2</run_address>
         <size>0x15</size>
         <input_file_ref idref="fl-54"/>
      </object_component>
      <object_component id="oc-198">
         <name>.text</name>
         <load_address>0x86107</load_address>
         <run_address>0x86107</run_address>
         <size>0x12</size>
         <input_file_ref idref="fl-30"/>
      </object_component>
      <object_component id="oc-1b8">
         <name>.text</name>
         <load_address>0x86119</load_address>
         <run_address>0x86119</run_address>
         <size>0x10</size>
         <input_file_ref idref="fl-34"/>
      </object_component>
      <object_component id="oc-1b4">
         <name>.text</name>
         <load_address>0x86129</load_address>
         <run_address>0x86129</run_address>
         <size>0xd</size>
         <input_file_ref idref="fl-35"/>
      </object_component>
      <object_component id="oc-1c2">
         <name>.text</name>
         <load_address>0x86136</load_address>
         <run_address>0x86136</run_address>
         <size>0xc</size>
         <input_file_ref idref="fl-38"/>
      </object_component>
      <object_component id="oc-1d7">
         <name>.text</name>
         <load_address>0x86142</load_address>
         <run_address>0x86142</run_address>
         <size>0xa</size>
         <input_file_ref idref="fl-53"/>
      </object_component>
      <object_component id="oc-1a7">
         <name>.text</name>
         <load_address>0x8614c</load_address>
         <run_address>0x8614c</run_address>
         <size>0x9</size>
         <input_file_ref idref="fl-2e"/>
      </object_component>
      <object_component id="oc-6a">
         <name>.text</name>
         <load_address>0x86155</load_address>
         <run_address>0x86155</run_address>
         <size>0x9</size>
         <input_file_ref idref="fl-1d"/>
      </object_component>
      <object_component id="oc-1b9">
         <name>.text</name>
         <load_address>0x8615e</load_address>
         <run_address>0x8615e</run_address>
         <size>0x9</size>
         <input_file_ref idref="fl-40"/>
      </object_component>
      <object_component id="oc-1b3">
         <name>.text</name>
         <load_address>0x86167</load_address>
         <run_address>0x86167</run_address>
         <size>0x8</size>
         <input_file_ref idref="fl-3a"/>
      </object_component>
      <object_component id="oc-1af">
         <name>.text</name>
         <load_address>0x8616f</load_address>
         <run_address>0x8616f</run_address>
         <size>0x7</size>
         <input_file_ref idref="fl-37"/>
      </object_component>
      <object_component id="oc-1b6">
         <name>.text</name>
         <load_address>0x86176</load_address>
         <run_address>0x86176</run_address>
         <size>0x5</size>
         <input_file_ref idref="fl-39"/>
      </object_component>
      <object_component id="oc-1d4">
         <name>.text</name>
         <load_address>0x8617b</load_address>
         <run_address>0x8617b</run_address>
         <size>0x3</size>
         <input_file_ref idref="fl-55"/>
      </object_component>
      <object_component id="oc-195">
         <name>.text</name>
         <load_address>0x8617e</load_address>
         <run_address>0x8617e</run_address>
         <size>0x2</size>
         <input_file_ref idref="fl-2b"/>
      </object_component>
      <object_component id="oc-5a">
         <name>.stack</name>
         <uninitialized>true</uninitialized>
         <run_address>0x400</run_address>
         <size>0x0</size>
         <input_file_ref idref="fl-1a"/>
      </object_component>
      <object_component id="oc-204">
         <name>.stack</name>
         <uninitialized>true</uninitialized>
         <run_address>0x400</run_address>
         <size>0x0</size>
      </object_component>
      <object_component id="oc-5b">
         <name>.reset</name>
         <load_address>0x3fffc0</load_address>
         <run_address>0x3fffc0</run_address>
         <size>0x2</size>
         <input_file_ref idref="fl-1a"/>
      </object_component>
      <object_component id="oc-15c">
         <name>.cio</name>
         <uninitialized>true</uninitialized>
         <run_address>0x1b000</run_address>
         <size>0x120</size>
         <input_file_ref idref="fl-4d"/>
      </object_component>
      <object_component id="oc-1a1">
         <name>.ebss:_magnitudes</name>
         <uninitialized>true</uninitialized>
         <run_address>0xc000</run_address>
         <size>0x800</size>
         <input_file_ref idref="fl-1"/>
      </object_component>
      <object_component id="oc-1a2">
         <name>.ebss:_magnitudes_Fixed</name>
         <uninitialized>true</uninitialized>
         <run_address>0xc800</run_address>
         <size>0x800</size>
         <input_file_ref idref="fl-1"/>
      </object_component>
      <object_component id="oc-1a6">
         <name>.ebss:_signal_samples</name>
         <uninitialized>true</uninitialized>
         <run_address>0xd000</run_address>
         <size>0x800</size>
         <input_file_ref idref="fl-1"/>
      </object_component>
      <object_component id="oc-19f">
         <name>.ebss:_signal_samples_Fixed</name>
         <uninitialized>true</uninitialized>
         <run_address>0xd800</run_address>
         <size>0x800</size>
         <input_file_ref idref="fl-1"/>
      </object_component>
      <object_component id="oc-1d3">
         <name>.ebss:___TI_tmpnams</name>
         <uninitialized>true</uninitialized>
         <run_address>0xe000</run_address>
         <size>0xa0</size>
         <input_file_ref idref="fl-33"/>
      </object_component>
      <object_component id="oc-1d5">
         <name>.ebss:_parmbuf</name>
         <uninitialized>true</uninitialized>
         <run_address>0xe0a0</run_address>
         <size>0x8</size>
         <input_file_ref idref="fl-48"/>
      </object_component>
      <object_component id="oc-bc">
         <name>.ebss</name>
         <uninitialized>true</uninitialized>
         <run_address>0xe0a8</run_address>
         <size>0x6</size>
         <input_file_ref idref="fl-2d"/>
      </object_component>
      <object_component id="oc-e7">
         <name>.ebss</name>
         <uninitialized>true</uninitialized>
         <run_address>0xe0ae</run_address>
         <size>0x4</size>
         <input_file_ref idref="fl-36"/>
      </object_component>
      <object_component id="oc-19c">
         <name>.ebss:__lock</name>
         <uninitialized>true</uninitialized>
         <run_address>0xe0b2</run_address>
         <size>0x2</size>
         <input_file_ref idref="fl-2e"/>
      </object_component>
      <object_component id="oc-1ad">
         <name>.ebss:__unlock</name>
         <uninitialized>true</uninitialized>
         <run_address>0xe0b4</run_address>
         <size>0x2</size>
         <input_file_ref idref="fl-2e"/>
      </object_component>
      <object_component id="oc-d9">
         <name>.ebss</name>
         <uninitialized>true</uninitialized>
         <run_address>0xe0b6</run_address>
         <size>0x1</size>
         <input_file_ref idref="fl-33"/>
      </object_component>
      <object_component id="oc-10a">
         <name>.ebss</name>
         <uninitialized>true</uninitialized>
         <run_address>0xe0b7</run_address>
         <size>0x1</size>
         <input_file_ref idref="fl-3d"/>
      </object_component>
      <object_component id="oc-124">
         <name>.ebss</name>
         <uninitialized>true</uninitialized>
         <run_address>0xe0b8</run_address>
         <size>0x1</size>
         <input_file_ref idref="fl-42"/>
      </object_component>
      <object_component id="oc-163">
         <name>.ebss</name>
         <uninitialized>true</uninitialized>
         <run_address>0xe0b9</run_address>
         <size>0x1</size>
         <input_file_ref idref="fl-4e"/>
      </object_component>
      <object_component id="oc-1ab">
         <name>.ebss:__ftable</name>
         <uninitialized>true</uninitialized>
         <run_address>0xe0c0</run_address>
         <size>0x78</size>
         <input_file_ref idref="fl-33"/>
      </object_component>
      <object_component id="oc-1c5">
         <name>.ebss:__device</name>
         <uninitialized>true</uninitialized>
         <run_address>0xe140</run_address>
         <size>0x48</size>
         <input_file_ref idref="fl-3c"/>
      </object_component>
      <object_component id="oc-1bc">
         <name>.ebss:__stream</name>
         <uninitialized>true</uninitialized>
         <run_address>0xe188</run_address>
         <size>0x28</size>
         <input_file_ref idref="fl-3c"/>
      </object_component>
      <object_component id="oc-e8">
         <name>.esysmem</name>
         <uninitialized>true</uninitialized>
         <run_address>0x17000</run_address>
         <size>0x4</size>
         <input_file_ref idref="fl-36"/>
      </object_component>
      <object_component id="oc-205">
         <name>.esysmem</name>
         <uninitialized>true</uninitialized>
         <run_address>0x17000</run_address>
         <size>0x0</size>
      </object_component>
      <object_component id="oc-1be">
         <name>.econst:.string:__ctypes_</name>
         <load_address>0x90000</load_address>
         <run_address>0x90000</run_address>
         <size>0x101</size>
         <input_file_ref idref="fl-32"/>
      </object_component>
      <object_component id="oc-25">
         <name>.econst:.string</name>
         <load_address>0x90102</load_address>
         <run_address>0x90102</run_address>
         <size>0x42</size>
         <input_file_ref idref="fl-1"/>
      </object_component>
      <object_component id="oc-40">
         <name>.econst:.string</name>
         <load_address>0x90144</load_address>
         <run_address>0x90144</run_address>
         <size>0x26</size>
         <input_file_ref idref="fl-15"/>
      </object_component>
      <object_component id="oc-3f">
         <name>.econst</name>
         <load_address>0x9016a</load_address>
         <run_address>0x9016a</run_address>
         <size>0x1c</size>
         <input_file_ref idref="fl-15"/>
      </object_component>
      <object_component id="oc-113">
         <name>.econst</name>
         <load_address>0x90186</load_address>
         <run_address>0x90186</run_address>
         <size>0x1c</size>
         <input_file_ref idref="fl-3f"/>
      </object_component>
      <object_component id="oc-10d">
         <name>.econst</name>
         <load_address>0x901a2</load_address>
         <run_address>0x901a2</run_address>
         <size>0x8</size>
         <input_file_ref idref="fl-3e"/>
      </object_component>
      <object_component id="oc-4b">
         <name>.econst:.string</name>
         <load_address>0x901aa</load_address>
         <run_address>0x901aa</run_address>
         <size>0x2</size>
         <input_file_ref idref="fl-17"/>
      </object_component>
      <object_component id="oc-24">
         <name>.debug_info</name>
         <load_address>0x0</load_address>
         <run_address>0x0</run_address>
         <size>0xc51</size>
         <input_file_ref idref="fl-1"/>
      </object_component>
      <object_component id="oc-2a">
         <name>.debug_info</name>
         <load_address>0xc51</load_address>
         <run_address>0xc51</run_address>
         <size>0x3db</size>
         <input_file_ref idref="fl-11"/>
      </object_component>
      <object_component id="oc-2f">
         <name>.debug_info</name>
         <load_address>0x102c</load_address>
         <run_address>0x102c</run_address>
         <size>0x3cf</size>
         <input_file_ref idref="fl-12"/>
      </object_component>
      <object_component id="oc-34">
         <name>.debug_info</name>
         <load_address>0x13fb</load_address>
         <run_address>0x13fb</run_address>
         <size>0x3e1</size>
         <input_file_ref idref="fl-13"/>
      </object_component>
      <object_component id="oc-39">
         <name>.debug_info</name>
         <load_address>0x17dc</load_address>
         <run_address>0x17dc</run_address>
         <size>0x714</size>
         <input_file_ref idref="fl-14"/>
      </object_component>
      <object_component id="oc-3e">
         <name>.debug_info</name>
         <load_address>0x1ef0</load_address>
         <run_address>0x1ef0</run_address>
         <size>0x2a4f</size>
         <input_file_ref idref="fl-15"/>
      </object_component>
      <object_component id="oc-45">
         <name>.debug_info</name>
         <load_address>0x493f</load_address>
         <run_address>0x493f</run_address>
         <size>0x641</size>
         <input_file_ref idref="fl-16"/>
      </object_component>
      <object_component id="oc-4a">
         <name>.debug_info</name>
         <load_address>0x4f80</load_address>
         <run_address>0x4f80</run_address>
         <size>0x7f6</size>
         <input_file_ref idref="fl-17"/>
      </object_component>
      <object_component id="oc-50">
         <name>.debug_info</name>
         <load_address>0x5776</load_address>
         <run_address>0x5776</run_address>
         <size>0x5c0</size>
         <input_file_ref idref="fl-18"/>
      </object_component>
      <object_component id="oc-55">
         <name>.debug_info</name>
         <load_address>0x5d36</load_address>
         <run_address>0x5d36</run_address>
         <size>0x609</size>
         <input_file_ref idref="fl-19"/>
      </object_component>
      <object_component id="oc-5c">
         <name>.debug_info</name>
         <load_address>0x633f</load_address>
         <run_address>0x633f</run_address>
         <size>0x173</size>
         <input_file_ref idref="fl-1a"/>
      </object_component>
      <object_component id="oc-61">
         <name>.debug_info</name>
         <load_address>0x64b2</load_address>
         <run_address>0x64b2</run_address>
         <size>0x120</size>
         <input_file_ref idref="fl-1b"/>
      </object_component>
      <object_component id="oc-66">
         <name>.debug_info</name>
         <load_address>0x65d2</load_address>
         <run_address>0x65d2</run_address>
         <size>0x114</size>
         <input_file_ref idref="fl-1c"/>
      </object_component>
      <object_component id="oc-6b">
         <name>.debug_info</name>
         <load_address>0x66e6</load_address>
         <run_address>0x66e6</run_address>
         <size>0x114</size>
         <input_file_ref idref="fl-1d"/>
      </object_component>
      <object_component id="oc-70">
         <name>.debug_info</name>
         <load_address>0x67fa</load_address>
         <run_address>0x67fa</run_address>
         <size>0x122</size>
         <input_file_ref idref="fl-1e"/>
      </object_component>
      <object_component id="oc-75">
         <name>.debug_info</name>
         <load_address>0x691c</load_address>
         <run_address>0x691c</run_address>
         <size>0x114</size>
         <input_file_ref idref="fl-1f"/>
      </object_component>
      <object_component id="oc-7a">
         <name>.debug_info</name>
         <load_address>0x6a30</load_address>
         <run_address>0x6a30</run_address>
         <size>0x114</size>
         <input_file_ref idref="fl-20"/>
      </object_component>
      <object_component id="oc-7f">
         <name>.debug_info</name>
         <load_address>0x6b44</load_address>
         <run_address>0x6b44</run_address>
         <size>0x114</size>
         <input_file_ref idref="fl-21"/>
      </object_component>
      <object_component id="oc-84">
         <name>.debug_info</name>
         <load_address>0x6c58</load_address>
         <run_address>0x6c58</run_address>
         <size>0x176</size>
         <input_file_ref idref="fl-22"/>
      </object_component>
      <object_component id="oc-89">
         <name>.debug_info</name>
         <load_address>0x6dce</load_address>
         <run_address>0x6dce</run_address>
         <size>0x14e</size>
         <input_file_ref idref="fl-23"/>
      </object_component>
      <object_component id="oc-8e">
         <name>.debug_info</name>
         <load_address>0x6f1c</load_address>
         <run_address>0x6f1c</run_address>
         <size>0x231</size>
         <input_file_ref idref="fl-24"/>
      </object_component>
      <object_component id="oc-93">
         <name>.debug_info</name>
         <load_address>0x714d</load_address>
         <run_address>0x714d</run_address>
         <size>0x118</size>
         <input_file_ref idref="fl-25"/>
      </object_component>
      <object_component id="oc-98">
         <name>.debug_info</name>
         <load_address>0x7265</load_address>
         <run_address>0x7265</run_address>
         <size>0x118</size>
         <input_file_ref idref="fl-26"/>
      </object_component>
      <object_component id="oc-9d">
         <name>.debug_info</name>
         <load_address>0x737d</load_address>
         <run_address>0x737d</run_address>
         <size>0x11a</size>
         <input_file_ref idref="fl-27"/>
      </object_component>
      <object_component id="oc-a2">
         <name>.debug_info</name>
         <load_address>0x7497</load_address>
         <run_address>0x7497</run_address>
         <size>0x114</size>
         <input_file_ref idref="fl-28"/>
      </object_component>
      <object_component id="oc-a6">
         <name>.debug_info</name>
         <load_address>0x75ab</load_address>
         <run_address>0x75ab</run_address>
         <size>0x561</size>
         <input_file_ref idref="fl-29"/>
      </object_component>
      <object_component id="oc-ab">
         <name>.debug_info</name>
         <load_address>0x7b0c</load_address>
         <run_address>0x7b0c</run_address>
         <size>0x43a</size>
         <input_file_ref idref="fl-2a"/>
      </object_component>
      <object_component id="oc-b0">
         <name>.debug_info</name>
         <load_address>0x7f46</load_address>
         <run_address>0x7f46</run_address>
         <size>0x3ad</size>
         <input_file_ref idref="fl-2b"/>
      </object_component>
      <object_component id="oc-b5">
         <name>.debug_info</name>
         <load_address>0x82f3</load_address>
         <run_address>0x82f3</run_address>
         <size>0x3aa</size>
         <input_file_ref idref="fl-2c"/>
      </object_component>
      <object_component id="oc-ba">
         <name>.debug_info</name>
         <load_address>0x869d</load_address>
         <run_address>0x869d</run_address>
         <size>0x544</size>
         <input_file_ref idref="fl-2d"/>
      </object_component>
      <object_component id="oc-c1">
         <name>.debug_info</name>
         <load_address>0x8be1</load_address>
         <run_address>0x8be1</run_address>
         <size>0x4cc</size>
         <input_file_ref idref="fl-2e"/>
      </object_component>
      <object_component id="oc-c6">
         <name>.debug_info</name>
         <load_address>0x90ad</load_address>
         <run_address>0x90ad</run_address>
         <size>0x46c</size>
         <input_file_ref idref="fl-2f"/>
      </object_component>
      <object_component id="oc-cb">
         <name>.debug_info</name>
         <load_address>0x9519</load_address>
         <run_address>0x9519</run_address>
         <size>0x467</size>
         <input_file_ref idref="fl-30"/>
      </object_component>
      <object_component id="oc-d0">
         <name>.debug_info</name>
         <load_address>0x9980</load_address>
         <run_address>0x9980</run_address>
         <size>0x41f</size>
         <input_file_ref idref="fl-31"/>
      </object_component>
      <object_component id="oc-d5">
         <name>.debug_info</name>
         <load_address>0x9d9f</load_address>
         <run_address>0x9d9f</run_address>
         <size>0x1e7</size>
         <input_file_ref idref="fl-32"/>
      </object_component>
      <object_component id="oc-d7">
         <name>.debug_info</name>
         <load_address>0x9f86</load_address>
         <run_address>0x9f86</run_address>
         <size>0x2e2</size>
         <input_file_ref idref="fl-33"/>
      </object_component>
      <object_component id="oc-db">
         <name>.debug_info</name>
         <load_address>0xa268</load_address>
         <run_address>0xa268</run_address>
         <size>0x45e</size>
         <input_file_ref idref="fl-34"/>
      </object_component>
      <object_component id="oc-e0">
         <name>.debug_info</name>
         <load_address>0xa6c6</load_address>
         <run_address>0xa6c6</run_address>
         <size>0x4d6</size>
         <input_file_ref idref="fl-35"/>
      </object_component>
      <object_component id="oc-e5">
         <name>.debug_info</name>
         <load_address>0xab9c</load_address>
         <run_address>0xab9c</run_address>
         <size>0xf62</size>
         <input_file_ref idref="fl-36"/>
      </object_component>
      <object_component id="oc-ed">
         <name>.debug_info</name>
         <load_address>0xbafe</load_address>
         <run_address>0xbafe</run_address>
         <size>0x502</size>
         <input_file_ref idref="fl-37"/>
      </object_component>
      <object_component id="oc-f2">
         <name>.debug_info</name>
         <load_address>0xc000</load_address>
         <run_address>0xc000</run_address>
         <size>0x4f1</size>
         <input_file_ref idref="fl-38"/>
      </object_component>
      <object_component id="oc-f7">
         <name>.debug_info</name>
         <load_address>0xc4f1</load_address>
         <run_address>0xc4f1</run_address>
         <size>0x4e5</size>
         <input_file_ref idref="fl-39"/>
      </object_component>
      <object_component id="oc-fc">
         <name>.debug_info</name>
         <load_address>0xc9d6</load_address>
         <run_address>0xc9d6</run_address>
         <size>0x4aa</size>
         <input_file_ref idref="fl-3a"/>
      </object_component>
      <object_component id="oc-101">
         <name>.debug_info</name>
         <load_address>0xce80</load_address>
         <run_address>0xce80</run_address>
         <size>0x644</size>
         <input_file_ref idref="fl-3b"/>
      </object_component>
      <object_component id="oc-106">
         <name>.debug_info</name>
         <load_address>0xd4c4</load_address>
         <run_address>0xd4c4</run_address>
         <size>0x54e</size>
         <input_file_ref idref="fl-3c"/>
      </object_component>
      <object_component id="oc-108">
         <name>.debug_info</name>
         <load_address>0xda12</load_address>
         <run_address>0xda12</run_address>
         <size>0x1c6</size>
         <input_file_ref idref="fl-3d"/>
      </object_component>
      <object_component id="oc-10c">
         <name>.debug_info</name>
         <load_address>0xdbd8</load_address>
         <run_address>0xdbd8</run_address>
         <size>0x4a6</size>
         <input_file_ref idref="fl-3e"/>
      </object_component>
      <object_component id="oc-112">
         <name>.debug_info</name>
         <load_address>0xe07e</load_address>
         <run_address>0xe07e</run_address>
         <size>0x532</size>
         <input_file_ref idref="fl-3f"/>
      </object_component>
      <object_component id="oc-118">
         <name>.debug_info</name>
         <load_address>0xe5b0</load_address>
         <run_address>0xe5b0</run_address>
         <size>0x40c</size>
         <input_file_ref idref="fl-40"/>
      </object_component>
      <object_component id="oc-11d">
         <name>.debug_info</name>
         <load_address>0xe9bc</load_address>
         <run_address>0xe9bc</run_address>
         <size>0x62b</size>
         <input_file_ref idref="fl-41"/>
      </object_component>
      <object_component id="oc-122">
         <name>.debug_info</name>
         <load_address>0xefe7</load_address>
         <run_address>0xefe7</run_address>
         <size>0x8e3</size>
         <input_file_ref idref="fl-42"/>
      </object_component>
      <object_component id="oc-129">
         <name>.debug_info</name>
         <load_address>0xf8ca</load_address>
         <run_address>0xf8ca</run_address>
         <size>0x598</size>
         <input_file_ref idref="fl-43"/>
      </object_component>
      <object_component id="oc-12f">
         <name>.debug_info</name>
         <load_address>0xfe62</load_address>
         <run_address>0xfe62</run_address>
         <size>0x114</size>
         <input_file_ref idref="fl-44"/>
      </object_component>
      <object_component id="oc-134">
         <name>.debug_info</name>
         <load_address>0xff76</load_address>
         <run_address>0xff76</run_address>
         <size>0x1a5</size>
         <input_file_ref idref="fl-45"/>
      </object_component>
      <object_component id="oc-138">
         <name>.debug_info</name>
         <load_address>0x1011b</load_address>
         <run_address>0x1011b</run_address>
         <size>0x54f</size>
         <input_file_ref idref="fl-46"/>
      </object_component>
      <object_component id="oc-13d">
         <name>.debug_info</name>
         <load_address>0x1066a</load_address>
         <run_address>0x1066a</run_address>
         <size>0x5a7</size>
         <input_file_ref idref="fl-47"/>
      </object_component>
      <object_component id="oc-142">
         <name>.debug_info</name>
         <load_address>0x10c11</load_address>
         <run_address>0x10c11</run_address>
         <size>0x5d4</size>
         <input_file_ref idref="fl-48"/>
      </object_component>
      <object_component id="oc-147">
         <name>.debug_info</name>
         <load_address>0x111e5</load_address>
         <run_address>0x111e5</run_address>
         <size>0x59c</size>
         <input_file_ref idref="fl-49"/>
      </object_component>
      <object_component id="oc-14c">
         <name>.debug_info</name>
         <load_address>0x11781</load_address>
         <run_address>0x11781</run_address>
         <size>0x631</size>
         <input_file_ref idref="fl-4a"/>
      </object_component>
      <object_component id="oc-151">
         <name>.debug_info</name>
         <load_address>0x11db2</load_address>
         <run_address>0x11db2</run_address>
         <size>0x571</size>
         <input_file_ref idref="fl-4b"/>
      </object_component>
      <object_component id="oc-156">
         <name>.debug_info</name>
         <load_address>0x12323</load_address>
         <run_address>0x12323</run_address>
         <size>0x5a1</size>
         <input_file_ref idref="fl-4c"/>
      </object_component>
      <object_component id="oc-15b">
         <name>.debug_info</name>
         <load_address>0x128c4</load_address>
         <run_address>0x128c4</run_address>
         <size>0x590</size>
         <input_file_ref idref="fl-4d"/>
      </object_component>
      <object_component id="oc-161">
         <name>.debug_info</name>
         <load_address>0x12e54</load_address>
         <run_address>0x12e54</run_address>
         <size>0x751</size>
         <input_file_ref idref="fl-4e"/>
      </object_component>
      <object_component id="oc-168">
         <name>.debug_info</name>
         <load_address>0x135a5</load_address>
         <run_address>0x135a5</run_address>
         <size>0x650</size>
         <input_file_ref idref="fl-4f"/>
      </object_component>
      <object_component id="oc-16d">
         <name>.debug_info</name>
         <load_address>0x13bf5</load_address>
         <run_address>0x13bf5</run_address>
         <size>0x423</size>
         <input_file_ref idref="fl-50"/>
      </object_component>
      <object_component id="oc-172">
         <name>.debug_info</name>
         <load_address>0x14018</load_address>
         <run_address>0x14018</run_address>
         <size>0x6bf</size>
         <input_file_ref idref="fl-51"/>
      </object_component>
      <object_component id="oc-177">
         <name>.debug_info</name>
         <load_address>0x146d7</load_address>
         <run_address>0x146d7</run_address>
         <size>0x78f</size>
         <input_file_ref idref="fl-52"/>
      </object_component>
      <object_component id="oc-17c">
         <name>.debug_info</name>
         <load_address>0x14e66</load_address>
         <run_address>0x14e66</run_address>
         <size>0x4e1</size>
         <input_file_ref idref="fl-53"/>
      </object_component>
      <object_component id="oc-181">
         <name>.debug_info</name>
         <load_address>0x15347</load_address>
         <run_address>0x15347</run_address>
         <size>0x50e</size>
         <input_file_ref idref="fl-54"/>
      </object_component>
      <object_component id="oc-186">
         <name>.debug_info</name>
         <load_address>0x15855</load_address>
         <run_address>0x15855</run_address>
         <size>0x3e5</size>
         <input_file_ref idref="fl-55"/>
      </object_component>
      <object_component id="oc-18b">
         <name>.debug_info</name>
         <load_address>0x15c3a</load_address>
         <run_address>0x15c3a</run_address>
         <size>0x65d</size>
         <input_file_ref idref="fl-56"/>
      </object_component>
      <object_component id="oc-190">
         <name>.debug_info</name>
         <load_address>0x16297</load_address>
         <run_address>0x16297</run_address>
         <size>0x63a</size>
         <input_file_ref idref="fl-57"/>
      </object_component>
      <object_component id="oc-20e">
         <name>.debug_info</name>
         <load_address>0x168d1</load_address>
         <run_address>0x168d1</run_address>
         <size>0xb6</size>
      </object_component>
      <object_component id="oc-26">
         <name>.debug_frame</name>
         <load_address>0x0</load_address>
         <run_address>0x0</run_address>
         <size>0xdc</size>
         <input_file_ref idref="fl-1"/>
      </object_component>
      <object_component id="oc-2b">
         <name>.debug_frame</name>
         <load_address>0xdc</load_address>
         <run_address>0xdc</run_address>
         <size>0x44</size>
         <input_file_ref idref="fl-11"/>
      </object_component>
      <object_component id="oc-30">
         <name>.debug_frame</name>
         <load_address>0x120</load_address>
         <run_address>0x120</run_address>
         <size>0x44</size>
         <input_file_ref idref="fl-12"/>
      </object_component>
      <object_component id="oc-35">
         <name>.debug_frame</name>
         <load_address>0x164</load_address>
         <run_address>0x164</run_address>
         <size>0x64</size>
         <input_file_ref idref="fl-13"/>
      </object_component>
      <object_component id="oc-3a">
         <name>.debug_frame</name>
         <load_address>0x1c8</load_address>
         <run_address>0x1c8</run_address>
         <size>0x7c</size>
         <input_file_ref idref="fl-14"/>
      </object_component>
      <object_component id="oc-41">
         <name>.debug_frame</name>
         <load_address>0x244</load_address>
         <run_address>0x244</run_address>
         <size>0x434</size>
         <input_file_ref idref="fl-15"/>
      </object_component>
      <object_component id="oc-46">
         <name>.debug_frame</name>
         <load_address>0x678</load_address>
         <run_address>0x678</run_address>
         <size>0x70</size>
         <input_file_ref idref="fl-16"/>
      </object_component>
      <object_component id="oc-4c">
         <name>.debug_frame</name>
         <load_address>0x6e8</load_address>
         <run_address>0x6e8</run_address>
         <size>0x88</size>
         <input_file_ref idref="fl-17"/>
      </object_component>
      <object_component id="oc-51">
         <name>.debug_frame</name>
         <load_address>0x770</load_address>
         <run_address>0x770</run_address>
         <size>0x68</size>
         <input_file_ref idref="fl-18"/>
      </object_component>
      <object_component id="oc-56">
         <name>.debug_frame</name>
         <load_address>0x7d8</load_address>
         <run_address>0x7d8</run_address>
         <size>0x60</size>
         <input_file_ref idref="fl-19"/>
      </object_component>
      <object_component id="oc-a7">
         <name>.debug_frame</name>
         <load_address>0x838</load_address>
         <run_address>0x838</run_address>
         <size>0x60</size>
         <input_file_ref idref="fl-29"/>
      </object_component>
      <object_component id="oc-ac">
         <name>.debug_frame</name>
         <load_address>0x898</load_address>
         <run_address>0x898</run_address>
         <size>0x40</size>
         <input_file_ref idref="fl-2a"/>
      </object_component>
      <object_component id="oc-b1">
         <name>.debug_frame</name>
         <load_address>0x8d8</load_address>
         <run_address>0x8d8</run_address>
         <size>0x40</size>
         <input_file_ref idref="fl-2b"/>
      </object_component>
      <object_component id="oc-b6">
         <name>.debug_frame</name>
         <load_address>0x918</load_address>
         <run_address>0x918</run_address>
         <size>0x40</size>
         <input_file_ref idref="fl-2c"/>
      </object_component>
      <object_component id="oc-bd">
         <name>.debug_frame</name>
         <load_address>0x958</load_address>
         <run_address>0x958</run_address>
         <size>0x60</size>
         <input_file_ref idref="fl-2d"/>
      </object_component>
      <object_component id="oc-c2">
         <name>.debug_frame</name>
         <load_address>0x9b8</load_address>
         <run_address>0x9b8</run_address>
         <size>0x70</size>
         <input_file_ref idref="fl-2e"/>
      </object_component>
      <object_component id="oc-c7">
         <name>.debug_frame</name>
         <load_address>0xa28</load_address>
         <run_address>0xa28</run_address>
         <size>0x4c</size>
         <input_file_ref idref="fl-2f"/>
      </object_component>
      <object_component id="oc-cc">
         <name>.debug_frame</name>
         <load_address>0xa74</load_address>
         <run_address>0xa74</run_address>
         <size>0x40</size>
         <input_file_ref idref="fl-30"/>
      </object_component>
      <object_component id="oc-d1">
         <name>.debug_frame</name>
         <load_address>0xab4</load_address>
         <run_address>0xab4</run_address>
         <size>0x40</size>
         <input_file_ref idref="fl-31"/>
      </object_component>
      <object_component id="oc-dc">
         <name>.debug_frame</name>
         <load_address>0xaf4</load_address>
         <run_address>0xaf4</run_address>
         <size>0x40</size>
         <input_file_ref idref="fl-34"/>
      </object_component>
      <object_component id="oc-e1">
         <name>.debug_frame</name>
         <load_address>0xb34</load_address>
         <run_address>0xb34</run_address>
         <size>0x40</size>
         <input_file_ref idref="fl-35"/>
      </object_component>
      <object_component id="oc-e9">
         <name>.debug_frame</name>
         <load_address>0xb74</load_address>
         <run_address>0xb74</run_address>
         <size>0x1c0</size>
         <input_file_ref idref="fl-36"/>
      </object_component>
      <object_component id="oc-ee">
         <name>.debug_frame</name>
         <load_address>0xd34</load_address>
         <run_address>0xd34</run_address>
         <size>0x40</size>
         <input_file_ref idref="fl-37"/>
      </object_component>
      <object_component id="oc-f3">
         <name>.debug_frame</name>
         <load_address>0xd74</load_address>
         <run_address>0xd74</run_address>
         <size>0x44</size>
         <input_file_ref idref="fl-38"/>
      </object_component>
      <object_component id="oc-f8">
         <name>.debug_frame</name>
         <load_address>0xdb8</load_address>
         <run_address>0xdb8</run_address>
         <size>0x40</size>
         <input_file_ref idref="fl-39"/>
      </object_component>
      <object_component id="oc-fd">
         <name>.debug_frame</name>
         <load_address>0xdf8</load_address>
         <run_address>0xdf8</run_address>
         <size>0x40</size>
         <input_file_ref idref="fl-3a"/>
      </object_component>
      <object_component id="oc-102">
         <name>.debug_frame</name>
         <load_address>0xe38</load_address>
         <run_address>0xe38</run_address>
         <size>0x44</size>
         <input_file_ref idref="fl-3b"/>
      </object_component>
      <object_component id="oc-10e">
         <name>.debug_frame</name>
         <load_address>0xe7c</load_address>
         <run_address>0xe7c</run_address>
         <size>0x58</size>
         <input_file_ref idref="fl-3e"/>
      </object_component>
      <object_component id="oc-114">
         <name>.debug_frame</name>
         <load_address>0xed4</load_address>
         <run_address>0xed4</run_address>
         <size>0x58</size>
         <input_file_ref idref="fl-3f"/>
      </object_component>
      <object_component id="oc-119">
         <name>.debug_frame</name>
         <load_address>0xf2c</load_address>
         <run_address>0xf2c</run_address>
         <size>0x40</size>
         <input_file_ref idref="fl-40"/>
      </object_component>
      <object_component id="oc-11e">
         <name>.debug_frame</name>
         <load_address>0xf6c</load_address>
         <run_address>0xf6c</run_address>
         <size>0x80</size>
         <input_file_ref idref="fl-41"/>
      </object_component>
      <object_component id="oc-125">
         <name>.debug_frame</name>
         <load_address>0xfec</load_address>
         <run_address>0xfec</run_address>
         <size>0xd8</size>
         <input_file_ref idref="fl-42"/>
      </object_component>
      <object_component id="oc-12a">
         <name>.debug_frame</name>
         <load_address>0x10c4</load_address>
         <run_address>0x10c4</run_address>
         <size>0x58</size>
         <input_file_ref idref="fl-43"/>
      </object_component>
      <object_component id="oc-139">
         <name>.debug_frame</name>
         <load_address>0x111c</load_address>
         <run_address>0x111c</run_address>
         <size>0x50</size>
         <input_file_ref idref="fl-46"/>
      </object_component>
      <object_component id="oc-13e">
         <name>.debug_frame</name>
         <load_address>0x116c</load_address>
         <run_address>0x116c</run_address>
         <size>0x5c</size>
         <input_file_ref idref="fl-47"/>
      </object_component>
      <object_component id="oc-143">
         <name>.debug_frame</name>
         <load_address>0x11c8</load_address>
         <run_address>0x11c8</run_address>
         <size>0x58</size>
         <input_file_ref idref="fl-48"/>
      </object_component>
      <object_component id="oc-148">
         <name>.debug_frame</name>
         <load_address>0x1220</load_address>
         <run_address>0x1220</run_address>
         <size>0x58</size>
         <input_file_ref idref="fl-49"/>
      </object_component>
      <object_component id="oc-14d">
         <name>.debug_frame</name>
         <load_address>0x1278</load_address>
         <run_address>0x1278</run_address>
         <size>0x58</size>
         <input_file_ref idref="fl-4a"/>
      </object_component>
      <object_component id="oc-152">
         <name>.debug_frame</name>
         <load_address>0x12d0</load_address>
         <run_address>0x12d0</run_address>
         <size>0x50</size>
         <input_file_ref idref="fl-4b"/>
      </object_component>
      <object_component id="oc-157">
         <name>.debug_frame</name>
         <load_address>0x1320</load_address>
         <run_address>0x1320</run_address>
         <size>0x58</size>
         <input_file_ref idref="fl-4c"/>
      </object_component>
      <object_component id="oc-15d">
         <name>.debug_frame</name>
         <load_address>0x1378</load_address>
         <run_address>0x1378</run_address>
         <size>0x78</size>
         <input_file_ref idref="fl-4d"/>
      </object_component>
      <object_component id="oc-164">
         <name>.debug_frame</name>
         <load_address>0x13f0</load_address>
         <run_address>0x13f0</run_address>
         <size>0x60</size>
         <input_file_ref idref="fl-4e"/>
      </object_component>
      <object_component id="oc-169">
         <name>.debug_frame</name>
         <load_address>0x1450</load_address>
         <run_address>0x1450</run_address>
         <size>0x44</size>
         <input_file_ref idref="fl-4f"/>
      </object_component>
      <object_component id="oc-16e">
         <name>.debug_frame</name>
         <load_address>0x1494</load_address>
         <run_address>0x1494</run_address>
         <size>0x44</size>
         <input_file_ref idref="fl-50"/>
      </object_component>
      <object_component id="oc-173">
         <name>.debug_frame</name>
         <load_address>0x14d8</load_address>
         <run_address>0x14d8</run_address>
         <size>0x80</size>
         <input_file_ref idref="fl-51"/>
      </object_component>
      <object_component id="oc-178">
         <name>.debug_frame</name>
         <load_address>0x1558</load_address>
         <run_address>0x1558</run_address>
         <size>0x90</size>
         <input_file_ref idref="fl-52"/>
      </object_component>
      <object_component id="oc-17d">
         <name>.debug_frame</name>
         <load_address>0x15e8</load_address>
         <run_address>0x15e8</run_address>
         <size>0x40</size>
         <input_file_ref idref="fl-53"/>
      </object_component>
      <object_component id="oc-182">
         <name>.debug_frame</name>
         <load_address>0x1628</load_address>
         <run_address>0x1628</run_address>
         <size>0x40</size>
         <input_file_ref idref="fl-54"/>
      </object_component>
      <object_component id="oc-187">
         <name>.debug_frame</name>
         <load_address>0x1668</load_address>
         <run_address>0x1668</run_address>
         <size>0x40</size>
         <input_file_ref idref="fl-55"/>
      </object_component>
      <object_component id="oc-18c">
         <name>.debug_frame</name>
         <load_address>0x16a8</load_address>
         <run_address>0x16a8</run_address>
         <size>0x50</size>
         <input_file_ref idref="fl-56"/>
      </object_component>
      <object_component id="oc-191">
         <name>.debug_frame</name>
         <load_address>0x16f8</load_address>
         <run_address>0x16f8</run_address>
         <size>0x4c</size>
         <input_file_ref idref="fl-57"/>
      </object_component>
      <object_component id="oc-27">
         <name>.debug_line</name>
         <load_address>0x0</load_address>
         <run_address>0x0</run_address>
         <size>0x163</size>
         <input_file_ref idref="fl-1"/>
      </object_component>
      <object_component id="oc-2c">
         <name>.debug_line</name>
         <load_address>0x163</load_address>
         <run_address>0x163</run_address>
         <size>0x57</size>
         <input_file_ref idref="fl-11"/>
      </object_component>
      <object_component id="oc-31">
         <name>.debug_line</name>
         <load_address>0x1ba</load_address>
         <run_address>0x1ba</run_address>
         <size>0x50</size>
         <input_file_ref idref="fl-12"/>
      </object_component>
      <object_component id="oc-36">
         <name>.debug_line</name>
         <load_address>0x20a</load_address>
         <run_address>0x20a</run_address>
         <size>0x60</size>
         <input_file_ref idref="fl-13"/>
      </object_component>
      <object_component id="oc-3b">
         <name>.debug_line</name>
         <load_address>0x26a</load_address>
         <run_address>0x26a</run_address>
         <size>0x84</size>
         <input_file_ref idref="fl-14"/>
      </object_component>
      <object_component id="oc-42">
         <name>.debug_line</name>
         <load_address>0x2ee</load_address>
         <run_address>0x2ee</run_address>
         <size>0xd1d</size>
         <input_file_ref idref="fl-15"/>
      </object_component>
      <object_component id="oc-47">
         <name>.debug_line</name>
         <load_address>0x100b</load_address>
         <run_address>0x100b</run_address>
         <size>0x8f</size>
         <input_file_ref idref="fl-16"/>
      </object_component>
      <object_component id="oc-4d">
         <name>.debug_line</name>
         <load_address>0x109a</load_address>
         <run_address>0x109a</run_address>
         <size>0xed</size>
         <input_file_ref idref="fl-17"/>
      </object_component>
      <object_component id="oc-52">
         <name>.debug_line</name>
         <load_address>0x1187</load_address>
         <run_address>0x1187</run_address>
         <size>0x9f</size>
         <input_file_ref idref="fl-18"/>
      </object_component>
      <object_component id="oc-57">
         <name>.debug_line</name>
         <load_address>0x1226</load_address>
         <run_address>0x1226</run_address>
         <size>0xa5</size>
         <input_file_ref idref="fl-19"/>
      </object_component>
      <object_component id="oc-5d">
[...]
         <name>_magnitudes_Fixed</name>
         <value>0xc800</value>
         <object_component_ref idref="oc-1a2"/>
      </symbol>
      <symbol id="sm-92">
         <name>_magnitudes</name>
         <value>0xc000</value>
         <object_component_ref idref="oc-1a1"/>
      </symbol>
      <symbol id="sm-93">
         <name>_Magnitude</name>
         <value>0x84f6b</value>
         <object_component_ref idref="oc-19b"/>
      </symbol>
      <symbol id="sm-95">
         <name>_complex_mul</name>
         <value>0x850f8</value>
         <object_component_ref idref="oc-19b"/>
      </symbol>
      <symbol id="sm-97">
         <name>_signal_samples</name>
         <value>0xd000</value>
         <object_component_ref idref="oc-1a6"/>
      </symbol>
      <symbol id="sm-98">
         <name>_FFT</name>
         <value>0x84fcb</value>
         <object_component_ref idref="oc-19b"/>
      </symbol>
      <symbol id="sm-9a">
         <name>_signal_samples_Fixed</name>
         <value>0xd800</value>
         <object_component_ref idref="oc-19f"/>
      </symbol>
      <symbol id="sm-9b">
         <name>_complex_add</name>
         <value>0x85141</value>
         <object_component_ref idref="oc-19b"/>
      </symbol>
      <symbol id="sm-ac">
         <name>_sqrtf</name>
         <value>0x85ef8</value>
         <object_component_ref idref="oc-1a0"/>
      </symbol>
      <symbol id="sm-ae">
         <name>_sqrt</name>
         <value>0x85ef8</value>
         <object_component_ref idref="oc-1a0"/>
      </symbol>
      <symbol id="sm-bc">
         <name>_cos</name>
         <value>0x85a24</value>
         <object_component_ref idref="oc-1a4"/>
      </symbol>
      <symbol id="sm-bd">
         <name>_cosf</name>
         <value>0x85a24</value>
         <object_component_ref idref="oc-1a4"/>
      </symbol>
      <symbol id="sm-cb">
         <name>_sin</name>
         <value>0x85959</value>
         <object_component_ref idref="oc-1a5"/>
      </symbol>
      <symbol id="sm-cc">
         <name>_sinf</name>
         <value>0x85959</value>
         <object_component_ref idref="oc-1a5"/>
      </symbol>
      <symbol id="sm-dd">
         <name>_printf</name>
         <value>0x85db9</value>
         <object_component_ref idref="oc-19e"/>
      </symbol>
      <symbol id="sm-241">
         <name>___TI_printfi</name>
         <value>0x84b40</value>
         <object_component_ref idref="oc-1ae"/>
      </symbol>
      <symbol id="sm-255">
         <name>_putchar</name>
         <value>0x85c3d</value>
         <object_component_ref idref="oc-1a9"/>
      </symbol>
      <symbol id="sm-257">
         <name>_putc</name>
         <value>0x85bef</value>
         <object_component_ref idref="oc-1a9"/>
      </symbol>
      <symbol id="sm-258">
         <name>_fputc</name>
         <value>0x85bef</value>
         <object_component_ref idref="oc-1a9"/>
      </symbol>
      <symbol id="sm-276">
         <name>_puts</name>
         <value>0x8551e</value>
         <object_component_ref idref="oc-1aa"/>
      </symbol>
      <symbol id="sm-278">
         <name>_fputs</name>
         <value>0x85489</value>
         <object_component_ref idref="oc-1aa"/>
      </symbol>
      <symbol id="sm-290">
         <name>___TI_rd_ok</name>
         <value>0x859f9</value>
         <object_component_ref idref="oc-1b0"/>
      </symbol>
      <symbol id="sm-292">
         <name>___TI_wrt_ok</name>
         <value>0x859bf</value>
         <object_component_ref idref="oc-1b0"/>
      </symbol>
      <symbol id="sm-2aa">
         <name>_setvbuf</name>
         <value>0x857f9</value>
         <object_component_ref idref="oc-1bb"/>
      </symbol>
      <symbol id="sm-2c6">
         <name>_c_int00</name>
         <value>0x85b99</value>
         <object_component_ref idref="oc-23"/>
      </symbol>
      <symbol id="sm-2c7">
         <name>__stack</name>
         <value>0x400</value>
         <object_component_ref idref="oc-5a"/>
      </symbol>
      <symbol id="sm-2d7">
         <name>FD$$CMP</name>
         <value>0x85e7b</value>
         <object_component_ref idref="oc-60"/>
      </symbol>
      <symbol id="sm-2e9">
         <name>FD$$MPY</name>
         <value>0x85776</value>
         <object_component_ref idref="oc-65"/>
      </symbol>
      <symbol id="sm-2f6">
         <name>FD$$NEG</name>
         <value>0x86155</value>
         <object_component_ref idref="oc-6a"/>
      </symbol>
      <symbol id="sm-302">
         <name>FD$$SUB</name>
         <value>0x85ff2</value>
         <object_component_ref idref="oc-6f"/>
      </symbol>
      <symbol id="sm-311">
         <name>FD$$TOI</name>
         <value>0x85fb2</value>
         <object_component_ref idref="oc-74"/>
      </symbol>
      <symbol id="sm-320">
         <name>FD$$TOL</name>
         <value>0x85fd3</value>
         <object_component_ref idref="oc-79"/>
      </symbol>
      <symbol id="sm-331">
         <name>FS$$DIV</name>
         <value>0x856ee</value>
         <object_component_ref idref="oc-7e"/>
      </symbol>
      <symbol id="sm-33d">
         <name>LL$$AND</name>
         <value>0x860c2</value>
         <object_component_ref idref="oc-83"/>
      </symbol>
      <symbol id="sm-33e">
         <name>LL$$OR</name>
         <value>0x860ca</value>
         <object_component_ref idref="oc-83"/>
      </symbol>
      <symbol id="sm-33f">
         <name>LL$$XOR</name>
         <value>0x860d2</value>
         <object_component_ref idref="oc-83"/>
      </symbol>
      <symbol id="sm-34d">
         <name>ULL$$CMP</name>
         <value>0x86012</value>
         <object_component_ref idref="oc-88"/>
      </symbol>
      <symbol id="sm-34e">
         <name>LL$$CMP</name>
         <value>0x86000</value>
         <object_component_ref idref="oc-88"/>
      </symbol>
      <symbol id="sm-37a">
         <name>ULL$$MOD</name>
         <value>0x8537e</value>
         <object_component_ref idref="oc-8d"/>
      </symbol>
      <symbol id="sm-37b">
         <name>ULL$$DIV</name>
         <value>0x8534f</value>
         <object_component_ref idref="oc-8d"/>
      </symbol>
      <symbol id="sm-37c">
         <name>LL$$MOD</name>
         <value>0x85315</value>
         <object_component_ref idref="oc-8d"/>
      </symbol>
      <symbol id="sm-37d">
         <name>LL$$DIV</name>
         <value>0x852d9</value>
         <object_component_ref idref="oc-8d"/>
      </symbol>
      <symbol id="sm-38d">
         <name>I$$TOFD</name>
         <value>0x8601e</value>
         <object_component_ref idref="oc-92"/>
      </symbol>
      <symbol id="sm-39d">
         <name>L$$TOFD</name>
         <value>0x86074</value>
         <object_component_ref idref="oc-97"/>
      </symbol>
      <symbol id="sm-3ad">
         <name>FS$$TOFD</name>
         <value>0x86058</value>
         <object_component_ref idref="oc-9c"/>
      </symbol>
      <symbol id="sm-3c4">
         <name>FD$$DIV</name>
         <value>0x85663</value>
         <object_component_ref idref="oc-a1"/>
      </symbol>
      <symbol id="sm-3d3">
         <name>_copy_in</name>
         <value>0x85f46</value>
         <object_component_ref idref="oc-196"/>
      </symbol>
      <symbol id="sm-3e5">
         <name>_memcpy</name>
         <value>0x8603b</value>
         <object_component_ref idref="oc-19a"/>
      </symbol>
      <symbol id="sm-3f2">
         <name>__system_pre_init</name>
         <value>0x8617e</value>
         <object_component_ref idref="oc-195"/>
      </symbol>
      <symbol id="sm-400">
         <name>__system_post_cinit</name>
         <value>0x855cd</value>
         <object_component_ref idref="oc-197"/>
      </symbol>
      <symbol id="sm-415">
         <name>C$$EXIT</name>
         <value>0x85ecf</value>
         <object_component_ref idref="oc-199"/>
      </symbol>
      <symbol id="sm-416">
         <name>_exit</name>
         <value>0x85ed1</value>
         <object_component_ref idref="oc-199"/>
      </symbol>
      <symbol id="sm-418">
         <name>___TI_cleanup_ptr</name>
         <value>0xe0aa</value>
         <object_component_ref idref="oc-bc"/>
      </symbol>
      <symbol id="sm-419">
         <name>___TI_enable_exit_profile_output</name>
         <value>0xe0a8</value>
         <object_component_ref idref="oc-bc"/>
      </symbol>
      <symbol id="sm-41a">
         <name>_abort</name>
         <value>0x85ecf</value>
         <object_component_ref idref="oc-199"/>
      </symbol>
      <symbol id="sm-41c">
         <name>___TI_dtors_ptr</name>
         <value>0xe0ac</value>
         <object_component_ref idref="oc-bc"/>
      </symbol>
      <symbol id="sm-430">
         <name>__unlock</name>
         <value>0xe0b4</value>
         <object_component_ref idref="oc-1ad"/>
      </symbol>
      <symbol id="sm-431">
         <name>__lock</name>
         <value>0xe0b2</value>
         <object_component_ref idref="oc-19c"/>
      </symbol>
      <symbol id="sm-432">
         <name>__register_lock</name>
         <value>0x86150</value>
         <object_component_ref idref="oc-1a7"/>
      </symbol>
      <symbol id="sm-434">
         <name>__nop</name>
         <value>0x86154</value>
         <object_component_ref idref="oc-1a7"/>
      </symbol>
      <symbol id="sm-436">
         <name>__register_unlock</name>
         <value>0x8614c</value>
         <object_component_ref idref="oc-1a7"/>
      </symbol>
      <symbol id="sm-445">
         <name>___TI_ltoa</name>
         <value>0x85e4b</value>
         <object_component_ref idref="oc-1bf"/>
      </symbol>
      <symbol id="sm-455">
         <name>__args_main</name>
         <value>0x86107</value>
         <object_component_ref idref="oc-198"/>
      </symbol>
      <symbol id="sm-46a">
         <name>_atoi</name>
         <value>0x85e1a</value>
         <object_component_ref idref="oc-1b5"/>
      </symbol>
      <symbol id="sm-473">
         <name>__ctypes_</name>
         <value>0x90000</value>
         <object_component_ref idref="oc-1be"/>
      </symbol>
      <symbol id="sm-484">
         <name>___TI_ft_end</name>
         <value>0xe0b6</value>
         <object_component_ref idref="oc-d9"/>
      </symbol>
      <symbol id="sm-485">
         <name>___TI_tmpnams</name>
         <value>0xe000</value>
         <object_component_ref idref="oc-1d3"/>
      </symbol>
      <symbol id="sm-486">
         <name>__ftable</name>
         <value>0xe0c0</value>
         <object_component_ref idref="oc-1ab"/>
      </symbol>
      <symbol id="sm-495">
         <name>_memccpy</name>
         <value>0x86119</value>
         <object_component_ref idref="oc-1b8"/>
      </symbol>
      <symbol id="sm-4a5">
         <name>_memchr</name>
         <value>0x86129</value>
         <object_component_ref idref="oc-1b4"/>
      </symbol>
      <symbol id="sm-503">
         <name>__sys_memory</name>
         <value>0x17000</value>
         <object_component_ref idref="oc-e8"/>
      </symbol>
      <symbol id="sm-504">
         <name>___TI_heap_total_available</name>
         <value>0x84f15</value>
         <object_component_ref idref="oc-1a3"/>
      </symbol>
      <symbol id="sm-506">
         <name>_realloc</name>
         <value>0x84dba</value>
         <object_component_ref idref="oc-1a3"/>
      </symbol>
      <symbol id="sm-508">
         <name>___TI_heap_check</name>
         <value>0x84f4f</value>
         <object_component_ref idref="oc-1a3"/>
      </symbol>
      <symbol id="sm-50a">
         <name>_free</name>
         <value>0x84cf0</value>
         <object_component_ref idref="oc-1a3"/>
      </symbol>
      <symbol id="sm-50c">
         <name>_memalign</name>
         <value>0x84e6f</value>
         <object_component_ref idref="oc-1a3"/>
      </symbol>
      <symbol id="sm-50d">
         <name>_calloc</name>
         <value>0x84e42</value>
         <object_component_ref idref="oc-1a3"/>
      </symbol>
      <symbol id="sm-50f">
         <name>_malloc</name>
         <value>0x84cc5</value>
         <object_component_ref idref="oc-1a3"/>
      </symbol>
      <symbol id="sm-511">
         <name>_aligned_alloc</name>
         <value>0x84e6f</value>
         <object_component_ref idref="oc-1a3"/>
      </symbol>
      <symbol id="sm-513">
         <name>_minit</name>
         <value>0x84e3e</value>
         <object_component_ref idref="oc-1a3"/>
      </symbol>
      <symbol id="sm-515">
         <name>___TI_heap_largest_available</name>
         <value>0x84f32</value>
         <object_component_ref idref="oc-1a3"/>
      </symbol>
      <symbol id="sm-524">
         <name>_memset</name>
         <value>0x8616f</value>
         <object_component_ref idref="oc-1af"/>
      </symbol>
      <symbol id="sm-534">
         <name>_strchr</name>
         <value>0x86136</value>
         <object_component_ref idref="oc-1c2"/>
      </symbol>
      <symbol id="sm-542">
         <name>_strcpy</name>
         <value>0x86176</value>
         <object_component_ref idref="oc-1b6"/>
      </symbol>
      <symbol id="sm-550">
         <name>_strlen</name>
         <value>0x86167</value>
         <object_component_ref idref="oc-1b3"/>
      </symbol>
      <symbol id="sm-55e">
         <name>_write</name>
         <value>0x860a9</value>
         <object_component_ref idref="oc-1b2"/>
      </symbol>
      <symbol id="sm-56f">
         <name>__device</name>
         <value>0xe140</value>
         <object_component_ref idref="oc-1c5"/>
      </symbol>
      <symbol id="sm-570">
         <name>__stream</name>
         <value>0xe188</value>
         <object_component_ref idref="oc-1bc"/>
      </symbol>
      <symbol id="sm-57a">
         <name>_errno</name>
         <value>0xe0b7</value>
         <object_component_ref idref="oc-10a"/>
      </symbol>
      <symbol id="sm-58d">
         <name>_frexpl</name>
         <value>0x85b3f</value>
         <object_component_ref idref="oc-1c0"/>
      </symbol>
      <symbol id="sm-5ac">
         <name>_scalbnl</name>
         <value>0x853e0</value>
         <object_component_ref idref="oc-1c1"/>
      </symbol>
      <symbol id="sm-5ae">
         <name>_ldexpl</name>
         <value>0x853e0</value>
         <object_component_ref idref="oc-1c1"/>
      </symbol>
      <symbol id="sm-5bc">
         <name>_wcslen</name>
         <value>0x8615e</value>
         <object_component_ref idref="oc-1b9"/>
      </symbol>
      <symbol id="sm-5d3">
         <name>___TI_doflush</name>
         <value>0x85875</value>
         <object_component_ref idref="oc-1b1"/>
      </symbol>
      <symbol id="sm-5d5">
         <name>_fflush</name>
         <value>0x858a4</value>
         <object_component_ref idref="oc-1b1"/>
      </symbol>
      <symbol id="sm-611">
         <name>_fopen</name>
         <value>0x85292</value>
         <object_component_ref idref="oc-1c4"/>
      </symbol>
      <symbol id="sm-613">
         <name>___TI_cleanup</name>
         <value>0x85257</value>
         <object_component_ref idref="oc-1c4"/>
      </symbol>
      <symbol id="sm-615">
         <name>_freopen</name>
         <value>0x85274</value>
         <object_component_ref idref="oc-1c4"/>
      </symbol>
      <symbol id="sm-626">
         <name>_fseek</name>
         <value>0x85cd1</value>
         <object_component_ref idref="oc-1ba"/>
      </symbol>
      <symbol id="sm-627">
         <name>_fseeko</name>
         <value>0x85cd1</value>
         <object_component_ref idref="oc-1ba"/>
      </symbol>
      <symbol id="sm-643">
         <name>FD$$ADD</name>
         <value>0x85531</value>
         <object_component_ref idref="oc-12e"/>
      </symbol>
      <symbol id="sm-64f">
         <name>UL$$MOD</name>
         <value>0x85ec9</value>
         <object_component_ref idref="oc-133"/>
      </symbol>
      <symbol id="sm-650">
         <name>L$$MOD</name>
         <value>0x85eb4</value>
         <object_component_ref idref="oc-133"/>
      </symbol>
      <symbol id="sm-651">
         <name>L$$DIV</name>
         <value>0x85ea5</value>
         <object_component_ref idref="oc-133"/>
      </symbol>
      <symbol id="sm-652">
         <name>UL$$DIV</name>
         <value>0x85ec2</value>
         <object_component_ref idref="oc-133"/>
      </symbol>
      <symbol id="sm-65e">
         <name>_HOSTclose</name>
         <value>0x85f1f</value>
         <object_component_ref idref="oc-1cb"/>
      </symbol>
      <symbol id="sm-66b">
         <name>_HOSTlseek</name>
         <value>0x85ae4</value>
         <object_component_ref idref="oc-1ce"/>
      </symbol>
      <symbol id="sm-67b">
         <name>_parmbuf</name>
         <value>0xe0a0</value>
         <object_component_ref idref="oc-1d5"/>
      </symbol>
      <symbol id="sm-67c">
         <name>_HOSTopen</name>
         <value>0x85d0e</value>
         <object_component_ref idref="oc-1ca"/>
      </symbol>
      <symbol id="sm-68a">
         <name>_HOSTread</name>
         <value>0x85d7d</value>
         <object_component_ref idref="oc-1cc"/>
      </symbol>
      <symbol id="sm-697">
         <name>_HOSTrename</name>
         <value>0x85c93</value>
         <object_component_ref idref="oc-1d0"/>
      </symbol>
      <symbol id="sm-6a4">
         <name>_HOSTunlink</name>
         <value>0x85f6a</value>
         <object_component_ref idref="oc-1cf"/>
      </symbol>
      <symbol id="sm-6b2">
         <name>_HOSTwrite</name>
         <value>0x85d46</value>
         <object_component_ref idref="oc-1cd"/>
      </symbol>
      <symbol id="sm-6cc">
         <name>___TI_readmsg</name>
         <value>0x85626</value>
         <object_component_ref idref="oc-1d6"/>
      </symbol>
      <symbol id="sm-6ce">
         <name>C$$IO$$</name>
         <value>0x85621</value>
         <object_component_ref idref="oc-1d6"/>
      </symbol>
      <symbol id="sm-6cf">
         <name>__CIOBUF_</name>
         <value>0x1b000</value>
         <object_component_ref idref="oc-15c"/>
      </symbol>
      <symbol id="sm-6d0">
         <name>___TI_writemsg</name>
         <value>0x855ce</value>
         <object_component_ref idref="oc-1d6"/>
      </symbol>
      <symbol id="sm-6ec">
         <name>_open</name>
         <value>0x858e8</value>
         <object_component_ref idref="oc-1c8"/>
      </symbol>
      <symbol id="sm-6fa">
         <name>_lseek</name>
         <value>0x860da</value>
         <object_component_ref idref="oc-1c3"/>
      </symbol>
      <symbol id="sm-708">
         <name>_copysignl</name>
         <value>0x85f8e</value>
         <object_component_ref idref="oc-1c7"/>
      </symbol>
      <symbol id="sm-71a">
         <name>___TI_closefile</name>
         <value>0x85a87</value>
         <object_component_ref idref="oc-1c9"/>
      </symbol>
      <symbol id="sm-71c">
         <name>_fclose</name>
         <value>0x85acb</value>
         <object_component_ref idref="oc-1c9"/>
      </symbol>
      <symbol id="sm-72e">
         <name>_finddevice</name>
         <value>0x85c42</value>
         <object_component_ref idref="oc-1d1"/>
      </symbol>
      <symbol id="sm-730">
         <name>_getdevice</name>
         <value>0x85c5d</value>
         <object_component_ref idref="oc-1d1"/>
      </symbol>
      <symbol id="sm-73f">
         <name>_strcmp</name>
         <value>0x86142</value>
         <object_component_ref idref="oc-1d7"/>
      </symbol>
      <symbol id="sm-750">
         <name>_strncpy</name>
         <value>0x860f2</value>
         <object_component_ref idref="oc-1d8"/>
      </symbol>
      <symbol id="sm-75d">
         <name>_remove</name>
         <value>0x8617b</value>
         <object_component_ref idref="oc-1d4"/>
      </symbol>
      <symbol id="sm-76e">
         <name>_close</name>
         <value>0x85de7</value>
         <object_component_ref idref="oc-1d2"/>
      </symbol>
      <symbol id="sm-77b">
         <name>_unlink</name>
         <value>0x86090</value>
         <object_component_ref idref="oc-1d9"/>
      </symbol>
   </symbol_table>
   <title>Link successful</title>
</link_info>
