******************************************************************************
             TMS320C2000 Linker Unix v22.6.1                   
******************************************************************************
>> Linked Sat Apr 12 16:26:43 2025

OUTPUT FILE NAME:   <Group10_FFT.out>
ENTRY POINT SYMBOL: "_c_int00"  address: 00085b99


MEMORY CONFIGURATION

         name            origin    length      used     unused   attr    fill
----------------------  --------  ---------  --------  --------  ----  --------
PAGE 0:
  RAMM0                 00000123   000002dd  00000000  000002dd  RWIX
  RAMLS0                00008000   00000800  00000000  00000800  RWIX
  RAMLS1                00008800   00000800  00000000  00000800  RWIX
  RAMLS2                00009000   00000800  00000000  00000800  RWIX
  RAMLS3                00009800   00000800  00000000  00000800  RWIX
  RAMLS4                0000a000   00000800  00000000  00000800  RWIX
  RAMD0                 0000b000   00000800  00000000  00000800  RWIX
  RAMGS14               0001a000   00001000  00000000  00001000  RWIX
  RAMGS15               0001b000   00000ff8  00000000  00000ff8  RWIX
  BEGIN                 00080000   00000002  00000000  00000002  RWIX
  FLASHA                00080002   00001ffe  00000000  00001ffe  RWIX
  FLASHB                00082000   00002000  0000007d  00001f83  RWIX
  FLASHC                00084000   00002000  00002000  00000000  RWIX
  FLASHD                00086000   00002000  00000180  00001e80  RWIX
  FLASHE                00088000   00008000  00000000  00008000  RWIX
  FLASHF                00090000   00008000  000001ac  00007e54  RWIX
  FLASHG                00098000   00008000  00000000  00008000  RWIX
  FLASHH                000a0000   00008000  00000000  00008000  RWIX
  FLASHI                000a8000   00008000  00000000  00008000  RWIX
  FLASHJ                000b0000   00008000  00000000  00008000  RWIX
  FLASHK                000b8000   00002000  00000000  00002000  RWIX
  FLASHL                000ba000   00002000  00000000  00002000  RWIX
  FLASHM                000bc000   00002000  00000000  00002000  RWIX
  FLASHN                000be000   00001ff0  00000000  00001ff0  RWIX
  RESET                 003fffc0   00000002  00000000  00000002  RWIX

PAGE 1:
  BOOT_RSVD             00000002   00000121  00000000  00000121  RWIX
  RAMM1                 00000400   000003f8  00000200  000001f8  RWIX
  RAMD1                 0000b800   00000800  00000000  00000800  RWIX
  RAMGS0                0000c000   00001000  00001000  00000000  RWIX
  RAMGS1                0000d000   00001000  00001000  00000000  RWIX
  RAMGS2                0000e000   00001000  000001a2  00000e5e  RWIX
  RAMGS3                0000f000   00001000  00000000  00001000  RWIX
  RAMGS4                00010000   00001000  00000000  00001000  RWIX
  RAMGS5                00011000   00001000  00000000  00001000  RWIX
  RAMGS6                00012000   00001000  00000000  00001000  RWIX
  RAMGS7                00013000   00001000  00000000  00001000  RWIX
  RAMGS8                00014000   00001000  00000000  00001000  RWIX
  RAMGS9                00015000   00001000  00000000  00001000  RWIX
  RAMGS10               00016000   00001000  00000000  00001000  RWIX
  RAMLS5                00017000   00004000  00004000  00000000  RWIX
  RAMGS15               0001b000   00000ff8  00000120  00000ed8  RWIX
  CPU2TOCPU1RAM         0003f800   00000400  00000000  00000400  RWIX
  CPU1TOCPU2RAM         0003fc00   00000400  00000000  00000400  RWIX


SECTION ALLOCATION MAP

 output                                  attributes/
section   page    origin      length       input sections
--------  ----  ----------  ----------   ----------------
.cinit     0    00082000    0000007d     
                  00082000    00000026     rts2800_fpu32.lib : defs.c.obj (.cinit:__ftable)
                  00082026    0000001b                       : host_device.c.obj (.cinit:__device)
                  00082041    0000000e                       : host_device.c.obj (.cinit:__stream)
                  0008204f    0000000e                       : exit.c.obj (.cinit)
                  0008205d    00000005                       : _lock.c.obj (.cinit:__lock)
                  00082062    00000005                       : _lock.c.obj (.cinit:__unlock)
                  00082067    00000004                       : defs.c.obj (.cinit)
                  0008206b    00000004                       : errno.c.obj (.cinit)
                  0008206f    00000004                       : fopen.c.obj (.cinit)
                  00082073    00000004                       : memory.c.obj (.cinit)
                  00082077    00000004                       : open.c.obj (.cinit)
                  0008207b    00000002     --HOLE-- [fill = 0]

.stack     1    00000400    00000200     UNINITIALIZED
                  00000400    00000200     --HOLE--

.reset     0    003fffc0    00000002     DSECT
                  003fffc0    00000002     rts2800_fpu32.lib : boot28.asm.obj (.reset)

.cio       1    0001b000    00000120     UNINITIALIZED
                  0001b000    00000120     rts2800_fpu32.lib : trgmsg.c.obj (.cio)

.pinit     0    00082000    00000000     UNINITIALIZED

.esysmem   1    00017000    00004000     UNINITIALIZED
                  00017000    00000004     rts2800_fpu32.lib : memory.c.obj (.esysmem)
                  00017004    00003ffc     --HOLE--

.TI.ramfunc 
*          0    00008000    00000000     UNINITIALIZED

GETBUFFER 
*          0    0003f800    00000000     DSECT

GETWRITEIDX 
*          0    0003f800    00000000     DSECT

PUTREADIDX 
*          0    0003f800    00000000     DSECT

.text.1    0    00084000    00002000     
                  00084000    000006d0     rts2800_fpu32.lib : _printfi.c.obj (.text)
                  000846d0    000005f5                       : _printfi.c.obj (.text:__TI_printfi)
                  00084cc5    0000028c                       : memory.c.obj (.text)
                  00084f51    00000267     fft.obj (.text)
                  000851b8    00000121     rts2800_fpu32.lib : fopen.c.obj (.text)
                  000852d9    00000107                       : ll_div28.asm.obj (.text)
                  000853e0    000000a9                       : s_scalbn.c.obj (.text)
                  00085489    000000a8                       : fputs.c.obj (.text)
                  00085531    0000009c                       : fd_add28.asm.obj (.text)
                  000855cd    00000001                       : startup.c.obj (.text)
                  000855ce    00000095                       : trgmsg.c.obj (.text)
                  00085663    0000008b                       : fd_div28.asm.obj (.text)
                  000856ee    00000088                       : fs_div28.asm.obj (.text)
                  00085776    00000083                       : fd_mpy28.asm.obj (.text)
                  000857f9    0000007c                       : setvbuf.c.obj (.text)
                  00085875    00000073                       : fflush.c.obj (.text)
                  000858e8    00000071                       : open.c.obj (.text)
                  00085959    00000066                       : s_sinf.c.obj (.text)
                  000859bf    00000065                       : _io_perm.c.obj (.text)
                  00085a24    00000063                       : s_cosf.c.obj (.text)
                  00085a87    0000005d                       : fclose.c.obj (.text)
                  00085ae4    0000005b                       : hostlseek.c.obj (.text)
                  00085b3f    0000005a                       : s_frexp.c.obj (.text)
                  00085b99    00000056                       : boot28.asm.obj (.text)
                  00085bef    00000053                       : fputc.c.obj (.text)
                  00085c42    00000051                       : getdevice.c.obj (.text)
                  00085c93    0000003e                       : hostrename.c.obj (.text)
                  00085cd1    0000003d                       : fseek.c.obj (.text)
                  00085d0e    00000038                       : hostopen.c.obj (.text)
                  00085d46    00000037                       : hostwrite.c.obj (.text)
                  00085d7d    00000036                       : hostread.c.obj (.text)
                  00085db3    00000034                       : printf.c.obj (.text)
                  00085de7    00000033                       : close.c.obj (.text)
                  00085e1a    00000031                       : atoi.c.obj (.text)
                  00085e4b    00000030                       : _ltoa.c.obj (.text)
                  00085e7b    0000002a                       : fd_cmp28.asm.obj (.text)
                  00085ea5    0000002a                       : l_div28.asm.obj (.text)
                  00085ecf    00000029                       : exit.c.obj (.text)
                  00085ef8    00000027                       : e_sqrtf.c.obj (.text)
                  00085f1f    00000027                       : hostclose.c.obj (.text)
                  00085f46    00000024                       : cpy_tbl.c.obj (.text)
                  00085f6a    00000024                       : hostunlink.c.obj (.text)
                  00085f8e    00000024                       : s_copysign.c.obj (.text)
                  00085fb2    00000021                       : fd_toi28.asm.obj (.text)
                  00085fd3    0000001f                       : fd_tol28.asm.obj (.text)
                  00085ff2    0000000e                       : fd_sub28.asm.obj (.text)

.text.2    0    00086000    00000180     
                  00086000    0000001e     rts2800_fpu32.lib : ll_cmp28.asm.obj (.text)
                  0008601e    0000001d                       : i_tofd28.asm.obj (.text)
                  0008603b    0000001d                       : memcpy.c.obj (.text)
                  00086058    0000001c                       : fs_tofdfpu32.asm.obj (.text)
                  00086074    0000001c                       : l_tofd28.asm.obj (.text)
                  00086090    00000019                       : unlink.c.obj (.text)
                  000860a9    00000019                       : write.c.obj (.text)
                  000860c2    00000018                       : ll_aox28.asm.obj (.text)
                  000860da    00000018                       : lseek.c.obj (.text)
                  000860f2    00000015                       : strncpy.c.obj (.text)
                  00086107    00000012                       : args_main.c.obj (.text)
                  00086119    00000010                       : memccpy.c.obj (.text)
                  00086129    0000000d                       : memchr.c.obj (.text)
                  00086136    0000000c                       : strchr.c.obj (.text)
                  00086142    0000000a                       : strcmp.c.obj (.text)
                  0008614c    00000009                       : _lock.c.obj (.text)
                  00086155    00000009                       : fd_neg28.asm.obj (.text)
                  0008615e    00000009                       : wcslen.c.obj (.text)
                  00086167    00000008                       : strlen.c.obj (.text)
                  0008616f    00000007                       : memset.c.obj (.text)
                  00086176    00000005                       : strcpy.c.obj (.text)
                  0008617b    00000003                       : remove.c.obj (.text)
                  0008617e    00000002                       : pre_init.c.obj (.text)

.econst    0    00090000    000001ac     
                  00090000    00000101     rts2800_fpu32.lib : ctype.c.obj (.econst:.string:__ctypes_)
                  00090101    00000001     --HOLE-- [fill = 0]
                  00090102    00000042     fft.obj (.econst:.string)
                  00090144    00000026     rts2800_fpu32.lib : _printfi.c.obj (.econst:.string)
                  0009016a    0000001c                       : _printfi.c.obj (.econst)
                  00090186    0000001c                       : s_scalbn.c.obj (.econst)
                  000901a2    00000008                       : s_frexp.c.obj (.econst)
                  000901aa    00000002                       : fputs.c.obj (.econst:.string)

.ebss.1    1    0000c000    00001000     UNINITIALIZED
                  0000c000    00000800     fft.obj (.ebss:_magnitudes)
                  0000c800    00000800     fft.obj (.ebss:_magnitudes_Fixed)

.ebss.2    1    0000d000    00001000     UNINITIALIZED
                  0000d000    00000800     fft.obj (.ebss:_signal_samples)
                  0000d800    00000800     fft.obj (.ebss:_signal_samples_Fixed)

.ebss.3    1    0000e000    000000ba     UNINITIALIZED
                  0000e000    000000a0     rts2800_fpu32.lib : defs.c.obj (.ebss:___TI_tmpnams)
                  0000e0a0    00000008                       : hostopen.c.obj (.ebss:_parmbuf)
                  0000e0a8    00000006                       : exit.c.obj (.ebss)
                  0000e0ae    00000004                       : memory.c.obj (.ebss)
                  0000e0b2    00000002                       : _lock.c.obj (.ebss:__lock)
                  0000e0b4    00000002                       : _lock.c.obj (.ebss:__unlock)
                  0000e0b6    00000001                       : defs.c.obj (.ebss)
                  0000e0b7    00000001                       : errno.c.obj (.ebss)
                  0000e0b8    00000001                       : fopen.c.obj (.ebss)
                  0000e0b9    00000001                       : open.c.obj (.ebss)

.ebss.4    1    0000e0c0    00000078     UNINITIALIZED
                  0000e0c0    00000078     rts2800_fpu32.lib : defs.c.obj (.ebss:__ftable)

.ebss.5    1    0000e140    00000070     UNINITIALIZED
                  0000e140    00000048     rts2800_fpu32.lib : host_device.c.obj (.ebss:__device)
                  0000e188    00000028                       : host_device.c.obj (.ebss:__stream)

MODULE SUMMARY

       Module                 code   initialized data   uninitialized data
       ------                 ----   ----------------   ------------------
    ./
       fft.obj                615    66                 8192              
    +--+----------------------+------+------------------+--------------------+
       Total:                 615    66                 8192              
                                                                          
    /Applications/ti/ccs1280/ccs/tools/compiler/ti-cgt-c2000_22.6.1.LTS/lib/rts2800_fpu32.lib
       _printfi.c.obj         3269   66                 0                 
       memory.c.obj           652    4                  4                 
       trgmsg.c.obj           149    0                  288               
       defs.c.obj             0      42                 281               
       fopen.c.obj            289    4                  1                 
       ll_div28.asm.obj       263    0                  0                 
       ctype.c.obj            0      257                0                 
       s_scalbn.c.obj         169    28                 0                 
       fputs.c.obj            168    2                  0                 
       fd_add28.asm.obj       156    0                  0                 
       host_device.c.obj      0      41                 112               
       fd_div28.asm.obj       139    0                  0                 
       fs_div28.asm.obj       136    0                  0                 
       fd_mpy28.asm.obj       131    0                  0                 
       setvbuf.c.obj          124    0                  0                 
       open.c.obj             113    4                  1                 
       fflush.c.obj           115    0                  0                 
       s_sinf.c.obj           102    0                  0                 
       _io_perm.c.obj         101    0                  0                 
       s_cosf.c.obj           99     0                  0                 
       s_frexp.c.obj          90     8                  0                 
       fclose.c.obj           93     0                  0                 
       hostlseek.c.obj        91     0                  0                 
       boot28.asm.obj         86     0                  0                 
       fputc.c.obj            83     0                  0                 
       getdevice.c.obj        81     0                  0                 
       hostopen.c.obj         56     0                  8                 
       hostrename.c.obj       62     0                  0                 
       exit.c.obj             41     14                 6                 
       fseek.c.obj            61     0                  0                 
       hostwrite.c.obj        55     0                  0                 
       hostread.c.obj         54     0                  0                 
       printf.c.obj           52     0                  0                 
       close.c.obj            51     0                  0                 
       atoi.c.obj             49     0                  0                 
       _ltoa.c.obj            48     0                  0                 
       fd_cmp28.asm.obj       42     0                  0                 
       l_div28.asm.obj        42     0                  0                 
       e_sqrtf.c.obj          39     0                  0                 
       hostclose.c.obj        39     0                  0                 
       cpy_tbl.c.obj          36     0                  0                 
       hostunlink.c.obj       36     0                  0                 
       s_copysign.c.obj       36     0                  0                 
       fd_toi28.asm.obj       33     0                  0                 
       fd_tol28.asm.obj       31     0                  0                 
       ll_cmp28.asm.obj       30     0                  0                 
       i_tofd28.asm.obj       29     0                  0                 
       memcpy.c.obj           29     0                  0                 
       fs_tofdfpu32.asm.obj   28     0                  0                 
       l_tofd28.asm.obj       28     0                  0                 
       unlink.c.obj           25     0                  0                 
       write.c.obj            25     0                  0                 
       ll_aox28.asm.obj       24     0                  0                 
       lseek.c.obj            24     0                  0                 
       _lock.c.obj            9      10                 4                 
       strncpy.c.obj          21     0                  0                 
       args_main.c.obj        18     0                  0                 
       memccpy.c.obj          16     0                  0                 
       fd_sub28.asm.obj       14     0                  0                 
       memchr.c.obj           13     0                  0                 
       strchr.c.obj           12     0                  0                 
       strcmp.c.obj           10     0                  0                 
       fd_neg28.asm.obj       9      0                  0                 
       wcslen.c.obj           9      0                  0                 
       strlen.c.obj           8      0                  0                 
       memset.c.obj           7      0                  0                 
       errno.c.obj            0      4                  1                 
       strcpy.c.obj           5      0                  0                 
       remove.c.obj           3      0                  0                 
       pre_init.c.obj         2      0                  0                 
       startup.c.obj          1      0                  0                 
    +--+----------------------+------+------------------+--------------------+
       Total:                 7961   484                706               
                                                                          
       Heap:                  0      0                  16384             
       Stack:                 0      0                  512               
    +--+----------------------+------+------------------+--------------------+
       Grand Total:           8576   550                25794             


GLOBAL DATA SYMBOLS: SORTED BY DATA PAGE

address     data page           name
--------    ----------------    ----
00000400      10 (00000400)     __stack

0000c000     300 (0000c000)     _magnitudes

0000c800     320 (0000c800)     _magnitudes_Fixed

0000d000     340 (0000d000)     _signal_samples

0000d800     360 (0000d800)     _signal_samples_Fixed

0000e000     380 (0000e000)     ___TI_tmpnams

0000e0a0     382 (0000e080)     _parmbuf
0000e0a8     382 (0000e080)     ___TI_enable_exit_profile_output
0000e0aa     382 (0000e080)     ___TI_cleanup_ptr
0000e0ac     382 (0000e080)     ___TI_dtors_ptr
0000e0b2     382 (0000e080)     __lock
0000e0b4     382 (0000e080)     __unlock
0000e0b6     382 (0000e080)     ___TI_ft_end
0000e0b7     382 (0000e080)     _errno

0000e0c0     383 (0000e0c0)     __ftable

0000e140     385 (0000e140)     __device

0000e188     386 (0000e180)     __stream

00017000     5c0 (00017000)     __sys_memory

0001b000     6c0 (0001b000)     __CIOBUF_

00090000    2400 (00090000)     __ctypes_


GLOBAL SYMBOLS: SORTED ALPHABETICALLY BY Name 

page  address   name                            
----  -------   ----                            
abs   ffffffff  .text                           
0     00085ecf  C$$EXIT                         
0     00085621  C$$IO$$                         
0     00085531  FD$$ADD                         
0     00085e7b  FD$$CMP                         
0     00085663  FD$$DIV                         
0     00085776  FD$$MPY                         
0     00086155  FD$$NEG                         
0     00085ff2  FD$$SUB                         
0     00085fb2  FD$$TOI                         
0     00085fd3  FD$$TOL                         
0     000856ee  FS$$DIV                         
0     00086058  FS$$TOFD                        
0     0008601e  I$$TOFD                         
0     00085ea5  L$$DIV                          
0     00085eb4  L$$MOD                          
0     00086074  L$$TOFD                         
0     000860c2  LL$$AND                         
0     00086000  LL$$CMP                         
0     000852d9  LL$$DIV                         
0     00085315  LL$$MOD                         
0     000860ca  LL$$OR                          
0     000860d2  LL$$XOR                         
0     00085ec2  UL$$DIV                         
0     00085ec9  UL$$MOD                         
0     00086012  ULL$$CMP                        
0     0008534f  ULL$$DIV                        
0     0008537e  ULL$$MOD                        
0     00084fcb  _FFT                            
0     0008515f  _GenerateSignals                
0     00085f1f  _HOSTclose                      
0     00085ae4  _HOSTlseek                      
0     00085d0e  _HOSTopen                       
0     00085d7d  _HOSTread                       
0     00085c93  _HOSTrename                     
0     00085f6a  _HOSTunlink                     
0     00085d46  _HOSTwrite                      
0     00084f6b  _Magnitude                      
0     00008000  _RamfuncsLoadEnd                
abs   00000000  _RamfuncsLoadSize               
0     00008000  _RamfuncsLoadStart              
0     00008000  _RamfuncsRunEnd                 
abs   00000000  _RamfuncsRunSize                
0     00008000  _RamfuncsRunStart               
1     0001b000  __CIOBUF_                       
1     00000600  __STACK_END                     
abs   00000200  __STACK_SIZE                    
abs   00004000  __SYSMEM_SIZE                   
0     00085257  ___TI_cleanup                   
1     0000e0aa  ___TI_cleanup_ptr               
0     00085a87  ___TI_closefile                 
0     00085875  ___TI_doflush                   
1     0000e0ac  ___TI_dtors_ptr                 
1     0000e0a8  ___TI_enable_exit_profile_output
1     0000e0b6  ___TI_ft_end                    
0     00084f4f  ___TI_heap_check                
0     00084f32  ___TI_heap_largest_available    
0     00084f15  ___TI_heap_total_available      
0     00085e4b  ___TI_ltoa                      
abs   ffffffff  ___TI_pprof_out_hndl            
0     00084b40  ___TI_printfi                   
abs   ffffffff  ___TI_prof_data_size            
abs   ffffffff  ___TI_prof_data_start           
0     000859f9  ___TI_rd_ok                     
0     00085626  ___TI_readmsg                   
1     0000e000  ___TI_tmpnams                   
0     000855ce  ___TI_writemsg                  
0     000859bf  ___TI_wrt_ok                    
abs   ffffffff  ___binit__                      
abs   ffffffff  ___c_args__                     
0     00082000  ___cinit__                      
abs   ffffffff  ___etext__                      
abs   ffffffff  ___pinit__                      
abs   ffffffff  ___text__                       
0     00086107  __args_main                     
0     00090000  __ctypes_                       
1     0000e140  __device                        
1     0000e0c0  __ftable                        
1     0000e0b2  __lock                          
0     00086154  __nop                           
0     00086150  __register_lock                 
0     0008614c  __register_unlock               
1     00000400  __stack                         
1     0000e188  __stream                        
1     00017000  __sys_memory                    
0     000855cd  __system_post_cinit             
0     0008617e  __system_pre_init               
1     0000e0b4  __unlock                        
0     00085ecf  _abort                          
0     00084e6f  _aligned_alloc                  
0     00085e1a  _atoi                           
0     00085b99  _c_int00                        
0     00084e42  _calloc                         
0     00085de7  _close                          
0     00085141  _complex_add                    
0     000850f8  _complex_mul                    
0     00085f46  _copy_in                        
0     00085f8e  _copysignl                      
0     00085a24  _cos                            
0     00085a24  _cosf                           
1     0000e0b7  _errno                          
0     00085ed1  _exit                           
0     00085acb  _fclose                         
0     000858a4  _fflush                         
0     00085c42  _finddevice                     
0     00085292  _fopen                          
0     00085bef  _fputc                          
0     00085489  _fputs                          
0     00084cf0  _free                           
0     00085274  _freopen                        
0     00085b3f  _frexpl                         
0     00085cd1  _fseek                          
0     00085cd1  _fseeko                         
0     00085c5d  _getdevice                      
0     000853e0  _ldexpl                         
0     000860da  _lseek                          
1     0000c000  _magnitudes                     
1     0000c800  _magnitudes_Fixed               
0     00084f51  _main                           
0     00084cc5  _malloc                         
0     00084e6f  _memalign                       
0     00086119  _memccpy                        
0     00086129  _memchr                         
0     0008603b  _memcpy                         
0     0008616f  _memset                         
0     00084e3e  _minit                          
0     000858e8  _open                           
1     0000e0a0  _parmbuf                        
0     00085db9  _printf                         
0     00085bef  _putc                           
0     00085c3d  _putchar                        
0     0008551e  _puts                           
0     00084dba  _realloc                        
0     0008617b  _remove                         
0     000853e0  _scalbnl                        
0     000857f9  _setvbuf                        
1     0000d000  _signal_samples                 
1     0000d800  _signal_samples_Fixed           
0     00085959  _sin                            
0     00085959  _sinf                           
0     00085ef8  _sqrt                           
0     00085ef8  _sqrtf                          
0     00086136  _strchr                         
0     00086142  _strcmp                         
0     00086176  _strcpy                         
0     00086167  _strlen                         
0     000860f2  _strncpy                        
0     00086090  _unlink                         
0     0008615e  _wcslen                         
0     000860a9  _write                          
abs   ffffffff  binit                           
0     00082000  cinit                           
abs   ffffffff  etext                           
abs   ffffffff  pinit                           


GLOBAL SYMBOLS: SORTED BY Symbol Address 

page  address   name                            
----  -------   ----                            
0     00008000  _RamfuncsLoadEnd                
0     00008000  _RamfuncsLoadStart              
0     00008000  _RamfuncsRunEnd                 
0     00008000  _RamfuncsRunStart               
0     00082000  ___cinit__                      
0     00082000  cinit                           
0     00084b40  ___TI_printfi                   
0     00084cc5  _malloc                         
0     00084cf0  _free                           
0     00084dba  _realloc                        
0     00084e3e  _minit                          
0     00084e42  _calloc                         
0     00084e6f  _aligned_alloc                  
0     00084e6f  _memalign                       
0     00084f15  ___TI_heap_total_available      
0     00084f32  ___TI_heap_largest_available    
0     00084f4f  ___TI_heap_check                
0     00084f51  _main                           
0     00084f6b  _Magnitude                      
0     00084fcb  _FFT                            
0     000850f8  _complex_mul                    
0     00085141  _complex_add                    
0     0008515f  _GenerateSignals                
0     00085257  ___TI_cleanup                   
0     00085274  _freopen                        
0     00085292  _fopen                          
0     000852d9  LL$$DIV                         
0     00085315  LL$$MOD                         
0     0008534f  ULL$$DIV                        
0     0008537e  ULL$$MOD                        
0     000853e0  _ldexpl                         
0     000853e0  _scalbnl                        
0     00085489  _fputs                          
0     0008551e  _puts                           
0     00085531  FD$$ADD                         
0     000855cd  __system_post_cinit             
0     000855ce  ___TI_writemsg                  
0     00085621  C$$IO$$                         
0     00085626  ___TI_readmsg                   
0     00085663  FD$$DIV                         
0     000856ee  FS$$DIV                         
0     00085776  FD$$MPY                         
0     000857f9  _setvbuf                        
0     00085875  ___TI_doflush                   
0     000858a4  _fflush                         
0     000858e8  _open                           
0     00085959  _sin                            
0     00085959  _sinf                           
0     000859bf  ___TI_wrt_ok                    
0     000859f9  ___TI_rd_ok                     
0     00085a24  _cos                            
0     00085a24  _cosf                           
0     00085a87  ___TI_closefile                 
0     00085acb  _fclose                         
0     00085ae4  _HOSTlseek                      
0     00085b3f  _frexpl                         
0     00085b99  _c_int00                        
0     00085bef  _fputc                          
0     00085bef  _putc                           
0     00085c3d  _putchar                        
0     00085c42  _finddevice                     
0     00085c5d  _getdevice                      
0     00085c93  _HOSTrename                     
0     00085cd1  _fseek                          
0     00085cd1  _fseeko                         
0     00085d0e  _HOSTopen                       
0     00085d46  _HOSTwrite                      
0     00085d7d  _HOSTread                       
0     00085db9  _printf                         
0     00085de7  _close                          
0     00085e1a  _atoi                           
0     00085e4b  ___TI_ltoa                      
0     00085e7b  FD$$CMP                         
0     00085ea5  L$$DIV                          
0     00085eb4  L$$MOD                          
0     00085ec2  UL$$DIV                         
0     00085ec9  UL$$MOD                         
0     00085ecf  C$$EXIT                         
0     00085ecf  _abort                          
0     00085ed1  _exit                           
0     00085ef8  _sqrt                           
0     00085ef8  _sqrtf                          
0     00085f1f  _HOSTclose                      
0     00085f46  _copy_in                        
0     00085f6a  _HOSTunlink                     
0     00085f8e  _copysignl                      
0     00085fb2  FD$$TOI                         
0     00085fd3  FD$$TOL                         
0     00085ff2  FD$$SUB                         
0     00086000  LL$$CMP                         
0     00086012  ULL$$CMP                        
0     0008601e  I$$TOFD                         
0     0008603b  _memcpy                         
0     00086058  FS$$TOFD                        
0     00086074  L$$TOFD                         
0     00086090  _unlink                         
0     000860a9  _write                          
0     000860c2  LL$$AND                         
0     000860ca  LL$$OR                          
0     000860d2  LL$$XOR                         
0     000860da  _lseek                          
0     000860f2  _strncpy                        
0     00086107  __args_main                     
0     00086119  _memccpy                        
0     00086129  _memchr                         
0     00086136  _strchr                         
0     00086142  _strcmp                         
0     0008614c  __register_unlock               
0     00086150  __register_lock                 
0     00086154  __nop                           
0     00086155  FD$$NEG                         
0     0008615e  _wcslen                         
0     00086167  _strlen                         
0     0008616f  _memset                         
0     00086176  _strcpy                         
0     0008617b  _remove                         
0     0008617e  __system_pre_init               
0     00090000  __ctypes_                       
1     00000400  __stack                         
1     00000600  __STACK_END                     
1     0000c000  _magnitudes                     
1     0000c800  _magnitudes_Fixed               
1     0000d000  _signal_samples                 
1     0000d800  _signal_samples_Fixed           
1     0000e000  ___TI_tmpnams                   
1     0000e0a0  _parmbuf                        
1     0000e0a8  ___TI_enable_exit_profile_output
1     0000e0aa  ___TI_cleanup_ptr               
1     0000e0ac  ___TI_dtors_ptr                 
1     0000e0b2  __lock                          
1     0000e0b4  __unlock                        
1     0000e0b6  ___TI_ft_end                    
1     0000e0b7  _errno                          
1     0000e0c0  __ftable                        
1     0000e140  __device                        
1     0000e188  __stream                        
1     00017000  __sys_memory                    
1     0001b000  __CIOBUF_                       
abs   00000000  _RamfuncsLoadSize               
abs   00000000  _RamfuncsRunSize                
abs   00000200  __STACK_SIZE                    
abs   00004000  __SYSMEM_SIZE                   
abs   ffffffff  .text                           
abs   ffffffff  ___TI_pprof_out_hndl            
abs   ffffffff  ___TI_prof_data_size            
abs   ffffffff  ___TI_prof_data_start           
abs   ffffffff  ___binit__                      
abs   ffffffff  ___c_args__                     
abs   ffffffff  ___etext__                      
abs   ffffffff  ___pinit__                      
abs   ffffffff  ___text__                       
abs   ffffffff  binit                           
abs   ffffffff  etext                           
abs   ffffffff  pinit                           

[154 symbols]
