******************************************************************************
             TMS320C2000 Linker Unix v22.6.1                   
******************************************************************************
>> Linked Mon Mar 17 11:43:13 2025

OUTPUT FILE NAME:   <DMA_timer.out>
ENTRY POINT SYMBOL: "code_start"  address: 00000000


MEMORY CONFIGURATION

         name            origin    length      used     unused   attr    fill
----------------------  --------  ---------  --------  --------  ----  --------
PAGE 0:
  BEGIN                 00000000   00000100  00000002  000000fe  RWIX
  RAMM0                 00000123   000002dd  00000030  000002ad  RWIX
  RAMLS0                00008000   00000800  000007fa  00000006  RWIX
  RAMLS1                00008800   00000800  0000051b  000002e5  RWIX
  RAMLS2                00009000   00000800  00000000  00000800  RWIX
  RAMLS3                00009800   00000800  00000000  00000800  RWIX
  RAMLS4                0000a000   00000800  00000000  00000800  RWIX
  RAMD0                 0000b000   00000800  000007fe  00000002  RWIX
  FLASHA                00080002   00001ffe  00000000  00001ffe  RWIX
  FLASHB                00082000   00002000  00000000  00002000  RWIX
  FLASHC                00084000   00002000  00000000  00002000  RWIX
  FLASHD                00086000   00002000  00000000  00002000  RWIX
  FLASHE                00088000   00008000  00000000  00008000  RWIX
  FLASHF                00090000   00008000  00000000  00008000  RWIX
  FLASHG                00098000   00008000  00000000  00008000  RWIX
  FLASHH                000a0000   00008000  00000000  00008000  RWIX
  FLASHI                000a8000   00008000  00000000  00008000  RWIX
  FLASHJ                000b0000   00008000  00000000  00008000  RWIX
  FLASHK                000b8000   00002000  00000000  00002000  RWIX
  FLASHL                000ba000   00002000  00000000  00002000  RWIX
  FLASHM                000bc000   00002000  00000000  00002000  RWIX
  FLASHN                000be000   00001ff0  00000000  00001ff0  RWIX
  RESET                 003fffc0   00000002  00000000  00000002  RWIX

PAGE 1:
  BOOT_RSVD             00000002   00000121  00000000  00000121  RWIX
  RAMM1                 00000400   000003f8  000003f8  00000000  RWIX
  ADCARESULT            00000b00   00000018  00000000  00000018  RWIX
  ADCBRESULT            00000b20   00000018  00000000  00000018  RWIX
  ADCCRESULT            00000b40   00000018  00000000  00000018  RWIX
  ADCDRESULT            00000b60   00000018  00000000  00000018  RWIX
  CPUTIMER0             00000c00   00000008  00000000  00000008  RWIX
  CPUTIMER1             00000c08   00000008  00000000  00000008  RWIX
  CPUTIMER2             00000c10   00000008  00000000  00000008  RWIX
  PIECTRL               00000ce0   0000001a  00000000  0000001a  RWIX
  PIEVECTTABLE          00000d00   00000200  00000000  00000200  RWIX
  DMA                   00001000   00000200  00000000  00000200  RWIX
  CLA1                  00001400   00000080  00000000  00000080  RWIX
  CLB1LOGICCFG          00003000   00000052  00000000  00000052  RWIX
  CLB1LOGICCTRL         00003100   00000040  00000000  00000040  RWIX
  CLB1DATAEXCH          00003200   00000200  00000000  00000200  RWIX
  CLB2LOGICCFG          00003400   00000052  00000000  00000052  RWIX
  CLB2LOGICCTRL         00003500   00000040  00000000  00000040  RWIX
  CLB2DATAEXCH          00003600   00000200  00000000  00000200  RWIX
  CLB3LOGICCFG          00003800   00000052  00000000  00000052  RWIX
  CLB3LOGICCTRL         00003900   00000040  00000000  00000040  RWIX
  CLB3DATAEXCH          00003a00   00000200  00000000  00000200  RWIX
  CLB4LOGICCFG          00003c00   00000052  00000000  00000052  RWIX
  CLB4LOGICCTRL         00003d00   00000040  00000000  00000040  RWIX
  CLB4DATAEXCH          00003e00   00000200  00000000  00000200  RWIX
  EPWM1                 00004000   00000100  00000000  00000100  RWIX
  EPWM2                 00004100   00000100  00000000  00000100  RWIX
  EPWM3                 00004200   00000100  00000000  00000100  RWIX
  EPWM4                 00004300   00000100  00000000  00000100  RWIX
  EPWM5                 00004400   00000100  00000000  00000100  RWIX
  EPWM6                 00004500   00000100  00000000  00000100  RWIX
  EPWM7                 00004600   00000100  00000000  00000100  RWIX
  EPWM8                 00004700   00000100  00000000  00000100  RWIX
  EPWM9                 00004800   00000100  00000000  00000100  RWIX
  EPWM10                00004900   00000100  00000000  00000100  RWIX
  EPWM11                00004a00   00000100  00000000  00000100  RWIX
  EPWM12                00004b00   00000100  00000000  00000100  RWIX
  ECAP1                 00005000   00000020  00000000  00000020  RWIX
  ECAP2                 00005020   00000020  00000000  00000020  RWIX
  ECAP3                 00005040   00000020  00000000  00000020  RWIX
  ECAP4                 00005060   00000020  00000000  00000020  RWIX
  ECAP5                 00005080   00000020  00000000  00000020  RWIX
  ECAP6                 000050a0   00000020  00000000  00000020  RWIX
  EQEP1                 00005100   00000022  00000000  00000022  RWIX
  EQEP2                 00005140   00000022  00000000  00000022  RWIX
  EQEP3                 00005180   00000022  00000000  00000022  RWIX
  DACA                  00005c00   00000008  00000000  00000008  RWIX
  DACB                  00005c10   00000008  00000000  00000008  RWIX
  DACC                  00005c20   00000008  00000000  00000008  RWIX
  CMPSS1                00005c80   00000020  00000000  00000020  RWIX
  CMPSS2                00005ca0   00000020  00000000  00000020  RWIX
  CMPSS3                00005cc0   00000020  00000000  00000020  RWIX
  CMPSS4                00005ce0   00000020  00000000  00000020  RWIX
  CMPSS5                00005d00   00000020  00000000  00000020  RWIX
  CMPSS6                00005d20   00000020  00000000  00000020  RWIX
  CMPSS7                00005d40   00000020  00000000  00000020  RWIX
  CMPSS8                00005d60   00000020  00000000  00000020  RWIX
  SDFM1                 00005e00   00000080  00000000  00000080  RWIX
  SDFM2                 00005e80   00000080  00000000  00000080  RWIX
  MCBSPA                00006000   00000024  00000000  00000024  RWIX
  MCBSPB                00006040   00000024  00000000  00000024  RWIX
  SPIA                  00006100   00000010  00000000  00000010  RWIX
  SPIB                  00006110   00000010  00000000  00000010  RWIX
  SPIC                  00006120   00000010  00000000  00000010  RWIX
  UPP                   00006200   00000048  00000000  00000048  RWIX
  WD                    00007000   0000002b  00000000  0000002b  RWIX
  NMIINTRUPT            00007060   00000007  00000000  00000007  RWIX
  XINT                  00007070   0000000b  00000000  0000000b  RWIX
  SCIA                  00007200   00000010  00000000  00000010  RWIX
  SCIB                  00007210   00000010  00000000  00000010  RWIX
  SCIC                  00007220   00000010  00000000  00000010  RWIX
  SCID                  00007230   00000010  00000000  00000010  RWIX
  I2CA                  00007300   00000022  00000000  00000022  RWIX
  I2CB                  00007340   00000022  00000000  00000022  RWIX
  ADCA                  00007400   00000080  00000000  00000080  RWIX
  ADCB                  00007480   00000080  00000000  00000080  RWIX
  ADCC                  00007500   00000080  00000000  00000080  RWIX
  ADCD                  00007580   00000080  00000000  00000080  RWIX
  INPUTXBAR             00007900   00000020  00000000  00000020  RWIX
  XBAR                  00007920   00000020  00000000  00000020  RWIX
  SYNCSOC               00007940   00000006  00000000  00000006  RWIX
  DMACLASRCSEL          00007980   0000001a  00000000  0000001a  RWIX
  EPWMXBAR              00007a00   00000040  00000000  00000040  RWIX
  CLBXBAR               00007a40   00000040  00000000  00000040  RWIX
  OUTPUTXBAR            00007a80   00000040  00000000  00000040  RWIX
  GPIOCTRL              00007c00   00000180  00000000  00000180  RWIX
  GPIODATA              00007f00   00000030  00000000  00000030  RWIX
  RAMLS5                0000a800   00000800  0000052b  000002d5  RWIX
  RAMD1                 0000b800   00000800  00000000  00000800  RWIX
  RAMGS0                0000c000   00001000  00000064  00000f9c  RWIX
  RAMGS1                0000d000   00001000  00000064  00000f9c  RWIX
  RAMGS2                0000e000   00001000  00000000  00001000  RWIX
  RAMGS3                0000f000   00001000  00000000  00001000  RWIX
  RAMGS4                00010000   00001000  00000000  00001000  RWIX
  RAMGS5                00011000   00001000  00000000  00001000  RWIX
  RAMGS6                00012000   00001000  00000000  00001000  RWIX
  RAMGS7                00013000   00001000  00000000  00001000  RWIX
  RAMGS8                00014000   00001000  00000000  00001000  RWIX
  RAMGS9                00015000   00001000  00000000  00001000  RWIX
  RAMGS10               00016000   00001000  00000000  00001000  RWIX
  RAMGS11               00017000   00001000  00000000  00001000  RWIX
  RAMGS12               00018000   00001000  00000000  00001000  RWIX
  RAMGS13               00019000   00001000  00000000  00001000  RWIX
  RAMGS14               0001a000   00001000  00000000  00001000  RWIX
  RAMGS15               0001b000   00000ff8  00000000  00000ff8  RWIX
  CPU2TOCPU1RAM         0003f800   00000400  00000000  00000400  RWIX
  CPU1TOCPU2RAM         0003fc00   00000400  00000000  00000400  RWIX
  EMIF1                 00047000   00000070  00000000  00000070  RWIX
  EMIF2                 00047800   00000070  00000000  00000070  RWIX
  CANA                  00048000   00000200  00000000  00000200  RWIX
  CANA_MSG_RAM          00049000   00000800  00000000  00000800  RWIX
  CANB                  0004a000   00000200  00000000  00000200  RWIX
  CANB_MSG_RAM          0004b000   00000800  00000000  00000800  RWIX
  IPC                   00050000   00000024  00000000  00000024  RWIX
  FLASHPUMPSEMAPHORE    00050024   00000002  00000000  00000002  RWIX
  DEVCFG                0005d000   0000012e  00000000  0000012e  RWIX
  ANALOGSUBSYS          0005d180   00000048  00000000  00000048  RWIX
  CLKCFG                0005d200   00000032  00000000  00000032  RWIX
  CPUSYS                0005d300   00000082  00000000  00000082  RWIX
  ROMPREFETCH           0005e608   00000002  00000000  00000002  RWIX
  DCSMZ1                0005f000   00000024  00000000  00000024  RWIX
  DCSMZ2                0005f040   00000024  00000000  00000024  RWIX
  DCSMCOMMON            0005f070   00000008  00000000  00000008  RWIX
  MEMCFG                0005f400   00000080  00000000  00000080  RWIX
  EMIF1CONFIG           0005f480   00000020  00000000  00000020  RWIX
  EMIF2CONFIG           0005f4a0   00000020  00000000  00000020  RWIX
  ACCESSPROTECTION      0005f4c0   00000040  00000000  00000040  RWIX
  MEMORYERROR           0005f500   00000040  00000000  00000040  RWIX
  ROMWAITSTATE          0005f540   00000002  00000000  00000002  RWIX
  FLASH0CTRL            0005f800   00000182  00000000  00000182  RWIX
  FLASH0ECC             0005fb00   00000028  00000000  00000028  RWIX
  UID                   000703c0   00000010  00000000  00000010  RWIX


SECTION ALLOCATION MAP

 output                                  attributes/
section   page    origin      length       input sections
--------  ----  ----------  ----------   ----------------
codestart 
*          0    00000000    00000002     
                  00000000    00000002     F2837xD_CodeStartBranch.obj (codestart)

.cinit     0    00000128    0000002c     
                  00000128    0000000a     (.cinit..data.load) [load image, compression = lzss]
                  00000132    00000006     (__TI_handler_table)
                  00000138    00000004     (.cinit..bss.load) [load image, compression = zero_init]
                  0000013c    00000004     (.cinit.ramgs0.load) [load image, compression = zero_init]
                  00000140    00000004     (.cinit.ramgs1.load) [load image, compression = zero_init]
                  00000144    00000010     (__TI_cinit_table)

.reset     0    003fffc0    00000000     DSECT

.stack     1    00000400    000003f8     UNINITIALIZED
                  00000400    000003f8     --HOLE--

.bss       1    0000ad26    00000006     UNINITIALIZED
                  0000ad26    00000006     array1 to array2 .obj (.bss)

.init_array 
*          0    00000123    00000000     UNINITIALIZED

.TI.ramfunc 
*          0    00000123    00000004     
                  00000123    00000004     driverlib_eabi.lib : sysctl.obj (.TI.ramfunc)

.const     1    0000a800    00000513     
                  0000a800    000001c0     F2837xD_PieVect.obj (.const)
                  0000a9c0    000000c2     driverlib_eabi.lib : sysctl.obj (.const:.string)
                  0000aa82    000000bc                        : gpio.obj (.const:.string)
                  0000ab3e    000000bb                        : dma.obj (.const:.string)
                  0000abf9    00000001     --HOLE-- [fill = 0]
                  0000abfa    000000a3     array1 to array2 .obj (.const:.string)
                  0000ac9d    00000001     --HOLE-- [fill = 0]
                  0000ac9e    00000062     driverlib_eabi.lib : cputimer.obj (.const:.string)
                  0000ad00    00000013     device.obj (.const:.string)

.data      1    0000ad14    00000012     UNINITIALIZED
                  0000ad14    00000006     device.obj (.data)
                  0000ad1a    00000006     rts2800_fpu32_eabi.lib : exit.c.obj (.data)
                  0000ad20    00000002                            : _lock.c.obj (.data:_lock)
                  0000ad22    00000002                            : _lock.c.obj (.data:_unlock)
                  0000ad24    00000002     array1 to array2 .obj (.data)

ramgs0     1    0000c000    00000064     UNINITIALIZED
                  0000c000    00000064     array1 to array2 .obj (ramgs0)

ramgs1     1    0000d000    00000064     UNINITIALIZED
                  0000d000    00000064     array1 to array2 .obj (ramgs1)

GETBUFFER 
*          0    0003f800    00000000     DSECT

GETWRITEIDX 
*          0    0003f800    00000000     DSECT

PUTREADIDX 
*          0    0003f800    00000000     DSECT

.text.1    0    00008000    000007fa     
                  00008000    000003ff     device.obj (.text)
                  000083ff    00000209     driverlib_eabi.lib : sysctl.obj (.text:SysCtl_setClock)
                  00008608    0000009d                        : dma.obj (.text:DMA_configMode)
                  000086a5    00000090                        : sysctl.obj (.text:SysCtl_selectXTAL)
                  00008735    00000088     rts2800_fpu32_eabi.lib : fs_div28.asm.obj (.text)
                  000087bd    0000003d     driverlib_eabi.lib : interrupt.obj (.text:Interrupt_initModule)

.text.2    0    00008800    0000051b     
                  00008800    00000068     driverlib_eabi.lib : sysctl.obj (.text:SysCtl_getDeviceParametric)
                  00008868    00000051                        : sysctl.obj (.text:SysCtl_getClock)
                  000088b9    00000048                        : sysctl.obj (.text:SysCtl_selectOscSource)
                  00008901    0000003c                        : dma.obj (.text:DMA_configTransfer)
                  0000893d    00000037                        : gpio.obj (.text:GPIO_setControllerCore)
                  00008974    00000037                        : gpio.obj (.text:GPIO_setPinConfig)
                  000089ab    00000037                        : gpio.obj (.text:GPIO_setQualificationMode)
                  000089e2    00000037                        : interrupt.obj (.text:Interrupt_enable)
                  00008a19    00000031                        : gpio.obj (.text:GPIO_setDirectionMode)
                  00008a4a    00000030     rts2800_fpu32_eabi.lib : copy_decompress_lzss.c.obj (.text:decompress:lzss)
                  00008a7a    0000002b                            : autoinit.c.obj (.text:__TI_auto_init_nobinit_nopinit)
                  00008aa5    00000029                            : exit.c.obj (.text)
                  00008ace    00000028     driverlib_eabi.lib : sysctl.obj (.text:CPUTimer_selectClockSource)
                  00008af6    00000025                        : dma.obj (.text:DMA_configAddresses)
                  00008b1b    00000023                        : dma.obj (.text:DMA_isBaseValid)
                  00008b3e    0000001f                        : sysctl.obj (.text:CPUTimer_getTimerOverflowStatus)
                  00008b5d    0000001e                        : interrupt.obj (.text:Interrupt_initVectorTable)
                  00008b7b    0000001d     rts2800_fpu32_eabi.lib : memcpy.c.obj (.text)
                  00008b98    0000001a     driverlib_eabi.lib : sysctl.obj (.text:CPUTimer_startTimer)
                  00008bb2    0000001a                        : sysctl.obj (.text:SysCtl_getLowSpeedClock)
                  00008bcc    00000017                        : cputimer.obj (.text:CPUTimer_isBaseValid)
                  00008be3    00000017                        : sysctl.obj (.text:CPUTimer_isBaseValid)
                  00008bfa    00000017     rts2800_fpu32_eabi.lib : boot28.asm.obj (.text)
                  00008c11    00000016     driverlib_eabi.lib : interrupt.obj (.text:Interrupt_defaultHandler)
                  00008c27    00000014                        : sysctl.obj (.text:CPUTimer_stopTimer)
                  00008c3b    00000013                        : cputimer.obj (.text:CPUTimer_setEmulationMode)
                  00008c4e    00000012                        : sysctl.obj (.text:CPUTimer_clearOverflowFlag)
                  00008c60    00000012                        : sysctl.obj (.text:CPUTimer_disableInterrupt)
                  00008c72    00000011                        : sysctl.obj (.text:CPUTimer_setPeriod)
                  00008c83    0000000f                        : sysctl.obj (.text:SysCtl_pollCpuTimer)
                  00008c92    0000000e                        : gpio.obj (.text:GPIO_isPinValid)
                  00008ca0    0000000d                        : interrupt.obj (.text:Interrupt_disableGlobal)
                  00008cad    0000000d                        : interrupt.obj (.text:Interrupt_enableGlobal)
                  00008cba    0000000d     rts2800_fpu32_eabi.lib : copy_zero_init.c.obj (.text:decompress:ZI:__TI_zero_init_nomemset)
                  00008cc7    0000000c                            : args_main.c.obj (.text)
                  00008cd3    0000000b     driverlib_eabi.lib : sysctl.obj (.text:SysCtl_isMCDClockFailureDetected)
                  00008cde    0000000a                        : interrupt.obj (.text:Interrupt_illegalOperationHandler)
                  00008ce8    0000000a                        : interrupt.obj (.text:Interrupt_nmiHandler)
                  00008cf2    00000009                        : sysctl.obj (.text:SysCtl_serviceWatchdog)
                  00008cfb    00000009     rts2800_fpu32_eabi.lib : _lock.c.obj (.text)
                  00008d04    00000008     F2837xD_CodeStartBranch.obj (.text)
                  00008d0c    00000008     rts2800_fpu32_eabi.lib : copy_decompress_none.c.obj (.text:decompress:none)
                  00008d14    00000007     driverlib_eabi.lib : sysctl.obj (.text:SysCtl_resetMCD)

.text.3    0    0000b000    000007fe     
                  0000b000    00000585     F2837xD_DefaultISR.obj (.text:retain)
                  0000b585    00000214     array1 to array2 .obj (.text)
                  0000b799    00000062     array1 to array2 .obj (.text:retain)
                  0000b7fb    00000002     rts2800_fpu32_eabi.lib : pre_init.c.obj (.text)
                  0000b7fd    00000001                            : startup.c.obj (.text)

MODULE SUMMARY

       Module                        code   ro data   rw data
       ------                        ----   -------   -------
    ./
       F2837xD_DefaultISR.obj        1413   0         0      
       array1 to array2 .obj         630    163       208    
       F2837xD_PieVect.obj           0      448       0      
       F2837xD_CodeStartBranch.obj   10     0         0      
    +--+-----------------------------+------+---------+---------+
       Total:                        2053   611       208    
                                                             
    ./device/
       device.obj                    1023   19        6      
    +--+-----------------------------+------+---------+---------+
       Total:                        1023   19        6      
                                                             
    /Applications/ti/ccs1280/ccs/tools/compiler/ti-cgt-c2000_22.6.1.LTS/lib/rts2800_fpu32_eabi.lib
       fs_div28.asm.obj              136    0         0      
       copy_decompress_lzss.c.obj    48     0         0      
       exit.c.obj                    41     0         6      
       autoinit.c.obj                43     0         0      
       memcpy.c.obj                  29     0         0      
       boot28.asm.obj                23     0         0      
       _lock.c.obj                   9      0         4      
       copy_zero_init.c.obj          13     0         0      
       args_main.c.obj               12     0         0      
       copy_decompress_none.c.obj    8      0         0      
       pre_init.c.obj                2      0         0      
       startup.c.obj                 1      0         0      
    +--+-----------------------------+------+---------+---------+
       Total:                        365    0         10     
                                                             
    /Users/huangxiaoqing/ti/C2000Ware_5_03_00_00/driverlib/f2837xd/driverlib/ccs/Debug/driverlib_eabi.lib
       sysctl.obj                    1187   194       0      
       dma.obj                       289    187       0      
       gpio.obj                      228    188       0      
       interrupt.obj                 214    0         0      
       cputimer.obj                  42     98        0      
    +--+-----------------------------+------+---------+---------+
       Total:                        1960   667       0      
                                                             
       Stack:                        0      0         1016   
       Linker Generated:             0      44        0      
    +--+-----------------------------+------+---------+---------+
       Grand Total:                  5401   1341      1240   


LINKER GENERATED COPY TABLES

__TI_cinit_table @ 00000144 records: 4, size/record: 4, table size: 16
	.data: load addr=00000128, load size=0000000a bytes, run addr=0000ad14, run size=00000012 bytes, compression=lzss
	.bss: load addr=00000138, load size=00000004 bytes, run addr=0000ad26, run size=00000006 bytes, compression=zero_init
	ramgs0: load addr=0000013c, load size=00000004 bytes, run addr=0000c000, run size=00000064 bytes, compression=zero_init
	ramgs1: load addr=00000140, load size=00000004 bytes, run addr=0000d000, run size=00000064 bytes, compression=zero_init


LINKER GENERATED HANDLER TABLE

__TI_handler_table @ 00000132 records: 3, size/record: 2, table size: 6
	index: 0, handler: __TI_zero_init
	index: 1, handler: __TI_decompress_lzss
	index: 2, handler: __TI_decompress_none


GLOBAL DATA SYMBOLS: SORTED BY DATA PAGE

address     data page           name
--------    ----------------    ----
00000400      10 (00000400)     __stack

0000a800     2a0 (0000a800)     PieVectTableInit

0000ad14     2b4 (0000ad00)     Example_Result
0000ad16     2b4 (0000ad00)     Example_PassCount
0000ad18     2b4 (0000ad00)     Example_Fail
0000ad1a     2b4 (0000ad00)     __TI_enable_exit_profile_output
0000ad1c     2b4 (0000ad00)     __TI_cleanup_ptr
0000ad1e     2b4 (0000ad00)     __TI_dtors_ptr
0000ad20     2b4 (0000ad00)     _lock
0000ad22     2b4 (0000ad00)     _unlock
0000ad24     2b4 (0000ad00)     sysClockFreq
0000ad26     2b4 (0000ad00)     cpuTimer0IntCount
0000ad27     2b4 (0000ad00)     dmaCh1IntCount
0000ad28     2b4 (0000ad00)     srcAddr
0000ad2a     2b4 (0000ad00)     destAddr

0000c000     300 (0000c000)     sData

0000d000     340 (0000d000)     rData


GLOBAL SYMBOLS: SORTED ALPHABETICALLY BY Name 

page  address   name                                     
----  -------   ----                                     
0     0000b0be  ADCA1_ISR                                
0     0000b33e  ADCA2_ISR                                
0     0000b348  ADCA3_ISR                                
0     0000b352  ADCA4_ISR                                
0     0000b334  ADCA_EVT_ISR                             
0     0000b0c8  ADCB1_ISR                                
0     0000b366  ADCB2_ISR                                
0     0000b370  ADCB3_ISR                                
0     0000b37a  ADCB4_ISR                                
0     0000b35c  ADCB_EVT_ISR                             
0     0000b0d2  ADCC1_ISR                                
0     0000b4ce  ADCC2_ISR                                
0     0000b4d8  ADCC3_ISR                                
0     0000b4e2  ADCC4_ISR                                
0     0000b4c4  ADCC_EVT_ISR                             
0     0000b0f0  ADCD1_ISR                                
0     0000b4f6  ADCD2_ISR                                
0     0000b500  ADCD3_ISR                                
0     0000b50a  ADCD4_ISR                                
0     0000b4ec  ADCD_EVT_ISR                             
0     0000b546  AUX_PLL_SLIP_ISR                         
0     00008aa5  C$$EXIT                                  
0     0000b30c  CANA0_ISR                                
0     0000b316  CANA1_ISR                                
0     0000b320  CANB0_ISR                                
0     0000b32a  CANB1_ISR                                
0     0000b384  CLA1_1_ISR                               
0     0000b38e  CLA1_2_ISR                               
0     0000b398  CLA1_3_ISR                               
0     0000b3a2  CLA1_4_ISR                               
0     0000b3ac  CLA1_5_ISR                               
0     0000b3b6  CLA1_6_ISR                               
0     0000b3c0  CLA1_7_ISR                               
0     0000b3ca  CLA1_8_ISR                               
0     0000b550  CLA_OVERFLOW_ISR                         
0     0000b55a  CLA_UNDERFLOW_ISR                        
0     00008c3b  CPUTimer_setEmulationMode                
0     0000b014  DATALOG_ISR                              
0     0000b258  DMA_CH1_ISR                              
0     0000b262  DMA_CH2_ISR                              
0     0000b26c  DMA_CH3_ISR                              
0     0000b276  DMA_CH4_ISR                              
0     0000b280  DMA_CH5_ISR                              
0     0000b28a  DMA_CH6_ISR                              
0     00008af6  DMA_configAddresses                      
0     00008608  DMA_configMode                           
0     00008901  DMA_configTransfer                       
0     00008273  Device_bootCPU2                          
0     00008242  Device_configureTMXAnalogTrim            
0     000080f0  Device_enableAllPeripherals              
0     0000822c  Device_enableUnbondedGPIOPullups         
0     0000820f  Device_enableUnbondedGPIOPullupsFor100Pin
0     000081fc  Device_enableUnbondedGPIOPullupsFor176Pin
0     000080ae  Device_init                              
0     000081db  Device_initGPIO                          
0     0000b1ae  ECAP1_ISR                                
0     0000b1b8  ECAP2_ISR                                
0     0000b1c2  ECAP3_ISR                                
0     0000b1cc  ECAP4_ISR                                
0     0000b1d6  ECAP5_ISR                                
0     0000b1e0  ECAP6_ISR                                
0     0000b514  EMIF_ERROR_ISR                           
0     0000b56e  EMPTY_ISR                                
0     0000b028  EMU_ISR                                  
0     0000b46a  EPWM10_ISR                               
0     0000b442  EPWM10_TZ_ISR                            
0     0000b474  EPWM11_ISR                               
0     0000b44c  EPWM11_TZ_ISR                            
0     0000b47e  EPWM12_ISR                               
0     0000b456  EPWM12_TZ_ISR                            
0     0000b15e  EPWM1_ISR                                
0     0000b10e  EPWM1_TZ_ISR                             
0     0000b168  EPWM2_ISR                                
0     0000b118  EPWM2_TZ_ISR                             
0     0000b172  EPWM3_ISR                                
0     0000b122  EPWM3_TZ_ISR                             
0     0000b17c  EPWM4_ISR                                
0     0000b12c  EPWM4_TZ_ISR                             
0     0000b186  EPWM5_ISR                                
0     0000b136  EPWM5_TZ_ISR                             
0     0000b190  EPWM6_ISR                                
0     0000b140  EPWM6_TZ_ISR                             
0     0000b19a  EPWM7_ISR                                
0     0000b14a  EPWM7_TZ_ISR                             
0     0000b1a4  EPWM8_ISR                                
0     0000b154  EPWM8_TZ_ISR                             
0     0000b460  EPWM9_ISR                                
0     0000b438  EPWM9_TZ_ISR                             
0     0000b1ea  EQEP1_ISR                                
0     0000b1f4  EQEP2_ISR                                
0     0000b1fe  EQEP3_ISR                                
1     0000ad18  Example_Fail                             
1     0000ad16  Example_PassCount                        
1     0000ad14  Example_Result                           
0     000083fe  Example_done                             
0     000083f9  Example_setResultFail                    
0     000083f4  Example_setResultPass                    
0     0000b528  FLASH_CORRECTABLE_ERROR_ISR              
0     0000b3fc  FPU_OVERFLOW_ISR                         
0     0000b406  FPU_UNDERFLOW_ISR                        
0     0000893d  GPIO_setControllerCore                   
0     00008a19  GPIO_setDirectionMode                    
0     00008974  GPIO_setPinConfig                        
0     000089ab  GPIO_setQualificationMode                
0     0000b29e  I2CA_FIFO_ISR                            
0     0000b294  I2CA_ISR                                 
0     0000b2b2  I2CB_FIFO_ISR                            
0     0000b2a8  I2CB_ISR                                 
0     0000b03c  ILLEGAL_ISR                              
0     0000b410  IPC0_ISR                                 
0     0000b41a  IPC1_ISR                                 
0     0000b424  IPC2_ISR                                 
0     0000b42e  IPC3_ISR                                 
0     00008c11  Interrupt_defaultHandler                 
0     000089e2  Interrupt_enable                         
0     00008cde  Interrupt_illegalOperationHandler        
0     000087bd  Interrupt_initModule                     
0     00008b5d  Interrupt_initVectorTable                
0     00008ce8  Interrupt_nmiHandler                     
0     0000b230  MCBSPA_RX_ISR                            
0     0000b23a  MCBSPA_TX_ISR                            
0     0000b244  MCBSPB_RX_ISR                            
0     0000b24e  MCBSPB_TX_ISR                            
0     0000b032  NMI_ISR                                  
0     0000b57b  NOTUSED_ISR                              
0     0000b564  PIE_RESERVED_ISR                         
1     0000a800  PieVectTableInit                         
0     0000b532  RAM_ACCESS_VIOLATION_ISR                 
0     0000b51e  RAM_CORRECTABLE_ERROR_ISR                
0     0000b01e  RTOS_ISR                                 
0     0000b2e4  SCIA_RX_ISR                              
0     0000b2ee  SCIA_TX_ISR                              
0     0000b2f8  SCIB_RX_ISR                              
0     0000b302  SCIB_TX_ISR                              
0     0000b2bc  SCIC_RX_ISR                              
0     0000b2c6  SCIC_TX_ISR                              
0     0000b2d0  SCID_RX_ISR                              
0     0000b2da  SCID_TX_ISR                              
0     0000b488  SD1_ISR                                  
0     0000b492  SD2_ISR                                  
0     0000b208  SPIA_RX_ISR                              
0     0000b212  SPIA_TX_ISR                              
0     0000b21c  SPIB_RX_ISR                              
0     0000b226  SPIB_TX_ISR                              
0     0000b49c  SPIC_RX_ISR                              
0     0000b4a6  SPIC_TX_ISR                              
0     0000b53c  SYS_PLL_SLIP_ISR                         
0     00000123  SysCtl_delay                             
0     00008868  SysCtl_getClock                          
0     00008800  SysCtl_getDeviceParametric               
0     00008bb2  SysCtl_getLowSpeedClock                  
0     000088b9  SysCtl_selectOscSource                   
0     000086a5  SysCtl_selectXTAL                        
0     000083ff  SysCtl_setClock                          
0     0000b0fa  TIMER0_ISR                               
0     0000b000  TIMER1_ISR                               
0     0000b00a  TIMER2_ISR                               
0     0000b4b0  UPPA_ISR                                 
0     0000b4ba  USBA_ISR                                 
0     0000b0a0  USER10_ISR                               
0     0000b0aa  USER11_ISR                               
0     0000b0b4  USER12_ISR                               
0     0000b046  USER1_ISR                                
0     0000b050  USER2_ISR                                
0     0000b05a  USER3_ISR                                
0     0000b064  USER4_ISR                                
0     0000b06e  USER5_ISR                                
0     0000b078  USER6_ISR                                
0     0000b082  USER7_ISR                                
0     0000b08c  USER8_ISR                                
0     0000b096  USER9_ISR                                
0     0000b3f2  VCU_ISR                                  
0     0000b104  WAKE_ISR                                 
0     0000b0dc  XINT1_ISR                                
0     0000b0e6  XINT2_ISR                                
0     0000b3d4  XINT3_ISR                                
0     0000b3de  XINT4_ISR                                
0     0000b3e8  XINT5_ISR                                
0     00000144  __TI_CINIT_Base                          
0     00000154  __TI_CINIT_Limit                         
0     00000154  __TI_CINIT_Warm                          
0     00000132  __TI_Handler_Table_Base                  
0     00000138  __TI_Handler_Table_Limit                 
1     000007f8  __TI_STACK_END                           
abs   000003f8  __TI_STACK_SIZE                          
0     00008a7a  __TI_auto_init_nobinit_nopinit           
1     0000ad1c  __TI_cleanup_ptr                         
0     00008a4a  __TI_decompress_lzss                     
0     00008d0c  __TI_decompress_none                     
1     0000ad1e  __TI_dtors_ptr                           
1     0000ad1a  __TI_enable_exit_profile_output          
abs   ffffffff  __TI_pprof_out_hndl                      
abs   ffffffff  __TI_prof_data_size                      
abs   ffffffff  __TI_prof_data_start                     
0     00008cba  __TI_zero_init_nomemset                  
0     00008735  __c28xabi_divf                           
n/a   UNDEFED   __c_args__                               
0     000083ed  __error__                                
1     00000400  __stack                                  
0     00008cc7  _args_main                               
0     00008bfa  _c_int00                                 
1     0000ad20  _lock                                    
0     00008d03  _nop                                     
0     00008cff  _register_lock                           
0     00008cfb  _register_unlock                         
0     0000b7fd  _system_post_cinit                       
0     0000b7fb  _system_pre_init                         
1     0000ad22  _unlock                                  
0     00008aa5  abort                                    
0     00000000  code_start                               
0     0000b76b  configCPUTimer                           
0     0000b7ca  cpuTimer0ISR                             
1     0000ad26  cpuTimer0IntCount                        
1     0000ad2a  destAddr                                 
0     0000b799  dmaCh1ISR                                
1     0000ad27  dmaCh1IntCount                           
0     00008aa7  exit                                     
0     0000b754  initCPUTimers                            
0     0000b72a  initDMA                                  
0     0000b6c4  main                                     
0     00008b7b  memcpy                                   
1     0000d000  rData                                    
1     0000c000  sData                                    
1     0000ad28  srcAddr                                  
1     0000ad24  sysClockFreq                             


GLOBAL SYMBOLS: SORTED BY Symbol Address 

page  address   name                                     
----  -------   ----                                     
0     00000000  code_start                               
0     00000123  SysCtl_delay                             
0     00000132  __TI_Handler_Table_Base                  
0     00000138  __TI_Handler_Table_Limit                 
0     00000144  __TI_CINIT_Base                          
0     00000154  __TI_CINIT_Limit                         
0     00000154  __TI_CINIT_Warm                          
0     000080ae  Device_init                              
0     000080f0  Device_enableAllPeripherals              
0     000081db  Device_initGPIO                          
0     000081fc  Device_enableUnbondedGPIOPullupsFor176Pin
0     0000820f  Device_enableUnbondedGPIOPullupsFor100Pin
0     0000822c  Device_enableUnbondedGPIOPullups         
0     00008242  Device_configureTMXAnalogTrim            
0     00008273  Device_bootCPU2                          
0     000083ed  __error__                                
0     000083f4  Example_setResultPass                    
0     000083f9  Example_setResultFail                    
0     000083fe  Example_done                             
0     000083ff  SysCtl_setClock                          
0     00008608  DMA_configMode                           
0     000086a5  SysCtl_selectXTAL                        
0     00008735  __c28xabi_divf                           
0     000087bd  Interrupt_initModule                     
0     00008800  SysCtl_getDeviceParametric               
0     00008868  SysCtl_getClock                          
0     000088b9  SysCtl_selectOscSource                   
0     00008901  DMA_configTransfer                       
0     0000893d  GPIO_setControllerCore                   
0     00008974  GPIO_setPinConfig                        
0     000089ab  GPIO_setQualificationMode                
0     000089e2  Interrupt_enable                         
0     00008a19  GPIO_setDirectionMode                    
0     00008a4a  __TI_decompress_lzss                     
0     00008a7a  __TI_auto_init_nobinit_nopinit           
0     00008aa5  C$$EXIT                                  
0     00008aa5  abort                                    
0     00008aa7  exit                                     
0     00008af6  DMA_configAddresses                      
0     00008b5d  Interrupt_initVectorTable                
0     00008b7b  memcpy                                   
0     00008bb2  SysCtl_getLowSpeedClock                  
0     00008bfa  _c_int00                                 
0     00008c11  Interrupt_defaultHandler                 
0     00008c3b  CPUTimer_setEmulationMode                
0     00008cba  __TI_zero_init_nomemset                  
0     00008cc7  _args_main                               
0     00008cde  Interrupt_illegalOperationHandler        
0     00008ce8  Interrupt_nmiHandler                     
0     00008cfb  _register_unlock                         
0     00008cff  _register_lock                           
0     00008d03  _nop                                     
0     00008d0c  __TI_decompress_none                     
0     0000b000  TIMER1_ISR                               
0     0000b00a  TIMER2_ISR                               
0     0000b014  DATALOG_ISR                              
0     0000b01e  RTOS_ISR                                 
0     0000b028  EMU_ISR                                  
0     0000b032  NMI_ISR                                  
0     0000b03c  ILLEGAL_ISR                              
0     0000b046  USER1_ISR                                
0     0000b050  USER2_ISR                                
0     0000b05a  USER3_ISR                                
0     0000b064  USER4_ISR                                
0     0000b06e  USER5_ISR                                
0     0000b078  USER6_ISR                                
0     0000b082  USER7_ISR                                
0     0000b08c  USER8_ISR                                
0     0000b096  USER9_ISR                                
0     0000b0a0  USER10_ISR                               
0     0000b0aa  USER11_ISR                               
0     0000b0b4  USER12_ISR                               
0     0000b0be  ADCA1_ISR                                
0     0000b0c8  ADCB1_ISR                                
0     0000b0d2  ADCC1_ISR                                
0     0000b0dc  XINT1_ISR                                
0     0000b0e6  XINT2_ISR                                
0     0000b0f0  ADCD1_ISR                                
0     0000b0fa  TIMER0_ISR                               
0     0000b104  WAKE_ISR                                 
0     0000b10e  EPWM1_TZ_ISR                             
0     0000b118  EPWM2_TZ_ISR                             
0     0000b122  EPWM3_TZ_ISR                             
0     0000b12c  EPWM4_TZ_ISR                             
0     0000b136  EPWM5_TZ_ISR                             
0     0000b140  EPWM6_TZ_ISR                             
0     0000b14a  EPWM7_TZ_ISR                             
0     0000b154  EPWM8_TZ_ISR                             
0     0000b15e  EPWM1_ISR                                
0     0000b168  EPWM2_ISR                                
0     0000b172  EPWM3_ISR                                
0     0000b17c  EPWM4_ISR                                
0     0000b186  EPWM5_ISR                                
0     0000b190  EPWM6_ISR                                
0     0000b19a  EPWM7_ISR                                
0     0000b1a4  EPWM8_ISR                                
0     0000b1ae  ECAP1_ISR                                
0     0000b1b8  ECAP2_ISR                                
0     0000b1c2  ECAP3_ISR                                
0     0000b1cc  ECAP4_ISR                                
0     0000b1d6  ECAP5_ISR                                
0     0000b1e0  ECAP6_ISR                                
0     0000b1ea  EQEP1_ISR                                
0     0000b1f4  EQEP2_ISR                                
0     0000b1fe  EQEP3_ISR                                
0     0000b208  SPIA_RX_ISR                              
0     0000b212  SPIA_TX_ISR                              
0     0000b21c  SPIB_RX_ISR                              
0     0000b226  SPIB_TX_ISR                              
0     0000b230  MCBSPA_RX_ISR                            
0     0000b23a  MCBSPA_TX_ISR                            
0     0000b244  MCBSPB_RX_ISR                            
0     0000b24e  MCBSPB_TX_ISR                            
0     0000b258  DMA_CH1_ISR                              
0     0000b262  DMA_CH2_ISR                              
0     0000b26c  DMA_CH3_ISR                              
0     0000b276  DMA_CH4_ISR                              
0     0000b280  DMA_CH5_ISR                              
0     0000b28a  DMA_CH6_ISR                              
0     0000b294  I2CA_ISR                                 
0     0000b29e  I2CA_FIFO_ISR                            
0     0000b2a8  I2CB_ISR                                 
0     0000b2b2  I2CB_FIFO_ISR                            
0     0000b2bc  SCIC_RX_ISR                              
0     0000b2c6  SCIC_TX_ISR                              
0     0000b2d0  SCID_RX_ISR                              
0     0000b2da  SCID_TX_ISR                              
0     0000b2e4  SCIA_RX_ISR                              
0     0000b2ee  SCIA_TX_ISR                              
0     0000b2f8  SCIB_RX_ISR                              
0     0000b302  SCIB_TX_ISR                              
0     0000b30c  CANA0_ISR                                
0     0000b316  CANA1_ISR                                
0     0000b320  CANB0_ISR                                
0     0000b32a  CANB1_ISR                                
0     0000b334  ADCA_EVT_ISR                             
0     0000b33e  ADCA2_ISR                                
0     0000b348  ADCA3_ISR                                
0     0000b352  ADCA4_ISR                                
0     0000b35c  ADCB_EVT_ISR                             
0     0000b366  ADCB2_ISR                                
0     0000b370  ADCB3_ISR                                
0     0000b37a  ADCB4_ISR                                
0     0000b384  CLA1_1_ISR                               
0     0000b38e  CLA1_2_ISR                               
0     0000b398  CLA1_3_ISR                               
0     0000b3a2  CLA1_4_ISR                               
0     0000b3ac  CLA1_5_ISR                               
0     0000b3b6  CLA1_6_ISR                               
0     0000b3c0  CLA1_7_ISR                               
0     0000b3ca  CLA1_8_ISR                               
0     0000b3d4  XINT3_ISR                                
0     0000b3de  XINT4_ISR                                
0     0000b3e8  XINT5_ISR                                
0     0000b3f2  VCU_ISR                                  
0     0000b3fc  FPU_OVERFLOW_ISR                         
0     0000b406  FPU_UNDERFLOW_ISR                        
0     0000b410  IPC0_ISR                                 
0     0000b41a  IPC1_ISR                                 
0     0000b424  IPC2_ISR                                 
0     0000b42e  IPC3_ISR                                 
0     0000b438  EPWM9_TZ_ISR                             
0     0000b442  EPWM10_TZ_ISR                            
0     0000b44c  EPWM11_TZ_ISR                            
0     0000b456  EPWM12_TZ_ISR                            
0     0000b460  EPWM9_ISR                                
0     0000b46a  EPWM10_ISR                               
0     0000b474  EPWM11_ISR                               
0     0000b47e  EPWM12_ISR                               
0     0000b488  SD1_ISR                                  
0     0000b492  SD2_ISR                                  
0     0000b49c  SPIC_RX_ISR                              
0     0000b4a6  SPIC_TX_ISR                              
0     0000b4b0  UPPA_ISR                                 
0     0000b4ba  USBA_ISR                                 
0     0000b4c4  ADCC_EVT_ISR                             
0     0000b4ce  ADCC2_ISR                                
0     0000b4d8  ADCC3_ISR                                
0     0000b4e2  ADCC4_ISR                                
0     0000b4ec  ADCD_EVT_ISR                             
0     0000b4f6  ADCD2_ISR                                
0     0000b500  ADCD3_ISR                                
0     0000b50a  ADCD4_ISR                                
0     0000b514  EMIF_ERROR_ISR                           
0     0000b51e  RAM_CORRECTABLE_ERROR_ISR                
0     0000b528  FLASH_CORRECTABLE_ERROR_ISR              
0     0000b532  RAM_ACCESS_VIOLATION_ISR                 
0     0000b53c  SYS_PLL_SLIP_ISR                         
0     0000b546  AUX_PLL_SLIP_ISR                         
0     0000b550  CLA_OVERFLOW_ISR                         
0     0000b55a  CLA_UNDERFLOW_ISR                        
0     0000b564  PIE_RESERVED_ISR                         
0     0000b56e  EMPTY_ISR                                
0     0000b57b  NOTUSED_ISR                              
0     0000b6c4  main                                     
0     0000b72a  initDMA                                  
0     0000b754  initCPUTimers                            
0     0000b76b  configCPUTimer                           
0     0000b799  dmaCh1ISR                                
0     0000b7ca  cpuTimer0ISR                             
0     0000b7fb  _system_pre_init                         
0     0000b7fd  _system_post_cinit                       
1     00000400  __stack                                  
1     000007f8  __TI_STACK_END                           
1     0000a800  PieVectTableInit                         
1     0000ad14  Example_Result                           
1     0000ad16  Example_PassCount                        
1     0000ad18  Example_Fail                             
1     0000ad1a  __TI_enable_exit_profile_output          
1     0000ad1c  __TI_cleanup_ptr                         
1     0000ad1e  __TI_dtors_ptr                           
1     0000ad20  _lock                                    
1     0000ad22  _unlock                                  
1     0000ad24  sysClockFreq                             
1     0000ad26  cpuTimer0IntCount                        
1     0000ad27  dmaCh1IntCount                           
1     0000ad28  srcAddr                                  
1     0000ad2a  destAddr                                 
1     0000c000  sData                                    
1     0000d000  rData                                    
abs   000003f8  __TI_STACK_SIZE                          
abs   ffffffff  __TI_pprof_out_hndl                      
abs   ffffffff  __TI_prof_data_size                      
abs   ffffffff  __TI_prof_data_start                     
n/a   UNDEFED   __c_args__                               

[225 symbols]
