<?xml version="1.0" encoding="ISO-8859-1" ?>
<link_info>
   <banner>TMS320C2000 Linker Unix v22.6.1.LTS</banner>
   <copyright>Copyright (c) 1996-2018 Texas Instruments Incorporated</copyright>
   <link_time>0x6745aef9</link_time>
   <link_errors>0x0</link_errors>
   <output_file>Group12_Task1.out</output_file>
   <entry_point>
      <name>_c_int00</name>
      <address>0x90b7</address>
   </entry_point>
   <input_file_list>
      <input_file id="fl-1">
         <path>./</path>
         <kind>object</kind>
         <file>main.obj</file>
         <name>main.obj</name>
      </input_file>
      <input_file id="fl-4">
         <kind>object</kind>
         <file>&lt;internal&gt;</file>
         <name>&lt;internal&gt;</name>
      </input_file>
      <input_file id="fl-11">
         <path>/Applications/ti/ccs1280/ccs/tools/compiler/ti-cgt-c2000_22.6.1.LTS/lib/</path>
         <kind>archive</kind>
         <file>rts2800_fpu32.lib</file>
         <name>printf.c.obj</name>
      </input_file>
      <input_file id="fl-12">
         <path>/Applications/ti/ccs1280/ccs/tools/compiler/ti-cgt-c2000_22.6.1.LTS/lib/</path>
         <kind>archive</kind>
         <file>rts2800_fpu32.lib</file>
         <name>_printfi.c.obj</name>
      </input_file>
      <input_file id="fl-13">
         <path>/Applications/ti/ccs1280/ccs/tools/compiler/ti-cgt-c2000_22.6.1.LTS/lib/</path>
         <kind>archive</kind>
         <file>rts2800_fpu32.lib</file>
         <name>sprintf.c.obj</name>
      </input_file>
      <input_file id="fl-14">
         <path>/Applications/ti/ccs1280/ccs/tools/compiler/ti-cgt-c2000_22.6.1.LTS/lib/</path>
         <kind>archive</kind>
         <file>rts2800_fpu32.lib</file>
         <name>fflush.c.obj</name>
      </input_file>
      <input_file id="fl-15">
         <path>/Applications/ti/ccs1280/ccs/tools/compiler/ti-cgt-c2000_22.6.1.LTS/lib/</path>
         <kind>archive</kind>
         <file>rts2800_fpu32.lib</file>
         <name>fputc.c.obj</name>
      </input_file>
      <input_file id="fl-16">
         <path>/Applications/ti/ccs1280/ccs/tools/compiler/ti-cgt-c2000_22.6.1.LTS/lib/</path>
         <kind>archive</kind>
         <file>rts2800_fpu32.lib</file>
         <name>fputs.c.obj</name>
      </input_file>
      <input_file id="fl-17">
         <path>/Applications/ti/ccs1280/ccs/tools/compiler/ti-cgt-c2000_22.6.1.LTS/lib/</path>
         <kind>archive</kind>
         <file>rts2800_fpu32.lib</file>
         <name>_io_perm.c.obj</name>
      </input_file>
      <input_file id="fl-18">
         <path>/Applications/ti/ccs1280/ccs/tools/compiler/ti-cgt-c2000_22.6.1.LTS/lib/</path>
         <kind>archive</kind>
         <file>rts2800_fpu32.lib</file>
         <name>setvbuf.c.obj</name>
      </input_file>
      <input_file id="fl-19">
         <path>/Applications/ti/ccs1280/ccs/tools/compiler/ti-cgt-c2000_22.6.1.LTS/lib/</path>
         <kind>archive</kind>
         <file>rts2800_fpu32.lib</file>
         <name>boot28.asm.obj</name>
      </input_file>
      <input_file id="fl-1a">
         <path>/Applications/ti/ccs1280/ccs/tools/compiler/ti-cgt-c2000_22.6.1.LTS/lib/</path>
         <kind>archive</kind>
         <file>rts2800_fpu32.lib</file>
         <name>fd_cmp28.asm.obj</name>
      </input_file>
      <input_file id="fl-1b">
         <path>/Applications/ti/ccs1280/ccs/tools/compiler/ti-cgt-c2000_22.6.1.LTS/lib/</path>
         <kind>archive</kind>
         <file>rts2800_fpu32.lib</file>
         <name>fd_mpy28.asm.obj</name>
      </input_file>
      <input_file id="fl-1c">
         <path>/Applications/ti/ccs1280/ccs/tools/compiler/ti-cgt-c2000_22.6.1.LTS/lib/</path>
         <kind>archive</kind>
         <file>rts2800_fpu32.lib</file>
         <name>fd_neg28.asm.obj</name>
      </input_file>
      <input_file id="fl-1d">
         <path>/Applications/ti/ccs1280/ccs/tools/compiler/ti-cgt-c2000_22.6.1.LTS/lib/</path>
         <kind>archive</kind>
         <file>rts2800_fpu32.lib</file>
         <name>fd_sub28.asm.obj</name>
      </input_file>
      <input_file id="fl-1e">
         <path>/Applications/ti/ccs1280/ccs/tools/compiler/ti-cgt-c2000_22.6.1.LTS/lib/</path>
         <kind>archive</kind>
         <file>rts2800_fpu32.lib</file>
         <name>fd_toi28.asm.obj</name>
      </input_file>
      <input_file id="fl-1f">
         <path>/Applications/ti/ccs1280/ccs/tools/compiler/ti-cgt-c2000_22.6.1.LTS/lib/</path>
         <kind>archive</kind>
         <file>rts2800_fpu32.lib</file>
         <name>fd_tol28.asm.obj</name>
      </input_file>
      <input_file id="fl-20">
         <path>/Applications/ti/ccs1280/ccs/tools/compiler/ti-cgt-c2000_22.6.1.LTS/lib/</path>
         <kind>archive</kind>
         <file>rts2800_fpu32.lib</file>
         <name>ll_aox28.asm.obj</name>
      </input_file>
      <input_file id="fl-21">
         <path>/Applications/ti/ccs1280/ccs/tools/compiler/ti-cgt-c2000_22.6.1.LTS/lib/</path>
         <kind>archive</kind>
         <file>rts2800_fpu32.lib</file>
         <name>ll_cmp28.asm.obj</name>
      </input_file>
      <input_file id="fl-22">
         <path>/Applications/ti/ccs1280/ccs/tools/compiler/ti-cgt-c2000_22.6.1.LTS/lib/</path>
         <kind>archive</kind>
         <file>rts2800_fpu32.lib</file>
         <name>ll_div28.asm.obj</name>
      </input_file>
      <input_file id="fl-23">
         <path>/Applications/ti/ccs1280/ccs/tools/compiler/ti-cgt-c2000_22.6.1.LTS/lib/</path>
         <kind>archive</kind>
         <file>rts2800_fpu32.lib</file>
         <name>i_tofd28.asm.obj</name>
      </input_file>
      <input_file id="fl-24">
         <path>/Applications/ti/ccs1280/ccs/tools/compiler/ti-cgt-c2000_22.6.1.LTS/lib/</path>
         <kind>archive</kind>
         <file>rts2800_fpu32.lib</file>
         <name>l_tofd28.asm.obj</name>
      </input_file>
      <input_file id="fl-25">
         <path>/Applications/ti/ccs1280/ccs/tools/compiler/ti-cgt-c2000_22.6.1.LTS/lib/</path>
         <kind>archive</kind>
         <file>rts2800_fpu32.lib</file>
         <name>fs_tofdfpu32.asm.obj</name>
      </input_file>
      <input_file id="fl-26">
         <path>/Applications/ti/ccs1280/ccs/tools/compiler/ti-cgt-c2000_22.6.1.LTS/lib/</path>
         <kind>archive</kind>
         <file>rts2800_fpu32.lib</file>
         <name>fd_div28.asm.obj</name>
      </input_file>
      <input_file id="fl-27">
         <path>/Applications/ti/ccs1280/ccs/tools/compiler/ti-cgt-c2000_22.6.1.LTS/lib/</path>
         <kind>archive</kind>
         <file>rts2800_fpu32.lib</file>
         <name>cpy_tbl.c.obj</name>
      </input_file>
      <input_file id="fl-28">
         <path>/Applications/ti/ccs1280/ccs/tools/compiler/ti-cgt-c2000_22.6.1.LTS/lib/</path>
         <kind>archive</kind>
         <file>rts2800_fpu32.lib</file>
         <name>memcpy.c.obj</name>
      </input_file>
      <input_file id="fl-29">
         <path>/Applications/ti/ccs1280/ccs/tools/compiler/ti-cgt-c2000_22.6.1.LTS/lib/</path>
         <kind>archive</kind>
         <file>rts2800_fpu32.lib</file>
         <name>pre_init.c.obj</name>
      </input_file>
      <input_file id="fl-2a">
         <path>/Applications/ti/ccs1280/ccs/tools/compiler/ti-cgt-c2000_22.6.1.LTS/lib/</path>
         <kind>archive</kind>
         <file>rts2800_fpu32.lib</file>
         <name>startup.c.obj</name>
      </input_file>
      <input_file id="fl-2b">
         <path>/Applications/ti/ccs1280/ccs/tools/compiler/ti-cgt-c2000_22.6.1.LTS/lib/</path>
         <kind>archive</kind>
         <file>rts2800_fpu32.lib</file>
         <name>exit.c.obj</name>
      </input_file>
      <input_file id="fl-2c">
         <path>/Applications/ti/ccs1280/ccs/tools/compiler/ti-cgt-c2000_22.6.1.LTS/lib/</path>
         <kind>archive</kind>
         <file>rts2800_fpu32.lib</file>
         <name>_lock.c.obj</name>
      </input_file>
      <input_file id="fl-2d">
         <path>/Applications/ti/ccs1280/ccs/tools/compiler/ti-cgt-c2000_22.6.1.LTS/lib/</path>
         <kind>archive</kind>
         <file>rts2800_fpu32.lib</file>
         <name>_ltoa.c.obj</name>
      </input_file>
      <input_file id="fl-2e">
         <path>/Applications/ti/ccs1280/ccs/tools/compiler/ti-cgt-c2000_22.6.1.LTS/lib/</path>
         <kind>archive</kind>
         <file>rts2800_fpu32.lib</file>
         <name>args_main.c.obj</name>
      </input_file>
      <input_file id="fl-2f">
         <path>/Applications/ti/ccs1280/ccs/tools/compiler/ti-cgt-c2000_22.6.1.LTS/lib/</path>
         <kind>archive</kind>
         <file>rts2800_fpu32.lib</file>
         <name>atoi.c.obj</name>
      </input_file>
      <input_file id="fl-30">
         <path>/Applications/ti/ccs1280/ccs/tools/compiler/ti-cgt-c2000_22.6.1.LTS/lib/</path>
         <kind>archive</kind>
         <file>rts2800_fpu32.lib</file>
         <name>ctype.c.obj</name>
      </input_file>
      <input_file id="fl-31">
         <path>/Applications/ti/ccs1280/ccs/tools/compiler/ti-cgt-c2000_22.6.1.LTS/lib/</path>
         <kind>archive</kind>
         <file>rts2800_fpu32.lib</file>
         <name>defs.c.obj</name>
      </input_file>
      <input_file id="fl-32">
         <path>/Applications/ti/ccs1280/ccs/tools/compiler/ti-cgt-c2000_22.6.1.LTS/lib/</path>
         <kind>archive</kind>
         <file>rts2800_fpu32.lib</file>
         <name>memccpy.c.obj</name>
      </input_file>
      <input_file id="fl-33">
         <path>/Applications/ti/ccs1280/ccs/tools/compiler/ti-cgt-c2000_22.6.1.LTS/lib/</path>
         <kind>archive</kind>
         <file>rts2800_fpu32.lib</file>
         <name>memchr.c.obj</name>
      </input_file>
      <input_file id="fl-34">
         <path>/Applications/ti/ccs1280/ccs/tools/compiler/ti-cgt-c2000_22.6.1.LTS/lib/</path>
         <kind>archive</kind>
         <file>rts2800_fpu32.lib</file>
         <name>memory.c.obj</name>
      </input_file>
      <input_file id="fl-35">
         <path>/Applications/ti/ccs1280/ccs/tools/compiler/ti-cgt-c2000_22.6.1.LTS/lib/</path>
         <kind>archive</kind>
         <file>rts2800_fpu32.lib</file>
         <name>memset.c.obj</name>
      </input_file>
      <input_file id="fl-36">
         <path>/Applications/ti/ccs1280/ccs/tools/compiler/ti-cgt-c2000_22.6.1.LTS/lib/</path>
         <kind>archive</kind>
         <file>rts2800_fpu32.lib</file>
         <name>strchr.c.obj</name>
      </input_file>
      <input_file id="fl-37">
         <path>/Applications/ti/ccs1280/ccs/tools/compiler/ti-cgt-c2000_22.6.1.LTS/lib/</path>
         <kind>archive</kind>
         <file>rts2800_fpu32.lib</file>
         <name>strcpy.c.obj</name>
      </input_file>
      <input_file id="fl-38">
         <path>/Applications/ti/ccs1280/ccs/tools/compiler/ti-cgt-c2000_22.6.1.LTS/lib/</path>
         <kind>archive</kind>
         <file>rts2800_fpu32.lib</file>
         <name>strlen.c.obj</name>
      </input_file>
      <input_file id="fl-39">
         <path>/Applications/ti/ccs1280/ccs/tools/compiler/ti-cgt-c2000_22.6.1.LTS/lib/</path>
         <kind>archive</kind>
         <file>rts2800_fpu32.lib</file>
         <name>write.c.obj</name>
      </input_file>
      <input_file id="fl-3a">
         <path>/Applications/ti/ccs1280/ccs/tools/compiler/ti-cgt-c2000_22.6.1.LTS/lib/</path>
         <kind>archive</kind>
         <file>rts2800_fpu32.lib</file>
         <name>host_device.c.obj</name>
      </input_file>
      <input_file id="fl-3b">
         <path>/Applications/ti/ccs1280/ccs/tools/compiler/ti-cgt-c2000_22.6.1.LTS/lib/</path>
         <kind>archive</kind>
         <file>rts2800_fpu32.lib</file>
         <name>s_frexp.c.obj</name>
      </input_file>
      <input_file id="fl-3c">
         <path>/Applications/ti/ccs1280/ccs/tools/compiler/ti-cgt-c2000_22.6.1.LTS/lib/</path>
         <kind>archive</kind>
         <file>rts2800_fpu32.lib</file>
         <name>s_scalbn.c.obj</name>
      </input_file>
      <input_file id="fl-3d">
         <path>/Applications/ti/ccs1280/ccs/tools/compiler/ti-cgt-c2000_22.6.1.LTS/lib/</path>
         <kind>archive</kind>
         <file>rts2800_fpu32.lib</file>
         <name>wcslen.c.obj</name>
      </input_file>
      <input_file id="fl-3e">
         <path>/Applications/ti/ccs1280/ccs/tools/compiler/ti-cgt-c2000_22.6.1.LTS/lib/</path>
         <kind>archive</kind>
         <file>rts2800_fpu32.lib</file>
         <name>fopen.c.obj</name>
      </input_file>
      <input_file id="fl-3f">
         <path>/Applications/ti/ccs1280/ccs/tools/compiler/ti-cgt-c2000_22.6.1.LTS/lib/</path>
         <kind>archive</kind>
         <file>rts2800_fpu32.lib</file>
         <name>fseek.c.obj</name>
      </input_file>
      <input_file id="fl-40">
         <path>/Applications/ti/ccs1280/ccs/tools/compiler/ti-cgt-c2000_22.6.1.LTS/lib/</path>
         <kind>archive</kind>
         <file>rts2800_fpu32.lib</file>
         <name>fd_add28.asm.obj</name>
      </input_file>
      <input_file id="fl-41">
         <path>/Applications/ti/ccs1280/ccs/tools/compiler/ti-cgt-c2000_22.6.1.LTS/lib/</path>
         <kind>archive</kind>
         <file>rts2800_fpu32.lib</file>
         <name>l_div28.asm.obj</name>
      </input_file>
      <input_file id="fl-42">
         <path>/Applications/ti/ccs1280/ccs/tools/compiler/ti-cgt-c2000_22.6.1.LTS/lib/</path>
         <kind>archive</kind>
         <file>rts2800_fpu32.lib</file>
         <name>hostclose.c.obj</name>
      </input_file>
      <input_file id="fl-43">
         <path>/Applications/ti/ccs1280/ccs/tools/compiler/ti-cgt-c2000_22.6.1.LTS/lib/</path>
         <kind>archive</kind>
         <file>rts2800_fpu32.lib</file>
         <name>hostlseek.c.obj</name>
      </input_file>
      <input_file id="fl-44">
         <path>/Applications/ti/ccs1280/ccs/tools/compiler/ti-cgt-c2000_22.6.1.LTS/lib/</path>
         <kind>archive</kind>
         <file>rts2800_fpu32.lib</file>
         <name>hostopen.c.obj</name>
      </input_file>
      <input_file id="fl-45">
         <path>/Applications/ti/ccs1280/ccs/tools/compiler/ti-cgt-c2000_22.6.1.LTS/lib/</path>
         <kind>archive</kind>
         <file>rts2800_fpu32.lib</file>
         <name>hostread.c.obj</name>
      </input_file>
      <input_file id="fl-46">
         <path>/Applications/ti/ccs1280/ccs/tools/compiler/ti-cgt-c2000_22.6.1.LTS/lib/</path>
         <kind>archive</kind>
         <file>rts2800_fpu32.lib</file>
         <name>hostrename.c.obj</name>
      </input_file>
      <input_file id="fl-47">
         <path>/Applications/ti/ccs1280/ccs/tools/compiler/ti-cgt-c2000_22.6.1.LTS/lib/</path>
         <kind>archive</kind>
         <file>rts2800_fpu32.lib</file>
         <name>hostunlink.c.obj</name>
      </input_file>
      <input_file id="fl-48">
         <path>/Applications/ti/ccs1280/ccs/tools/compiler/ti-cgt-c2000_22.6.1.LTS/lib/</path>
         <kind>archive</kind>
         <file>rts2800_fpu32.lib</file>
         <name>hostwrite.c.obj</name>
      </input_file>
      <input_file id="fl-49">
         <path>/Applications/ti/ccs1280/ccs/tools/compiler/ti-cgt-c2000_22.6.1.LTS/lib/</path>
         <kind>archive</kind>
         <file>rts2800_fpu32.lib</file>
         <name>trgmsg.c.obj</name>
      </input_file>
      <input_file id="fl-4a">
         <path>/Applications/ti/ccs1280/ccs/tools/compiler/ti-cgt-c2000_22.6.1.LTS/lib/</path>
         <kind>archive</kind>
         <file>rts2800_fpu32.lib</file>
         <name>open.c.obj</name>
      </input_file>
      <input_file id="fl-4b">
         <path>/Applications/ti/ccs1280/ccs/tools/compiler/ti-cgt-c2000_22.6.1.LTS/lib/</path>
         <kind>archive</kind>
         <file>rts2800_fpu32.lib</file>
         <name>lseek.c.obj</name>
      </input_file>
      <input_file id="fl-4c">
         <path>/Applications/ti/ccs1280/ccs/tools/compiler/ti-cgt-c2000_22.6.1.LTS/lib/</path>
         <kind>archive</kind>
         <file>rts2800_fpu32.lib</file>
         <name>errno.c.obj</name>
      </input_file>
      <input_file id="fl-4d">
         <path>/Applications/ti/ccs1280/ccs/tools/compiler/ti-cgt-c2000_22.6.1.LTS/lib/</path>
         <kind>archive</kind>
         <file>rts2800_fpu32.lib</file>
         <name>s_copysign.c.obj</name>
      </input_file>
      <input_file id="fl-4e">
         <path>/Applications/ti/ccs1280/ccs/tools/compiler/ti-cgt-c2000_22.6.1.LTS/lib/</path>
         <kind>archive</kind>
         <file>rts2800_fpu32.lib</file>
         <name>fclose.c.obj</name>
      </input_file>
      <input_file id="fl-4f">
         <path>/Applications/ti/ccs1280/ccs/tools/compiler/ti-cgt-c2000_22.6.1.LTS/lib/</path>
         <kind>archive</kind>
         <file>rts2800_fpu32.lib</file>
         <name>getdevice.c.obj</name>
      </input_file>
      <input_file id="fl-50">
         <path>/Applications/ti/ccs1280/ccs/tools/compiler/ti-cgt-c2000_22.6.1.LTS/lib/</path>
         <kind>archive</kind>
         <file>rts2800_fpu32.lib</file>
         <name>strcmp.c.obj</name>
      </input_file>
      <input_file id="fl-51">
         <path>/Applications/ti/ccs1280/ccs/tools/compiler/ti-cgt-c2000_22.6.1.LTS/lib/</path>
         <kind>archive</kind>
         <file>rts2800_fpu32.lib</file>
         <name>strncpy.c.obj</name>
      </input_file>
      <input_file id="fl-52">
         <path>/Applications/ti/ccs1280/ccs/tools/compiler/ti-cgt-c2000_22.6.1.LTS/lib/</path>
         <kind>archive</kind>
         <file>rts2800_fpu32.lib</file>
         <name>remove.c.obj</name>
      </input_file>
      <input_file id="fl-53">
         <path>/Applications/ti/ccs1280/ccs/tools/compiler/ti-cgt-c2000_22.6.1.LTS/lib/</path>
         <kind>archive</kind>
         <file>rts2800_fpu32.lib</file>
         <name>close.c.obj</name>
      </input_file>
      <input_file id="fl-54">
         <path>/Applications/ti/ccs1280/ccs/tools/compiler/ti-cgt-c2000_22.6.1.LTS/lib/</path>
         <kind>archive</kind>
         <file>rts2800_fpu32.lib</file>
         <name>unlink.c.obj</name>
      </input_file>
   </input_file_list>
   <object_component_list>
      <object_component id="oc-18c">
         <name>.text:__TI_printfi</name>
         <load_address>0x8000</load_address>
         <run_address>0x8000</run_address>
         <size>0x5f5</size>
         <input_file_ref idref="fl-12"/>
      </object_component>
      <object_component id="oc-72">
         <name>.text</name>
         <load_address>0x85f5</load_address>
         <run_address>0x85f5</run_address>
         <size>0x107</size>
         <input_file_ref idref="fl-22"/>
      </object_component>
      <object_component id="oc-19f">
         <name>.text</name>
         <load_address>0x86fc</load_address>
         <run_address>0x86fc</run_address>
         <size>0xa9</size>
         <input_file_ref idref="fl-3c"/>
      </object_component>
      <object_component id="oc-1a7">
         <name>.text</name>
         <load_address>0x87a5</load_address>
         <run_address>0x87a5</run_address>
         <size>0x5b</size>
         <input_file_ref idref="fl-43"/>
      </object_component>
      <object_component id="oc-198">
         <name>.text</name>
         <load_address>0x8800</load_address>
         <run_address>0x8800</run_address>
         <size>0x28c</size>
         <input_file_ref idref="fl-34"/>
      </object_component>
      <object_component id="oc-17e">
         <name>.text</name>
         <load_address>0x8a8c</load_address>
         <run_address>0x8a8c</run_address>
         <size>0xa8</size>
         <input_file_ref idref="fl-16"/>
      </object_component>
      <object_component id="oc-10a">
         <name>.text</name>
         <load_address>0x8b34</load_address>
         <run_address>0x8b34</run_address>
         <size>0x9c</size>
         <input_file_ref idref="fl-40"/>
      </object_component>
      <object_component id="oc-1b0">
         <name>.text</name>
         <load_address>0x8bd0</load_address>
         <run_address>0x8bd0</run_address>
         <size>0x95</size>
         <input_file_ref idref="fl-49"/>
      </object_component>
      <object_component id="oc-86">
         <name>.text</name>
         <load_address>0x8c65</load_address>
         <run_address>0x8c65</run_address>
         <size>0x8b</size>
         <input_file_ref idref="fl-26"/>
      </object_component>
      <object_component id="oc-17b">
         <name>.text</name>
         <load_address>0x8cf0</load_address>
         <run_address>0x8cf0</run_address>
         <size>0x88</size>
         <input_file_ref idref="fl-1"/>
      </object_component>
      <object_component id="oc-4f">
         <name>.text</name>
         <load_address>0x8d78</load_address>
         <run_address>0x8d78</run_address>
         <size>0x83</size>
         <input_file_ref idref="fl-1b"/>
      </object_component>
      <object_component id="oc-18e">
         <name>.text</name>
         <load_address>0x8dfb</load_address>
         <run_address>0x8dfb</run_address>
         <size>0x7c</size>
         <input_file_ref idref="fl-18"/>
      </object_component>
      <object_component id="oc-181">
         <name>.text</name>
         <load_address>0x8e77</load_address>
         <run_address>0x8e77</run_address>
         <size>0x73</size>
         <input_file_ref idref="fl-14"/>
      </object_component>
      <object_component id="oc-1a1">
         <name>.text</name>
         <load_address>0x8eea</load_address>
         <run_address>0x8eea</run_address>
         <size>0x71</size>
         <input_file_ref idref="fl-4a"/>
      </object_component>
      <object_component id="oc-186">
         <name>.text</name>
         <load_address>0x8f5b</load_address>
         <run_address>0x8f5b</run_address>
         <size>0x65</size>
         <input_file_ref idref="fl-17"/>
      </object_component>
      <object_component id="oc-1a9">
         <name>.text</name>
         <load_address>0x8fc0</load_address>
         <run_address>0x8fc0</run_address>
         <size>0x3e</size>
         <input_file_ref idref="fl-46"/>
      </object_component>
      <object_component id="oc-175">
         <name>.text</name>
         <load_address>0x8ffe</load_address>
         <run_address>0x8ffe</run_address>
         <size>0x2</size>
         <input_file_ref idref="fl-29"/>
      </object_component>
      <object_component id="oc-1a2">
         <name>.text</name>
         <load_address>0x9000</load_address>
         <run_address>0x9000</run_address>
         <size>0x5d</size>
         <input_file_ref idref="fl-4e"/>
      </object_component>
      <object_component id="oc-19e">
         <name>.text</name>
         <load_address>0x905d</load_address>
         <run_address>0x905d</run_address>
         <size>0x5a</size>
         <input_file_ref idref="fl-3b"/>
      </object_component>
      <object_component id="oc-12">
         <name>.text</name>
         <load_address>0x90b7</load_address>
         <run_address>0x90b7</run_address>
         <size>0x56</size>
         <input_file_ref idref="fl-19"/>
      </object_component>
      <object_component id="oc-18b">
         <name>.text</name>
         <load_address>0x910d</load_address>
         <run_address>0x910d</run_address>
         <size>0x53</size>
         <input_file_ref idref="fl-15"/>
      </object_component>
      <object_component id="oc-1ab">
         <name>.text</name>
         <load_address>0x9160</load_address>
         <run_address>0x9160</run_address>
         <size>0x51</size>
         <input_file_ref idref="fl-4f"/>
      </object_component>
      <object_component id="oc-18d">
         <name>.text</name>
         <load_address>0x91b1</load_address>
         <run_address>0x91b1</run_address>
         <size>0x3d</size>
         <input_file_ref idref="fl-3f"/>
      </object_component>
      <object_component id="oc-1a3">
         <name>.text</name>
         <load_address>0x91ee</load_address>
         <run_address>0x91ee</run_address>
         <size>0x38</size>
         <input_file_ref idref="fl-44"/>
      </object_component>
      <object_component id="oc-1a6">
         <name>.text</name>
         <load_address>0x9226</load_address>
         <run_address>0x9226</run_address>
         <size>0x37</size>
         <input_file_ref idref="fl-48"/>
      </object_component>
      <object_component id="oc-1a5">
         <name>.text</name>
         <load_address>0x925d</load_address>
         <run_address>0x925d</run_address>
         <size>0x36</size>
         <input_file_ref idref="fl-45"/>
      </object_component>
      <object_component id="oc-182">
         <name>.text</name>
         <load_address>0x9293</load_address>
         <run_address>0x9293</run_address>
         <size>0x34</size>
         <input_file_ref idref="fl-11"/>
      </object_component>
      <object_component id="oc-1ac">
         <name>.text</name>
         <load_address>0x92c7</load_address>
         <run_address>0x92c7</run_address>
         <size>0x33</size>
         <input_file_ref idref="fl-53"/>
      </object_component>
      <object_component id="oc-183">
         <name>.text</name>
         <load_address>0x92fa</load_address>
         <run_address>0x92fa</run_address>
         <size>0x32</size>
         <input_file_ref idref="fl-13"/>
      </object_component>
      <object_component id="oc-191">
         <name>.text</name>
         <load_address>0x932c</load_address>
         <run_address>0x932c</run_address>
         <size>0x31</size>
         <input_file_ref idref="fl-2f"/>
      </object_component>
      <object_component id="oc-19d">
         <name>.text</name>
         <load_address>0x935d</load_address>
         <run_address>0x935d</run_address>
         <size>0x30</size>
         <input_file_ref idref="fl-2d"/>
      </object_component>
      <object_component id="oc-4a">
         <name>.text</name>
         <load_address>0x938d</load_address>
         <run_address>0x938d</run_address>
         <size>0x2a</size>
         <input_file_ref idref="fl-1a"/>
      </object_component>
      <object_component id="oc-10f">
         <name>.text</name>
         <load_address>0x93b7</load_address>
         <run_address>0x93b7</run_address>
         <size>0x2a</size>
         <input_file_ref idref="fl-41"/>
      </object_component>
      <object_component id="oc-179">
         <name>.text</name>
         <load_address>0x93e1</load_address>
         <run_address>0x93e1</run_address>
         <size>0x29</size>
         <input_file_ref idref="fl-2b"/>
      </object_component>
      <object_component id="oc-1a4">
         <name>.text</name>
         <load_address>0x940a</load_address>
         <run_address>0x940a</run_address>
         <size>0x27</size>
         <input_file_ref idref="fl-42"/>
      </object_component>
      <object_component id="oc-176">
         <name>.text</name>
         <load_address>0x9431</load_address>
         <run_address>0x9431</run_address>
         <size>0x24</size>
         <input_file_ref idref="fl-27"/>
      </object_component>
      <object_component id="oc-1a8">
         <name>.text</name>
         <load_address>0x9455</load_address>
         <run_address>0x9455</run_address>
         <size>0x24</size>
         <input_file_ref idref="fl-47"/>
      </object_component>
      <object_component id="oc-1aa">
         <name>.text</name>
         <load_address>0x9479</load_address>
         <run_address>0x9479</run_address>
         <size>0x24</size>
         <input_file_ref idref="fl-4d"/>
      </object_component>
      <object_component id="oc-5e">
         <name>.text</name>
         <load_address>0x949d</load_address>
         <run_address>0x949d</run_address>
         <size>0x21</size>
         <input_file_ref idref="fl-1e"/>
      </object_component>
      <object_component id="oc-63">
         <name>.text</name>
         <load_address>0x94be</load_address>
         <run_address>0x94be</run_address>
         <size>0x1f</size>
         <input_file_ref idref="fl-1f"/>
      </object_component>
      <object_component id="oc-6d">
         <name>.text</name>
         <load_address>0x94dd</load_address>
         <run_address>0x94dd</run_address>
         <size>0x1e</size>
         <input_file_ref idref="fl-21"/>
      </object_component>
      <object_component id="oc-77">
         <name>.text</name>
         <load_address>0x94fb</load_address>
         <run_address>0x94fb</run_address>
         <size>0x1d</size>
         <input_file_ref idref="fl-23"/>
      </object_component>
      <object_component id="oc-17a">
         <name>.text</name>
         <load_address>0x9518</load_address>
         <run_address>0x9518</run_address>
         <size>0x1d</size>
         <input_file_ref idref="fl-28"/>
      </object_component>
      <object_component id="oc-81">
         <name>.text</name>
         <load_address>0x9535</load_address>
         <run_address>0x9535</run_address>
         <size>0x1c</size>
         <input_file_ref idref="fl-25"/>
      </object_component>
      <object_component id="oc-7c">
         <name>.text</name>
         <load_address>0x9551</load_address>
         <run_address>0x9551</run_address>
         <size>0x1c</size>
         <input_file_ref idref="fl-24"/>
      </object_component>
      <object_component id="oc-1b3">
         <name>.text</name>
         <load_address>0x956d</load_address>
         <run_address>0x956d</run_address>
         <size>0x19</size>
         <input_file_ref idref="fl-54"/>
      </object_component>
      <object_component id="oc-18a">
         <name>.text</name>
         <load_address>0x9586</load_address>
         <run_address>0x9586</run_address>
         <size>0x19</size>
         <input_file_ref idref="fl-39"/>
      </object_component>
      <object_component id="oc-68">
         <name>.text</name>
         <load_address>0x959f</load_address>
         <run_address>0x959f</run_address>
         <size>0x18</size>
         <input_file_ref idref="fl-20"/>
      </object_component>
      <object_component id="oc-197">
         <name>.text</name>
         <load_address>0x95b7</load_address>
         <run_address>0x95b7</run_address>
         <size>0x18</size>
         <input_file_ref idref="fl-4b"/>
      </object_component>
      <object_component id="oc-1b2">
         <name>.text</name>
         <load_address>0x95cf</load_address>
         <run_address>0x95cf</run_address>
         <size>0x15</size>
         <input_file_ref idref="fl-51"/>
      </object_component>
      <object_component id="oc-178">
         <name>.text</name>
         <load_address>0x95e4</load_address>
         <run_address>0x95e4</run_address>
         <size>0x12</size>
         <input_file_ref idref="fl-2e"/>
      </object_component>
      <object_component id="oc-195">
         <name>.text</name>
         <load_address>0x95f6</load_address>
         <run_address>0x95f6</run_address>
         <size>0x10</size>
         <input_file_ref idref="fl-32"/>
      </object_component>
      <object_component id="oc-189">
         <name>.text</name>
         <load_address>0x9606</load_address>
         <run_address>0x9606</run_address>
         <size>0xd</size>
         <input_file_ref idref="fl-33"/>
      </object_component>
      <object_component id="oc-1a0">
         <name>.text</name>
         <load_address>0x9613</load_address>
         <run_address>0x9613</run_address>
         <size>0xc</size>
         <input_file_ref idref="fl-36"/>
      </object_component>
      <object_component id="oc-1b1">
         <name>.text</name>
         <load_address>0x961f</load_address>
         <run_address>0x961f</run_address>
         <size>0xa</size>
         <input_file_ref idref="fl-50"/>
      </object_component>
      <object_component id="oc-184">
         <name>.text</name>
         <load_address>0x9629</load_address>
         <run_address>0x9629</run_address>
         <size>0x9</size>
         <input_file_ref idref="fl-2c"/>
      </object_component>
      <object_component id="oc-54">
         <name>.text</name>
         <load_address>0x9632</load_address>
         <run_address>0x9632</run_address>
         <size>0x9</size>
         <input_file_ref idref="fl-1c"/>
      </object_component>
      <object_component id="oc-196">
         <name>.text</name>
         <load_address>0x963b</load_address>
         <run_address>0x963b</run_address>
         <size>0x9</size>
         <input_file_ref idref="fl-3d"/>
      </object_component>
      <object_component id="oc-188">
         <name>.text</name>
         <load_address>0x9644</load_address>
         <run_address>0x9644</run_address>
         <size>0x8</size>
         <input_file_ref idref="fl-38"/>
      </object_component>
      <object_component id="oc-192">
         <name>.text</name>
         <load_address>0x964c</load_address>
         <run_address>0x964c</run_address>
         <size>0x7</size>
         <input_file_ref idref="fl-35"/>
      </object_component>
      <object_component id="oc-193">
         <name>.text</name>
         <load_address>0x9653</load_address>
         <run_address>0x9653</run_address>
         <size>0x5</size>
         <input_file_ref idref="fl-37"/>
      </object_component>
      <object_component id="oc-1ae">
         <name>.text</name>
         <load_address>0x9658</load_address>
         <run_address>0x9658</run_address>
         <size>0x3</size>
         <input_file_ref idref="fl-52"/>
      </object_component>
      <object_component id="oc-194">
         <name>.text</name>
         <load_address>0xb000</load_address>
         <run_address>0xb000</run_address>
         <size>0x6d0</size>
         <input_file_ref idref="fl-12"/>
      </object_component>
      <object_component id="oc-199">
         <name>.text</name>
         <load_address>0xb6d0</load_address>
         <run_address>0xb6d0</run_address>
         <size>0x121</size>
         <input_file_ref idref="fl-3e"/>
      </object_component>
      <object_component id="oc-59">
         <name>.text</name>
         <load_address>0xb7f1</load_address>
         <run_address>0xb7f1</run_address>
         <size>0xe</size>
         <input_file_ref idref="fl-1d"/>
      </object_component>
      <object_component id="oc-177">
         <name>.text</name>
         <load_address>0xb7ff</load_address>
         <run_address>0xb7ff</run_address>
         <size>0x1</size>
         <input_file_ref idref="fl-2a"/>
      </object_component>
      <object_component id="oc-180">
         <name>.cinit:__ftable</name>
         <load_address>0x123</load_address>
         <run_address>0x123</run_address>
         <size>0x26</size>
         <input_file_ref idref="fl-31"/>
      </object_component>
      <object_component id="oc-19b">
         <name>.cinit:__device</name>
         <load_address>0x149</load_address>
         <run_address>0x149</run_address>
         <size>0x1b</size>
         <input_file_ref idref="fl-3a"/>
      </object_component>
      <object_component id="oc-190">
         <name>.cinit:__stream</name>
         <load_address>0x164</load_address>
         <run_address>0x164</run_address>
         <size>0xe</size>
         <input_file_ref idref="fl-3a"/>
      </object_component>
      <object_component id="oc-a0">
         <name>.cinit</name>
         <load_address>0x172</load_address>
         <run_address>0x172</run_address>
         <size>0xe</size>
         <input_file_ref idref="fl-2b"/>
      </object_component>
      <object_component id="oc-17d">
         <name>.cinit:__lock</name>
         <load_address>0x180</load_address>
         <run_address>0x180</run_address>
         <size>0x5</size>
         <input_file_ref idref="fl-2c"/>
      </object_component>
      <object_component id="oc-185">
         <name>.cinit:__unlock</name>
         <load_address>0x185</load_address>
         <run_address>0x185</run_address>
         <size>0x5</size>
         <input_file_ref idref="fl-2c"/>
      </object_component>
      <object_component id="oc-bd">
         <name>.cinit</name>
         <load_address>0x18a</load_address>
         <run_address>0x18a</run_address>
         <size>0x4</size>
         <input_file_ref idref="fl-31"/>
      </object_component>
      <object_component id="oc-14a">
         <name>.cinit</name>
         <load_address>0x18e</load_address>
         <run_address>0x18e</run_address>
         <size>0x4</size>
         <input_file_ref idref="fl-4c"/>
      </object_component>
      <object_component id="oc-ff">
         <name>.cinit</name>
         <load_address>0x192</load_address>
         <run_address>0x192</run_address>
         <size>0x4</size>
         <input_file_ref idref="fl-3e"/>
      </object_component>
      <object_component id="oc-cb">
         <name>.cinit</name>
         <load_address>0x196</load_address>
         <run_address>0x196</run_address>
         <size>0x4</size>
         <input_file_ref idref="fl-34"/>
      </object_component>
      <object_component id="oc-13e">
         <name>.cinit</name>
         <load_address>0x19a</load_address>
         <run_address>0x19a</run_address>
         <size>0x4</size>
         <input_file_ref idref="fl-4a"/>
      </object_component>
      <object_component id="oc-45">
         <name>.reset</name>
         <load_address>0x3fffc0</load_address>
         <run_address>0x3fffc0</run_address>
         <size>0x2</size>
         <input_file_ref idref="fl-19"/>
      </object_component>
      <object_component id="oc-44">
         <name>.stack</name>
         <uninitialized>true</uninitialized>
         <run_address>0xb800</run_address>
         <size>0x0</size>
         <input_file_ref idref="fl-19"/>
      </object_component>
      <object_component id="oc-1cf">
         <name>.stack</name>
         <uninitialized>true</uninitialized>
         <run_address>0xb800</run_address>
         <size>0x0</size>
      </object_component>
      <object_component id="oc-138">
         <name>.cio</name>
         <uninitialized>true</uninitialized>
         <run_address>0x1b000</run_address>
         <size>0x120</size>
         <input_file_ref idref="fl-49"/>
      </object_component>
      <object_component id="oc-a1">
         <name>.ebss</name>
         <uninitialized>true</uninitialized>
         <run_address>0xae3a</run_address>
         <size>0x6</size>
         <input_file_ref idref="fl-2b"/>
      </object_component>
      <object_component id="oc-17c">
         <name>.ebss:__lock</name>
         <uninitialized>true</uninitialized>
         <run_address>0xaeec</run_address>
         <size>0x2</size>
         <input_file_ref idref="fl-2c"/>
      </object_component>
      <object_component id="oc-187">
         <name>.ebss:__unlock</name>
         <uninitialized>true</uninitialized>
         <run_address>0xaeee</run_address>
         <size>0x2</size>
         <input_file_ref idref="fl-2c"/>
      </object_component>
      <object_component id="oc-be">
         <name>.ebss</name>
         <uninitialized>true</uninitialized>
         <run_address>0xaef0</run_address>
         <size>0x1</size>
         <input_file_ref idref="fl-31"/>
      </object_component>
      <object_component id="oc-17f">
         <name>.ebss:__ftable</name>
         <uninitialized>true</uninitialized>
         <run_address>0xaf00</run_address>
         <size>0x78</size>
         <input_file_ref idref="fl-31"/>
      </object_component>
      <object_component id="oc-1ad">
         <name>.ebss:___TI_tmpnams</name>
         <uninitialized>true</uninitialized>
         <run_address>0xae40</run_address>
         <size>0xa0</size>
         <input_file_ref idref="fl-31"/>
      </object_component>
      <object_component id="oc-cc">
         <name>.ebss</name>
         <uninitialized>true</uninitialized>
         <run_address>0xaee8</run_address>
         <size>0x4</size>
         <input_file_ref idref="fl-34"/>
      </object_component>
      <object_component id="oc-18f">
         <name>.ebss:__stream</name>
         <uninitialized>true</uninitialized>
         <run_address>0xafc8</run_address>
         <size>0x28</size>
         <input_file_ref idref="fl-3a"/>
      </object_component>
      <object_component id="oc-19a">
         <name>.ebss:__device</name>
         <uninitialized>true</uninitialized>
         <run_address>0xaf80</run_address>
         <size>0x48</size>
         <input_file_ref idref="fl-3a"/>
      </object_component>
      <object_component id="oc-100">
         <name>.ebss</name>
         <uninitialized>true</uninitialized>
         <run_address>0xaef2</run_address>
         <size>0x1</size>
         <input_file_ref idref="fl-3e"/>
      </object_component>
      <object_component id="oc-1af">
         <name>.ebss:_parmbuf</name>
         <uninitialized>true</uninitialized>
         <run_address>0xaee0</run_address>
         <size>0x8</size>
         <input_file_ref idref="fl-44"/>
      </object_component>
      <object_component id="oc-13f">
         <name>.ebss</name>
         <uninitialized>true</uninitialized>
         <run_address>0xaef3</run_address>
         <size>0x1</size>
         <input_file_ref idref="fl-4a"/>
      </object_component>
      <object_component id="oc-14b">
         <name>.ebss</name>
         <uninitialized>true</uninitialized>
         <run_address>0xaef1</run_address>
         <size>0x1</size>
         <input_file_ref idref="fl-4c"/>
      </object_component>
      <object_component id="oc-19c">
         <name>.econst:.string:__ctypes_</name>
         <load_address>0xac00</load_address>
         <run_address>0xac00</run_address>
         <size>0x101</size>
         <input_file_ref idref="fl-30"/>
      </object_component>
      <object_component id="oc-14">
         <name>.econst:.string</name>
         <load_address>0xad02</load_address>
         <run_address>0xad02</run_address>
         <size>0xd0</size>
         <input_file_ref idref="fl-1"/>
      </object_component>
      <object_component id="oc-20">
         <name>.econst:.string</name>
         <load_address>0xadd2</load_address>
         <run_address>0xadd2</run_address>
         <size>0x26</size>
         <input_file_ref idref="fl-12"/>
      </object_component>
      <object_component id="oc-1f">
         <name>.econst</name>
         <load_address>0xadf8</load_address>
         <run_address>0xadf8</run_address>
         <size>0x1c</size>
         <input_file_ref idref="fl-12"/>
      </object_component>
      <object_component id="oc-f4">
         <name>.econst</name>
         <load_address>0xae14</load_address>
         <run_address>0xae14</run_address>
         <size>0x1c</size>
         <input_file_ref idref="fl-3c"/>
      </object_component>
      <object_component id="oc-ee">
         <name>.econst</name>
         <load_address>0xae30</load_address>
         <run_address>0xae30</run_address>
         <size>0x8</size>
         <input_file_ref idref="fl-3b"/>
      </object_component>
      <object_component id="oc-35">
         <name>.econst:.string</name>
         <load_address>0xae38</load_address>
         <run_address>0xae38</run_address>
         <size>0x2</size>
         <input_file_ref idref="fl-16"/>
      </object_component>
      <object_component id="oc-cd">
         <name>.esysmem</name>
         <uninitialized>true</uninitialized>
         <run_address>0xa800</run_address>
         <size>0x4</size>
         <input_file_ref idref="fl-34"/>
      </object_component>
      <object_component id="oc-1d0">
         <name>.esysmem</name>
         <uninitialized>true</uninitialized>
         <run_address>0xa800</run_address>
         <size>0x0</size>
      </object_component>
      <object_component id="oc-13">
         <name>.debug_info</name>
         <load_address>0x0</load_address>
         <run_address>0x0</run_address>
         <size>0x81a</size>
         <input_file_ref idref="fl-1"/>
      </object_component>
      <object_component id="oc-19">
         <name>.debug_info</name>
         <load_address>0x81a</load_address>
         <run_address>0x81a</run_address>
         <size>0x714</size>
         <input_file_ref idref="fl-11"/>
      </object_component>
      <object_component id="oc-1e">
         <name>.debug_info</name>
         <load_address>0xf2e</load_address>
         <run_address>0xf2e</run_address>
         <size>0x2a4f</size>
         <input_file_ref idref="fl-12"/>
      </object_component>
      <object_component id="oc-25">
         <name>.debug_info</name>
         <load_address>0x397d</load_address>
         <run_address>0x397d</run_address>
         <size>0x64c</size>
         <input_file_ref idref="fl-13"/>
      </object_component>
      <object_component id="oc-2a">
         <name>.debug_info</name>
         <load_address>0x3fc9</load_address>
         <run_address>0x3fc9</run_address>
         <size>0x62b</size>
         <input_file_ref idref="fl-14"/>
      </object_component>
      <object_component id="oc-2f">
         <name>.debug_info</name>
         <load_address>0x45f4</load_address>
         <run_address>0x45f4</run_address>
         <size>0x641</size>
         <input_file_ref idref="fl-15"/>
      </object_component>
      <object_component id="oc-34">
         <name>.debug_info</name>
         <load_address>0x4c35</load_address>
         <run_address>0x4c35</run_address>
         <size>0x7f6</size>
         <input_file_ref idref="fl-16"/>
      </object_component>
      <object_component id="oc-3a">
         <name>.debug_info</name>
         <load_address>0x542b</load_address>
         <run_address>0x542b</run_address>
         <size>0x5c0</size>
         <input_file_ref idref="fl-17"/>
      </object_component>
      <object_component id="oc-3f">
         <name>.debug_info</name>
         <load_address>0x59eb</load_address>
         <run_address>0x59eb</run_address>
         <size>0x609</size>
         <input_file_ref idref="fl-18"/>
      </object_component>
      <object_component id="oc-46">
         <name>.debug_info</name>
         <load_address>0x5ff4</load_address>
         <run_address>0x5ff4</run_address>
         <size>0x173</size>
         <input_file_ref idref="fl-19"/>
      </object_component>
      <object_component id="oc-4b">
         <name>.debug_info</name>
         <load_address>0x6167</load_address>
         <run_address>0x6167</run_address>
         <size>0x120</size>
         <input_file_ref idref="fl-1a"/>
      </object_component>
      <object_component id="oc-50">
         <name>.debug_info</name>
         <load_address>0x6287</load_address>
         <run_address>0x6287</run_address>
         <size>0x114</size>
         <input_file_ref idref="fl-1b"/>
      </object_component>
      <object_component id="oc-55">
         <name>.debug_info</name>
         <load_address>0x639b</load_address>
         <run_address>0x639b</run_address>
         <size>0x114</size>
         <input_file_ref idref="fl-1c"/>
      </object_component>
      <object_component id="oc-5a">
         <name>.debug_info</name>
         <load_address>0x64af</load_address>
         <run_address>0x64af</run_address>
         <size>0x122</size>
         <input_file_ref idref="fl-1d"/>
      </object_component>
      <object_component id="oc-5f">
         <name>.debug_info</name>
         <load_address>0x65d1</load_address>
         <run_address>0x65d1</run_address>
         <size>0x114</size>
         <input_file_ref idref="fl-1e"/>
      </object_component>
      <object_component id="oc-64">
         <name>.debug_info</name>
         <load_address>0x66e5</load_address>
         <run_address>0x66e5</run_address>
         <size>0x114</size>
         <input_file_ref idref="fl-1f"/>
      </object_component>
      <object_component id="oc-69">
         <name>.debug_info</name>
         <load_address>0x67f9</load_address>
         <run_address>0x67f9</run_address>
         <size>0x176</size>
         <input_file_ref idref="fl-20"/>
      </object_component>
      <object_component id="oc-6e">
         <name>.debug_info</name>
         <load_address>0x696f</load_address>
         <run_address>0x696f</run_address>
         <size>0x14e</size>
         <input_file_ref idref="fl-21"/>
      </object_component>
      <object_component id="oc-73">
         <name>.debug_info</name>
         <load_address>0x6abd</load_address>
         <run_address>0x6abd</run_address>
         <size>0x231</size>
         <input_file_ref idref="fl-22"/>
      </object_component>
      <object_component id="oc-78">
         <name>.debug_info</name>
         <load_address>0x6cee</load_address>
         <run_address>0x6cee</run_address>
         <size>0x118</size>
         <input_file_ref idref="fl-23"/>
      </object_component>
      <object_component id="oc-7d">
         <name>.debug_info</name>
         <load_address>0x6e06</load_address>
         <run_address>0x6e06</run_address>
         <size>0x118</size>
         <input_file_ref idref="fl-24"/>
      </object_component>
      <object_component id="oc-82">
         <name>.debug_info</name>
         <load_address>0x6f1e</load_address>
         <run_address>0x6f1e</run_address>
         <size>0x11a</size>
         <input_file_ref idref="fl-25"/>
      </object_component>
      <object_component id="oc-87">
         <name>.debug_info</name>
         <load_address>0x7038</load_address>
         <run_address>0x7038</run_address>
         <size>0x114</size>
         <input_file_ref idref="fl-26"/>
      </object_component>
      <object_component id="oc-8b">
         <name>.debug_info</name>
         <load_address>0x714c</load_address>
         <run_address>0x714c</run_address>
         <size>0x561</size>
         <input_file_ref idref="fl-27"/>
      </object_component>
      <object_component id="oc-90">
         <name>.debug_info</name>
         <load_address>0x76ad</load_address>
         <run_address>0x76ad</run_address>
         <size>0x43a</size>
         <input_file_ref idref="fl-28"/>
      </object_component>
      <object_component id="oc-95">
         <name>.debug_info</name>
         <load_address>0x7ae7</load_address>
         <run_address>0x7ae7</run_address>
         <size>0x3ad</size>
         <input_file_ref idref="fl-29"/>
      </object_component>
      <object_component id="oc-9a">
         <name>.debug_info</name>
         <load_address>0x7e94</load_address>
         <run_address>0x7e94</run_address>
         <size>0x3aa</size>
         <input_file_ref idref="fl-2a"/>
      </object_component>
      <object_component id="oc-9f">
         <name>.debug_info</name>
         <load_address>0x823e</load_address>
         <run_address>0x823e</run_address>
         <size>0x544</size>
         <input_file_ref idref="fl-2b"/>
      </object_component>
      <object_component id="oc-a6">
         <name>.debug_info</name>
         <load_address>0x8782</load_address>
         <run_address>0x8782</run_address>
         <size>0x4cc</size>
         <input_file_ref idref="fl-2c"/>
      </object_component>
      <object_component id="oc-ab">
         <name>.debug_info</name>
         <load_address>0x8c4e</load_address>
         <run_address>0x8c4e</run_address>
         <size>0x46c</size>
         <input_file_ref idref="fl-2d"/>
      </object_component>
      <object_component id="oc-b0">
         <name>.debug_info</name>
         <load_address>0x90ba</load_address>
         <run_address>0x90ba</run_address>
         <size>0x467</size>
         <input_file_ref idref="fl-2e"/>
      </object_component>
      <object_component id="oc-b5">
         <name>.debug_info</name>
         <load_address>0x9521</load_address>
         <run_address>0x9521</run_address>
         <size>0x41f</size>
         <input_file_ref idref="fl-2f"/>
      </object_component>
      <object_component id="oc-ba">
         <name>.debug_info</name>
         <load_address>0x9940</load_address>
         <run_address>0x9940</run_address>
         <size>0x1e7</size>
         <input_file_ref idref="fl-30"/>
      </object_component>
      <object_component id="oc-bc">
         <name>.debug_info</name>
         <load_address>0x9b27</load_address>
         <run_address>0x9b27</run_address>
         <size>0x2e2</size>
         <input_file_ref idref="fl-31"/>
      </object_component>
      <object_component id="oc-c0">
         <name>.debug_info</name>
         <load_address>0x9e09</load_address>
         <run_address>0x9e09</run_address>
         <size>0x45e</size>
         <input_file_ref idref="fl-32"/>
      </object_component>
      <object_component id="oc-c5">
         <name>.debug_info</name>
         <load_address>0xa267</load_address>
         <run_address>0xa267</run_address>
         <size>0x4d6</size>
         <input_file_ref idref="fl-33"/>
      </object_component>
      <object_component id="oc-ca">
         <name>.debug_info</name>
         <load_address>0xa73d</load_address>
         <run_address>0xa73d</run_address>
         <size>0xf62</size>
         <input_file_ref idref="fl-34"/>
      </object_component>
      <object_component id="oc-d2">
         <name>.debug_info</name>
         <load_address>0xb69f</load_address>
         <run_address>0xb69f</run_address>
         <size>0x502</size>
         <input_file_ref idref="fl-35"/>
      </object_component>
      <object_component id="oc-d7">
         <name>.debug_info</name>
         <load_address>0xbba1</load_address>
         <run_address>0xbba1</run_address>
         <size>0x4f1</size>
         <input_file_ref idref="fl-36"/>
      </object_component>
      <object_component id="oc-dc">
         <name>.debug_info</name>
         <load_address>0xc092</load_address>
         <run_address>0xc092</run_address>
         <size>0x4e5</size>
         <input_file_ref idref="fl-37"/>
      </object_component>
      <object_component id="oc-e1">
         <name>.debug_info</name>
         <load_address>0xc577</load_address>
         <run_address>0xc577</run_address>
         <size>0x4aa</size>
         <input_file_ref idref="fl-38"/>
      </object_component>
      <object_component id="oc-e6">
         <name>.debug_info</name>
         <load_address>0xca21</load_address>
         <run_address>0xca21</run_address>
         <size>0x644</size>
         <input_file_ref idref="fl-39"/>
      </object_component>
      <object_component id="oc-eb">
         <name>.debug_info</name>
         <load_address>0xd065</load_address>
         <run_address>0xd065</run_address>
         <size>0x54e</size>
         <input_file_ref idref="fl-3a"/>
      </object_component>
      <object_component id="oc-ed">
         <name>.debug_info</name>
         <load_address>0xd5b3</load_address>
         <run_address>0xd5b3</run_address>
         <size>0x4a6</size>
         <input_file_ref idref="fl-3b"/>
      </object_component>
      <object_component id="oc-f3">
         <name>.debug_info</name>
         <load_address>0xda59</load_address>
         <run_address>0xda59</run_address>
         <size>0x532</size>
         <input_file_ref idref="fl-3c"/>
      </object_component>
      <object_component id="oc-f9">
         <name>.debug_info</name>
         <load_address>0xdf8b</load_address>
         <run_address>0xdf8b</run_address>
         <size>0x40c</size>
         <input_file_ref idref="fl-3d"/>
      </object_component>
      <object_component id="oc-fe">
         <name>.debug_info</name>
         <load_address>0xe397</load_address>
         <run_address>0xe397</run_address>
         <size>0x8e3</size>
         <input_file_ref idref="fl-3e"/>
      </object_component>
      <object_component id="oc-105">
         <name>.debug_info</name>
         <load_address>0xec7a</load_address>
         <run_address>0xec7a</run_address>
         <size>0x598</size>
         <input_file_ref idref="fl-3f"/>
      </object_component>
      <object_component id="oc-10b">
         <name>.debug_info</name>
         <load_address>0xf212</load_address>
         <run_address>0xf212</run_address>
         <size>0x114</size>
         <input_file_ref idref="fl-40"/>
      </object_component>
      <object_component id="oc-110">
         <name>.debug_info</name>
         <load_address>0xf326</load_address>
         <run_address>0xf326</run_address>
         <size>0x1a5</size>
         <input_file_ref idref="fl-41"/>
      </object_component>
      <object_component id="oc-114">
         <name>.debug_info</name>
         <load_address>0xf4cb</load_address>
         <run_address>0xf4cb</run_address>
         <size>0x54f</size>
         <input_file_ref idref="fl-42"/>
      </object_component>
      <object_component id="oc-119">
         <name>.debug_info</name>
         <load_address>0xfa1a</load_address>
         <run_address>0xfa1a</run_address>
         <size>0x5a7</size>
         <input_file_ref idref="fl-43"/>
      </object_component>
      <object_component id="oc-11e">
         <name>.debug_info</name>
         <load_address>0xffc1</load_address>
         <run_address>0xffc1</run_address>
         <size>0x5d4</size>
         <input_file_ref idref="fl-44"/>
      </object_component>
      <object_component id="oc-123">
         <name>.debug_info</name>
         <load_address>0x10595</load_address>
         <run_address>0x10595</run_address>
         <size>0x59c</size>
         <input_file_ref idref="fl-45"/>
      </object_component>
      <object_component id="oc-128">
         <name>.debug_info</name>
         <load_address>0x10b31</load_address>
         <run_address>0x10b31</run_address>
         <size>0x631</size>
         <input_file_ref idref="fl-46"/>
      </object_component>
      <object_component id="oc-12d">
         <name>.debug_info</name>
         <load_address>0x11162</load_address>
         <run_address>0x11162</run_address>
         <size>0x571</size>
         <input_file_ref idref="fl-47"/>
      </object_component>
      <object_component id="oc-132">
         <name>.debug_info</name>
         <load_address>0x116d3</load_address>
         <run_address>0x116d3</run_address>
         <size>0x5a1</size>
         <input_file_ref idref="fl-48"/>
      </object_component>
      <object_component id="oc-137">
         <name>.debug_info</name>
         <load_address>0x11c74</load_address>
         <run_address>0x11c74</run_address>
         <size>0x590</size>
         <input_file_ref idref="fl-49"/>
      </object_component>
      <object_component id="oc-13d">
         <name>.debug_info</name>
         <load_address>0x12204</load_address>
         <run_address>0x12204</run_address>
         <size>0x751</size>
         <input_file_ref idref="fl-4a"/>
      </object_component>
      <object_component id="oc-144">
         <name>.debug_info</name>
         <load_address>0x12955</load_address>
         <run_address>0x12955</run_address>
         <size>0x650</size>
         <input_file_ref idref="fl-4b"/>
      </object_component>
      <object_component id="oc-149">
         <name>.debug_info</name>
         <load_address>0x12fa5</load_address>
         <run_address>0x12fa5</run_address>
         <size>0x1c6</size>
         <input_file_ref idref="fl-4c"/>
      </object_component>
      <object_component id="oc-14d">
         <name>.debug_info</name>
         <load_address>0x1316b</load_address>
         <run_address>0x1316b</run_address>
         <size>0x423</size>
         <input_file_ref idref="fl-4d"/>
      </object_component>
      <object_component id="oc-152">
         <name>.debug_info</name>
         <load_address>0x1358e</load_address>
         <run_address>0x1358e</run_address>
         <size>0x6bf</size>
         <input_file_ref idref="fl-4e"/>
      </object_component>
      <object_component id="oc-157">
         <name>.debug_info</name>
         <load_address>0x13c4d</load_address>
         <run_address>0x13c4d</run_address>
         <size>0x78f</size>
         <input_file_ref idref="fl-4f"/>
      </object_component>
      <object_component id="oc-15c">
         <name>.debug_info</name>
         <load_address>0x143dc</load_address>
         <run_address>0x143dc</run_address>
         <size>0x4e1</size>
         <input_file_ref idref="fl-50"/>
      </object_component>
      <object_component id="oc-161">
         <name>.debug_info</name>
         <load_address>0x148bd</load_address>
         <run_address>0x148bd</run_address>
         <size>0x50e</size>
         <input_file_ref idref="fl-51"/>
      </object_component>
      <object_component id="oc-166">
         <name>.debug_info</name>
         <load_address>0x14dcb</load_address>
         <run_address>0x14dcb</run_address>
         <size>0x3e5</size>
         <input_file_ref idref="fl-52"/>
      </object_component>
      <object_component id="oc-16b">
         <name>.debug_info</name>
         <load_address>0x151b0</load_address>
         <run_address>0x151b0</run_address>
         <size>0x65d</size>
         <input_file_ref idref="fl-53"/>
      </object_component>
      <object_component id="oc-170">
         <name>.debug_info</name>
         <load_address>0x1580d</load_address>
         <run_address>0x1580d</run_address>
         <size>0x63a</size>
         <input_file_ref idref="fl-54"/>
      </object_component>
      <object_component id="oc-1d5">
         <name>.debug_info</name>
         <load_address>0x15e47</load_address>
         <run_address>0x15e47</run_address>
         <size>0xc4</size>
      </object_component>
      <object_component id="oc-15">
         <name>.debug_frame</name>
         <load_address>0x0</load_address>
         <run_address>0x0</run_address>
         <size>0x98</size>
         <input_file_ref idref="fl-1"/>
      </object_component>
      <object_component id="oc-1a">
         <name>.debug_frame</name>
         <load_address>0x98</load_address>
         <run_address>0x98</run_address>
         <size>0x7c</size>
         <input_file_ref idref="fl-11"/>
      </object_component>
      <object_component id="oc-21">
         <name>.debug_frame</name>
         <load_address>0x114</load_address>
         <run_address>0x114</run_address>
         <size>0x434</size>
         <input_file_ref idref="fl-12"/>
      </object_component>
      <object_component id="oc-26">
         <name>.debug_frame</name>
         <load_address>0x548</load_address>
         <run_address>0x548</run_address>
         <size>0x84</size>
         <input_file_ref idref="fl-13"/>
      </object_component>
      <object_component id="oc-2b">
         <name>.debug_frame</name>
         <load_address>0x5cc</load_address>
         <run_address>0x5cc</run_address>
         <size>0x80</size>
         <input_file_ref idref="fl-14"/>
      </object_component>
      <object_component id="oc-30">
         <name>.debug_frame</name>
         <load_address>0x64c</load_address>
         <run_address>0x64c</run_address>
         <size>0x70</size>
         <input_file_ref idref="fl-15"/>
      </object_component>
      <object_component id="oc-36">
         <name>.debug_frame</name>
         <load_address>0x6bc</load_address>
         <run_address>0x6bc</run_address>
         <size>0x88</size>
         <input_file_ref idref="fl-16"/>
      </object_component>
      <object_component id="oc-3b">
         <name>.debug_frame</name>
         <load_address>0x744</load_address>
         <run_address>0x744</run_address>
         <size>0x68</size>
         <input_file_ref idref="fl-17"/>
      </object_component>
      <object_component id="oc-40">
         <name>.debug_frame</name>
         <load_address>0x7ac</load_address>
         <run_address>0x7ac</run_address>
         <size>0x60</size>
         <input_file_ref idref="fl-18"/>
      </object_component>
      <object_component id="oc-8c">
         <name>.debug_frame</name>
         <load_address>0x80c</load_address>
         <run_address>0x80c</run_address>
         <size>0x60</size>
         <input_file_ref idref="fl-27"/>
      </object_component>
      <object_component id="oc-91">
         <name>.debug_frame</name>
         <load_address>0x86c</load_address>
         <run_address>0x86c</run_address>
         <size>0x40</size>
         <input_file_ref idref="fl-28"/>
      </object_component>
      <object_component id="oc-96">
         <name>.debug_frame</name>
         <load_address>0x8ac</load_address>
         <run_address>0x8ac</run_address>
         <size>0x40</size>
         <input_file_ref idref="fl-29"/>
      </object_component>
      <object_component id="oc-9b">
         <name>.debug_frame</name>
         <load_address>0x8ec</load_address>
         <run_address>0x8ec</run_address>
         <size>0x40</size>
         <input_file_ref idref="fl-2a"/>
      </object_component>
      <object_component id="oc-a2">
         <name>.debug_frame</name>
         <load_address>0x92c</load_address>
         <run_address>0x92c</run_address>
         <size>0x60</size>
         <input_file_ref idref="fl-2b"/>
      </object_component>
      <object_component id="oc-a7">
         <name>.debug_frame</name>
         <load_address>0x98c</load_address>
         <run_address>0x98c</run_address>
         <size>0x70</size>
         <input_file_ref idref="fl-2c"/>
      </object_component>
      <object_component id="oc-ac">
         <name>.debug_frame</name>
         <load_address>0x9fc</load_address>
         <run_address>0x9fc</run_address>
         <size>0x4c</size>
         <input_file_ref idref="fl-2d"/>
      </object_component>
      <object_component id="oc-b1">
         <name>.debug_frame</name>
         <load_address>0xa48</load_address>
         <run_address>0xa48</run_address>
         <size>0x40</size>
         <input_file_ref idref="fl-2e"/>
      </object_component>
      <object_component id="oc-b6">
         <name>.debug_frame</name>
         <load_address>0xa88</load_address>
         <run_address>0xa88</run_address>
         <size>0x40</size>
         <input_file_ref idref="fl-2f"/>
      </object_component>
      <object_component id="oc-c1">
         <name>.debug_frame</name>
         <load_address>0xac8</load_address>
         <run_address>0xac8</run_address>
         <size>0x40</size>
         <input_file_ref idref="fl-32"/>
      </object_component>
      <object_component id="oc-c6">
         <name>.debug_frame</name>
         <load_address>0xb08</load_address>
         <run_address>0xb08</run_address>
         <size>0x40</size>
         <input_file_ref idref="fl-33"/>
      </object_component>
      <object_component id="oc-ce">
         <name>.debug_frame</name>
         <load_address>0xb48</load_address>
         <run_address>0xb48</run_address>
         <size>0x1c0</size>
         <input_file_ref idref="fl-34"/>
      </object_component>
      <object_component id="oc-d3">
         <name>.debug_frame</name>
         <load_address>0xd08</load_address>
         <run_address>0xd08</run_address>
         <size>0x40</size>
         <input_file_ref idref="fl-35"/>
      </object_component>
      <object_component id="oc-d8">
         <name>.debug_frame</name>
         <load_address>0xd48</load_address>
         <run_address>0xd48</run_address>
         <size>0x44</size>
         <input_file_ref idref="fl-36"/>
      </object_component>
      <object_component id="oc-dd">
         <name>.debug_frame</name>
         <load_address>0xd8c</load_address>
         <run_address>0xd8c</run_address>
         <size>0x40</size>
         <input_file_ref idref="fl-37"/>
      </object_component>
      <object_component id="oc-e2">
         <name>.debug_frame</name>
         <load_address>0xdcc</load_address>
         <run_address>0xdcc</run_address>
         <size>0x40</size>
         <input_file_ref idref="fl-38"/>
      </object_component>
      <object_component id="oc-e7">
         <name>.debug_frame</name>
         <load_address>0xe0c</load_address>
         <run_address>0xe0c</run_address>
         <size>0x44</size>
         <input_file_ref idref="fl-39"/>
      </object_component>
      <object_component id="oc-ef">
         <name>.debug_frame</name>
         <load_address>0xe50</load_address>
         <run_address>0xe50</run_address>
         <size>0x58</size>
         <input_file_ref idref="fl-3b"/>
      </object_component>
      <object_component id="oc-f5">
         <name>.debug_frame</name>
         <load_address>0xea8</load_address>
         <run_address>0xea8</run_address>
         <size>0x58</size>
         <input_file_ref idref="fl-3c"/>
      </object_component>
      <object_component id="oc-fa">
         <name>.debug_frame</name>
         <load_address>0xf00</load_address>
         <run_address>0xf00</run_address>
         <size>0x40</size>
         <input_file_ref idref="fl-3d"/>
      </object_component>
      <object_component id="oc-101">
         <name>.debug_frame</name>
         <load_address>0xf40</load_address>
         <run_address>0xf40</run_address>
         <size>0xd8</size>
         <input_file_ref idref="fl-3e"/>
      </object_component>
      <object_component id="oc-106">
         <name>.debug_frame</name>
         <load_address>0x1018</load_address>
         <run_address>0x1018</run_address>
         <size>0x58</size>
         <input_file_ref idref="fl-3f"/>
      </object_component>
      <object_component id="oc-115">
         <name>.debug_frame</name>
         <load_address>0x1070</load_address>
         <run_address>0x1070</run_address>
         <size>0x50</size>
         <input_file_ref idref="fl-42"/>
      </object_component>
      <object_component id="oc-11a">
         <name>.debug_frame</name>
         <load_address>0x10c0</load_address>
         <run_address>0x10c0</run_address>
         <size>0x5c</size>
         <input_file_ref idref="fl-43"/>
      </object_component>
      <object_component id="oc-11f">
         <name>.debug_frame</name>
         <load_address>0x111c</load_address>
         <run_address>0x111c</run_address>
         <size>0x58</size>
         <input_file_ref idref="fl-44"/>
      </object_component>
      <object_component id="oc-124">
         <name>.debug_frame</name>
         <load_address>0x1174</load_address>
         <run_address>0x1174</run_address>
         <size>0x58</size>
         <input_file_ref idref="fl-45"/>
      </object_component>
      <object_component id="oc-129">
         <name>.debug_frame</name>
         <load_address>0x11cc</load_address>
         <run_address>0x11cc</run_address>
         <size>0x58</size>
         <input_file_ref idref="fl-46"/>
      </object_component>
      <object_component id="oc-12e">
         <name>.debug_frame</name>
         <load_address>0x1224</load_address>
         <run_address>0x1224</run_address>
         <size>0x50</size>
         <input_file_ref idref="fl-47"/>
      </object_component>
      <object_component id="oc-133">
         <name>.debug_frame</name>
         <load_address>0x1274</load_address>
         <run_address>0x1274</run_address>
         <size>0x58</size>
         <input_file_ref idref="fl-48"/>
      </object_component>
      <object_component id="oc-139">
         <name>.debug_frame</name>
         <load_address>0x12cc</load_address>
         <run_address>0x12cc</run_address>
         <size>0x78</size>
         <input_file_ref idref="fl-49"/>
      </object_component>
      <object_component id="oc-140">
         <name>.debug_frame</name>
         <load_address>0x1344</load_address>
         <run_address>0x1344</run_address>
         <size>0x60</size>
         <input_file_ref idref="fl-4a"/>
      </object_component>
      <object_component id="oc-145">
         <name>.debug_frame</name>
         <load_address>0x13a4</load_address>
         <run_address>0x13a4</run_address>
         <size>0x44</size>
         <input_file_ref idref="fl-4b"/>
      </object_component>
      <object_component id="oc-14e">
         <name>.debug_frame</name>
         <load_address>0x13e8</load_address>
         <run_address>0x13e8</run_address>
         <size>0x44</size>
         <input_file_ref idref="fl-4d"/>
      </object_component>
      <object_component id="oc-153">
         <name>.debug_frame</name>
         <load_address>0x142c</load_address>
         <run_address>0x142c</run_address>
         <size>0x80</size>
         <input_file_ref idref="fl-4e"/>
      </object_component>
      <object_component id="oc-158">
         <name>.debug_frame</name>
         <load_address>0x14ac</load_address>
         <run_address>0x14ac</run_address>
         <size>0x90</size>
         <input_file_ref idref="fl-4f"/>
      </object_component>
      <object_component id="oc-15d">
         <name>.debug_frame</name>
         <load_address>0x153c</load_address>
         <run_address>0x153c</run_address>
         <size>0x40</size>
         <input_file_ref idref="fl-50"/>
      </object_component>
      <object_component id="oc-162">
         <name>.debug_frame</name>
         <load_address>0x157c</load_address>
         <run_address>0x157c</run_address>
         <size>0x40</size>
         <input_file_ref idref="fl-51"/>
      </object_component>
      <object_component id="oc-167">
         <name>.debug_frame</name>
         <load_address>0x15bc</load_address>
         <run_address>0x15bc</run_address>
         <size>0x40</size>
         <input_file_ref idref="fl-52"/>
      </object_component>
      <object_component id="oc-16c">
         <name>.debug_frame</name>
         <load_address>0x15fc</load_address>
         <run_address>0x15fc</run_address>
         <size>0x50</size>
         <input_file_ref idref="fl-53"/>
      </object_component>
      <object_component id="oc-171">
         <name>.debug_frame</name>
         <load_address>0x164c</load_address>
         <run_address>0x164c</run_address>
         <size>0x4c</size>
         <input_file_ref idref="fl-54"/>
      </object_component>
      <object_component id="oc-16">
         <name>.debug_line</name>
         <load_address>0x0</load_address>
         <run_address>0x0</run_address>
         <size>0xa9</size>
         <input_file_ref idref="fl-1"/>
      </object_component>
      <object_component id="oc-1b">
         <name>.debug_line</name>
         <load_address>0xa9</load_address>
         <run_address>0xa9</run_address>
         <size>0x84</size>
         <input_file_ref idref="fl-11"/>
      </object_component>
      <object_component id="oc-22">
         <name>.debug_line</name>
         <load_address>0x12d</load_address>
         <run_address>0x12d</run_address>
         <size>0xd1d</size>
         <input_file_ref idref="fl-12"/>
      </object_component>
      <object_component id="oc-27">
         <name>.debug_line</name>
         <load_address>0xe4a</load_address>
         <run_address>0xe4a</run_address>
         <size>0x7e</size>
         <input_file_ref idref="fl-13"/>
      </object_component>
      <object_component id="oc-2c">
         <name>.debug_line</name>
         <load_address>0xec8</load_address>
         <run_address>0xec8</run_address>
         <size>0xaa</size>
         <input_file_ref idref="fl-14"/>
      </object_component>
      <object_component id="oc-31">
         <name>.debug_line</name>
         <load_address>0xf72</load_address>
         <run_address>0xf72</run_address>
         <size>0x8f</size>
         <input_file_ref idref="fl-15"/>
      </object_component>
      <object_component id="oc-37">
         <name>.debug_line</name>
         <load_address>0x1001</load_address>
         <run_address>0x1001</run_address>
         <size>0xed</size>
         <input_file_ref idref="fl-16"/>
      </object_component>
      <object_component id="oc-3c">
         <name>.debug_line</name>
         <load_address>0x10ee</load_address>
         <run_address>0x10ee</run_address>
         <size>0x9f</size>
         <input_file_ref idref="fl-17"/>
      </object_component>
      <object_component id="oc-41">
         <name>.debug_line</name>
         <load_address>0x118d</load_address>
         <run_address>0x118d</run_address>
         <size>0xa5</size>
         <input_file_ref idref="fl-18"/>
      </object_component>
      <object_component id="oc-47">
         <name>.debug_line</name>
         <load_address>0x1232</load_address>
         <run_address>0x1232</run_address>
         <size>0x7e</size>
         <input_file_ref idref="fl-19"/>
      </object_component>
      <object_component id="oc-4c">
         <name>.debug_line</name>
         <load_address>0x12b0</load_address>
         <run_address>0x12b0</run_address>
         <size>0x60</size>
         <input_file_ref idref="fl-1a"/>
      </object_component>
      <object_component id="oc-51">
         <name>.debug_line</name>
         <load_address>0x1310</load_address>
         <run_address>0x1310</run_address>
         <size>0xa2</size>
         <input_file_ref idref="fl-1b"/>
      </object_component>
      <object_component id="oc-56">
         <name>.debug_line</name>
         <load_address>0x13b2</load_address>
         <run_address>0x13b2</run_address>
         <size>0x45</size>
         <input_file_ref idref="fl-1c"/>
      </object_component>
      <object_component id="oc-5b">
         <name>.debug_line</name>
         <load_address>0x13f7</load_address>
         <run_address>0x13f7</run_address>
         <size>0x49</size>
         <input_file_ref idref="fl-1d"/>
      </object_component>
      <object_component id="oc-60">
         <name>.debug_line</name>
         <load_address>0x1440</load_address>
         <run_address>0x1440</run_address>
         <size>0x59</size>
         <input_file_ref idref="fl-1e"/>
      </object_component>
      <object_component id="oc-65">
         <name>.debug_line</name>
         <load_address>0x1499</load_address>
         <run_address>0x1499</run_address>
         <size>0x58</size>
         <input_file_ref idref="fl-1f"/>
      </object_component>
      <object_component id="oc-6a">
         <name>.debug_line</name>
         <load_address>0x14f1</load_address>
         <run_address>0x14f1</run_address>
         <size>0x6c</size>
         <input_file_ref idref="fl-20"/>
      </object_component>
      <object_component id="oc-6f">
         <name>.debug_line</name>
         <load_address>0x155d</load_address>
         <run_address>0x155d</run_address>
         <size>0x63</size>
         <input_file_ref idref="fl-21"/>
      </object_component>
      <object_component id="oc-74">
         <name>.debug_line</name>
         <load_address>0x15c0</load_address>
         <run_address>0x15c0</run_address>
         <size>0x16b</size>
         <input_file_ref idref="fl-22"/>
      </object_component>
      <object_component id="oc-79">
         <name>.debug_line</name>
         <load_address>0x172b</load_address>
         <run_address>0x172b</run_address>
         <size>0x57</size>
         <input_file_ref idref="fl-23"/>
      </object_component>
      <object_component id="oc-7e">
         <name>.debug_line</name>
         <load_address>0x1782</load_address>
         <run_address>0x1782</run_address>
         <size>0x56</size>
         <input_file_ref idref="fl-24"/>
      </object_component>
      <object_component id="oc-83">
         <name>.debug_line</name>
         <load_address>0x17d8</load_address>
         <run_address>0x17d8</run_address>
         <size>0x58</size>
         <input_file_ref idref="fl-25"/>
      </object_component>
      <object_component id="oc-88">
         <name>.debug_line</name>
         <load_address>0x1830</load_address>
         <run_address>0x1830</run_address>
         <size>0xb3</size>
         <input_file_ref idref="fl-26"/>
      </object_component>
      <object_component id="oc-8d">
         <name>.debug_line</name>
         <load_address>0x18e3</load_address>
         <run_address>0x18e3</run_address>
         <size>0x50</size>
         <input_file_ref idref="fl-27"/>
      </object_component>
      <object_component id="oc-92">
         <name>.debug_line</name>
         <load_address>0x1933</load_address>
         <run_address>0x1933</run_address>
         <size>0x62</size>
         <input_file_ref idref="fl-28"/>
      </object_component>
      <object_component id="oc-97">
         <name>.debug_line</name>
         <load_address>0x1995</load_address>
         <run_address>0x1995</run_address>
         <size>0x3e</size>
         <input_file_ref idref="fl-29"/>
      </object_component>
[...]
         <name>pinit</name>
         <value>0xffffffff</value>
      </symbol>
      <symbol id="sm-3">
         <name>___pinit__</name>
         <value>0xffffffff</value>
      </symbol>
      <symbol id="sm-4">
         <name>binit</name>
         <value>0xffffffff</value>
      </symbol>
      <symbol id="sm-5">
         <name>___binit__</name>
         <value>0xffffffff</value>
      </symbol>
      <symbol id="sm-6">
         <name>__STACK_SIZE</name>
         <value>0x400</value>
      </symbol>
      <symbol id="sm-7">
         <name>__STACK_END</name>
         <value>0xbc00</value>
      </symbol>
      <symbol id="sm-8">
         <name>__SYSMEM_SIZE</name>
         <value>0x400</value>
      </symbol>
      <symbol id="sm-9">
         <name>___c_args__</name>
         <value>0xffffffff</value>
      </symbol>
      <symbol id="sm-a">
         <name>.text</name>
         <value>0xffffffff</value>
      </symbol>
      <symbol id="sm-b">
         <name>___text__</name>
         <value>0xffffffff</value>
      </symbol>
      <symbol id="sm-c">
         <name>etext</name>
         <value>0xffffffff</value>
      </symbol>
      <symbol id="sm-d">
         <name>___etext__</name>
         <value>0xffffffff</value>
      </symbol>
      <symbol id="sm-e">
         <name>___TI_pprof_out_hndl</name>
         <value>0xffffffff</value>
      </symbol>
      <symbol id="sm-f">
         <name>___TI_prof_data_start</name>
         <value>0xffffffff</value>
      </symbol>
      <symbol id="sm-10">
         <name>___TI_prof_data_size</name>
         <value>0xffffffff</value>
      </symbol>
      <symbol id="sm-51">
         <name>_main</name>
         <value>0x8cf0</value>
         <object_component_ref idref="oc-17b"/>
      </symbol>
      <symbol id="sm-53">
         <name>_multiply_uint</name>
         <value>0x8d62</value>
         <object_component_ref idref="oc-17b"/>
      </symbol>
      <symbol id="sm-55">
         <name>_multiply_float</name>
         <value>0x8d6f</value>
         <object_component_ref idref="oc-17b"/>
      </symbol>
      <symbol id="sm-57">
         <name>_multiply_int</name>
         <value>0x8d55</value>
         <object_component_ref idref="oc-17b"/>
      </symbol>
      <symbol id="sm-68">
         <name>_printf</name>
         <value>0x9299</value>
         <object_component_ref idref="oc-182"/>
      </symbol>
      <symbol id="sm-1cc">
         <name>___TI_printfi</name>
         <value>0x8470</value>
         <object_component_ref idref="oc-18c"/>
      </symbol>
      <symbol id="sm-1db">
         <name>_sprintf</name>
         <value>0x92fa</value>
         <object_component_ref idref="oc-183"/>
      </symbol>
      <symbol id="sm-1f2">
         <name>___TI_doflush</name>
         <value>0x8e77</value>
         <object_component_ref idref="oc-181"/>
      </symbol>
      <symbol id="sm-1f4">
         <name>_fflush</name>
         <value>0x8ea6</value>
         <object_component_ref idref="oc-181"/>
      </symbol>
      <symbol id="sm-208">
         <name>_putchar</name>
         <value>0x915b</value>
         <object_component_ref idref="oc-18b"/>
      </symbol>
      <symbol id="sm-20a">
         <name>_putc</name>
         <value>0x910d</value>
         <object_component_ref idref="oc-18b"/>
      </symbol>
      <symbol id="sm-20b">
         <name>_fputc</name>
         <value>0x910d</value>
         <object_component_ref idref="oc-18b"/>
      </symbol>
      <symbol id="sm-229">
         <name>_puts</name>
         <value>0x8b21</value>
         <object_component_ref idref="oc-17e"/>
      </symbol>
      <symbol id="sm-22b">
         <name>_fputs</name>
         <value>0x8a8c</value>
         <object_component_ref idref="oc-17e"/>
      </symbol>
      <symbol id="sm-243">
         <name>___TI_rd_ok</name>
         <value>0x8f95</value>
         <object_component_ref idref="oc-186"/>
      </symbol>
      <symbol id="sm-245">
         <name>___TI_wrt_ok</name>
         <value>0x8f5b</value>
         <object_component_ref idref="oc-186"/>
      </symbol>
      <symbol id="sm-25d">
         <name>_setvbuf</name>
         <value>0x8dfb</value>
         <object_component_ref idref="oc-18e"/>
      </symbol>
      <symbol id="sm-279">
         <name>_c_int00</name>
         <value>0x90b7</value>
         <object_component_ref idref="oc-12"/>
      </symbol>
      <symbol id="sm-27a">
         <name>__stack</name>
         <value>0xb800</value>
         <object_component_ref idref="oc-44"/>
      </symbol>
      <symbol id="sm-28a">
         <name>FD$$CMP</name>
         <value>0x938d</value>
         <object_component_ref idref="oc-4a"/>
      </symbol>
      <symbol id="sm-29c">
         <name>FD$$MPY</name>
         <value>0x8d78</value>
         <object_component_ref idref="oc-4f"/>
      </symbol>
      <symbol id="sm-2a9">
         <name>FD$$NEG</name>
         <value>0x9632</value>
         <object_component_ref idref="oc-54"/>
      </symbol>
      <symbol id="sm-2b5">
         <name>FD$$SUB</name>
         <value>0xb7f1</value>
         <object_component_ref idref="oc-59"/>
      </symbol>
      <symbol id="sm-2c4">
         <name>FD$$TOI</name>
         <value>0x949d</value>
         <object_component_ref idref="oc-5e"/>
      </symbol>
      <symbol id="sm-2d3">
         <name>FD$$TOL</name>
         <value>0x94be</value>
         <object_component_ref idref="oc-63"/>
      </symbol>
      <symbol id="sm-2df">
         <name>LL$$AND</name>
         <value>0x959f</value>
         <object_component_ref idref="oc-68"/>
      </symbol>
      <symbol id="sm-2e0">
         <name>LL$$OR</name>
         <value>0x95a7</value>
         <object_component_ref idref="oc-68"/>
      </symbol>
      <symbol id="sm-2e1">
         <name>LL$$XOR</name>
         <value>0x95af</value>
         <object_component_ref idref="oc-68"/>
      </symbol>
      <symbol id="sm-2ef">
         <name>ULL$$CMP</name>
         <value>0x94ef</value>
         <object_component_ref idref="oc-6d"/>
      </symbol>
      <symbol id="sm-2f0">
         <name>LL$$CMP</name>
         <value>0x94dd</value>
         <object_component_ref idref="oc-6d"/>
      </symbol>
      <symbol id="sm-31c">
         <name>ULL$$MOD</name>
         <value>0x869a</value>
         <object_component_ref idref="oc-72"/>
      </symbol>
      <symbol id="sm-31d">
         <name>ULL$$DIV</name>
         <value>0x866b</value>
         <object_component_ref idref="oc-72"/>
      </symbol>
      <symbol id="sm-31e">
         <name>LL$$MOD</name>
         <value>0x8631</value>
         <object_component_ref idref="oc-72"/>
      </symbol>
      <symbol id="sm-31f">
         <name>LL$$DIV</name>
         <value>0x85f5</value>
         <object_component_ref idref="oc-72"/>
      </symbol>
      <symbol id="sm-32f">
         <name>I$$TOFD</name>
         <value>0x94fb</value>
         <object_component_ref idref="oc-77"/>
      </symbol>
      <symbol id="sm-33f">
         <name>L$$TOFD</name>
         <value>0x9551</value>
         <object_component_ref idref="oc-7c"/>
      </symbol>
      <symbol id="sm-34f">
         <name>FS$$TOFD</name>
         <value>0x9535</value>
         <object_component_ref idref="oc-81"/>
      </symbol>
      <symbol id="sm-366">
         <name>FD$$DIV</name>
         <value>0x8c65</value>
         <object_component_ref idref="oc-86"/>
      </symbol>
      <symbol id="sm-375">
         <name>_copy_in</name>
         <value>0x9431</value>
         <object_component_ref idref="oc-176"/>
      </symbol>
      <symbol id="sm-387">
         <name>_memcpy</name>
         <value>0x9518</value>
         <object_component_ref idref="oc-17a"/>
      </symbol>
      <symbol id="sm-394">
         <name>__system_pre_init</name>
         <value>0x8ffe</value>
         <object_component_ref idref="oc-175"/>
      </symbol>
      <symbol id="sm-3a2">
         <name>__system_post_cinit</name>
         <value>0xb7ff</value>
         <object_component_ref idref="oc-177"/>
      </symbol>
      <symbol id="sm-3b7">
         <name>C$$EXIT</name>
         <value>0x93e1</value>
         <object_component_ref idref="oc-179"/>
      </symbol>
      <symbol id="sm-3b8">
         <name>_exit</name>
         <value>0x93e3</value>
         <object_component_ref idref="oc-179"/>
      </symbol>
      <symbol id="sm-3ba">
         <name>___TI_cleanup_ptr</name>
         <value>0xae3c</value>
         <object_component_ref idref="oc-a1"/>
      </symbol>
      <symbol id="sm-3bb">
         <name>___TI_enable_exit_profile_output</name>
         <value>0xae3a</value>
         <object_component_ref idref="oc-a1"/>
      </symbol>
      <symbol id="sm-3bc">
         <name>_abort</name>
         <value>0x93e1</value>
         <object_component_ref idref="oc-179"/>
      </symbol>
      <symbol id="sm-3be">
         <name>___TI_dtors_ptr</name>
         <value>0xae3e</value>
         <object_component_ref idref="oc-a1"/>
      </symbol>
      <symbol id="sm-3d2">
         <name>__unlock</name>
         <value>0xaeee</value>
         <object_component_ref idref="oc-187"/>
      </symbol>
      <symbol id="sm-3d3">
         <name>__lock</name>
         <value>0xaeec</value>
         <object_component_ref idref="oc-17c"/>
      </symbol>
      <symbol id="sm-3d4">
         <name>__register_lock</name>
         <value>0x962d</value>
         <object_component_ref idref="oc-184"/>
      </symbol>
      <symbol id="sm-3d6">
         <name>__nop</name>
         <value>0x9631</value>
         <object_component_ref idref="oc-184"/>
      </symbol>
      <symbol id="sm-3d8">
         <name>__register_unlock</name>
         <value>0x9629</value>
         <object_component_ref idref="oc-184"/>
      </symbol>
      <symbol id="sm-3e7">
         <name>___TI_ltoa</name>
         <value>0x935d</value>
         <object_component_ref idref="oc-19d"/>
      </symbol>
      <symbol id="sm-3f7">
         <name>__args_main</name>
         <value>0x95e4</value>
         <object_component_ref idref="oc-178"/>
      </symbol>
      <symbol id="sm-40c">
         <name>_atoi</name>
         <value>0x932c</value>
         <object_component_ref idref="oc-191"/>
      </symbol>
      <symbol id="sm-415">
         <name>__ctypes_</name>
         <value>0xac00</value>
         <object_component_ref idref="oc-19c"/>
      </symbol>
      <symbol id="sm-426">
         <name>___TI_ft_end</name>
         <value>0xaef0</value>
         <object_component_ref idref="oc-be"/>
      </symbol>
      <symbol id="sm-427">
         <name>___TI_tmpnams</name>
         <value>0xae40</value>
         <object_component_ref idref="oc-1ad"/>
      </symbol>
      <symbol id="sm-428">
         <name>__ftable</name>
         <value>0xaf00</value>
         <object_component_ref idref="oc-17f"/>
      </symbol>
      <symbol id="sm-437">
         <name>_memccpy</name>
         <value>0x95f6</value>
         <object_component_ref idref="oc-195"/>
      </symbol>
      <symbol id="sm-447">
         <name>_memchr</name>
         <value>0x9606</value>
         <object_component_ref idref="oc-189"/>
      </symbol>
      <symbol id="sm-4a5">
         <name>__sys_memory</name>
         <value>0xa800</value>
         <object_component_ref idref="oc-cd"/>
      </symbol>
      <symbol id="sm-4a6">
         <name>___TI_heap_total_available</name>
         <value>0x8a50</value>
         <object_component_ref idref="oc-198"/>
      </symbol>
      <symbol id="sm-4a8">
         <name>_realloc</name>
         <value>0x88f5</value>
         <object_component_ref idref="oc-198"/>
      </symbol>
      <symbol id="sm-4aa">
         <name>___TI_heap_check</name>
         <value>0x8a8a</value>
         <object_component_ref idref="oc-198"/>
      </symbol>
      <symbol id="sm-4ac">
         <name>_free</name>
         <value>0x882b</value>
         <object_component_ref idref="oc-198"/>
      </symbol>
      <symbol id="sm-4ae">
         <name>_memalign</name>
         <value>0x89aa</value>
         <object_component_ref idref="oc-198"/>
      </symbol>
      <symbol id="sm-4af">
         <name>_calloc</name>
         <value>0x897d</value>
         <object_component_ref idref="oc-198"/>
      </symbol>
      <symbol id="sm-4b1">
         <name>_malloc</name>
         <value>0x8800</value>
         <object_component_ref idref="oc-198"/>
      </symbol>
      <symbol id="sm-4b3">
         <name>_aligned_alloc</name>
         <value>0x89aa</value>
         <object_component_ref idref="oc-198"/>
      </symbol>
      <symbol id="sm-4b5">
         <name>_minit</name>
         <value>0x8979</value>
         <object_component_ref idref="oc-198"/>
      </symbol>
      <symbol id="sm-4b7">
         <name>___TI_heap_largest_available</name>
         <value>0x8a6d</value>
         <object_component_ref idref="oc-198"/>
      </symbol>
      <symbol id="sm-4c6">
         <name>_memset</name>
         <value>0x964c</value>
         <object_component_ref idref="oc-192"/>
      </symbol>
      <symbol id="sm-4d6">
         <name>_strchr</name>
         <value>0x9613</value>
         <object_component_ref idref="oc-1a0"/>
      </symbol>
      <symbol id="sm-4e4">
         <name>_strcpy</name>
         <value>0x9653</value>
         <object_component_ref idref="oc-193"/>
      </symbol>
      <symbol id="sm-4f2">
         <name>_strlen</name>
         <value>0x9644</value>
         <object_component_ref idref="oc-188"/>
      </symbol>
      <symbol id="sm-500">
         <name>_write</name>
         <value>0x9586</value>
         <object_component_ref idref="oc-18a"/>
      </symbol>
      <symbol id="sm-511">
         <name>__device</name>
         <value>0xaf80</value>
         <object_component_ref idref="oc-19a"/>
      </symbol>
      <symbol id="sm-512">
         <name>__stream</name>
         <value>0xafc8</value>
         <object_component_ref idref="oc-18f"/>
      </symbol>
      <symbol id="sm-525">
         <name>_frexpl</name>
         <value>0x905d</value>
         <object_component_ref idref="oc-19e"/>
      </symbol>
      <symbol id="sm-544">
         <name>_scalbnl</name>
         <value>0x86fc</value>
         <object_component_ref idref="oc-19f"/>
      </symbol>
      <symbol id="sm-546">
         <name>_ldexpl</name>
         <value>0x86fc</value>
         <object_component_ref idref="oc-19f"/>
      </symbol>
      <symbol id="sm-554">
         <name>_wcslen</name>
         <value>0x963b</value>
         <object_component_ref idref="oc-196"/>
      </symbol>
      <symbol id="sm-590">
         <name>_fopen</name>
         <value>0xb7aa</value>
         <object_component_ref idref="oc-199"/>
      </symbol>
      <symbol id="sm-592">
         <name>___TI_cleanup</name>
         <value>0xb76f</value>
         <object_component_ref idref="oc-199"/>
      </symbol>
      <symbol id="sm-594">
         <name>_freopen</name>
         <value>0xb78c</value>
         <object_component_ref idref="oc-199"/>
      </symbol>
      <symbol id="sm-5a5">
         <name>_fseek</name>
         <value>0x91b1</value>
         <object_component_ref idref="oc-18d"/>
      </symbol>
      <symbol id="sm-5a6">
         <name>_fseeko</name>
         <value>0x91b1</value>
         <object_component_ref idref="oc-18d"/>
      </symbol>
      <symbol id="sm-5c2">
         <name>FD$$ADD</name>
         <value>0x8b34</value>
         <object_component_ref idref="oc-10a"/>
      </symbol>
      <symbol id="sm-5ce">
         <name>UL$$MOD</name>
         <value>0x93db</value>
         <object_component_ref idref="oc-10f"/>
      </symbol>
      <symbol id="sm-5cf">
         <name>L$$MOD</name>
         <value>0x93c6</value>
         <object_component_ref idref="oc-10f"/>
      </symbol>
      <symbol id="sm-5d0">
         <name>L$$DIV</name>
         <value>0x93b7</value>
         <object_component_ref idref="oc-10f"/>
      </symbol>
      <symbol id="sm-5d1">
         <name>UL$$DIV</name>
         <value>0x93d4</value>
         <object_component_ref idref="oc-10f"/>
      </symbol>
      <symbol id="sm-5dd">
         <name>_HOSTclose</name>
         <value>0x940a</value>
         <object_component_ref idref="oc-1a4"/>
      </symbol>
      <symbol id="sm-5ea">
         <name>_HOSTlseek</name>
         <value>0x87a5</value>
         <object_component_ref idref="oc-1a7"/>
      </symbol>
      <symbol id="sm-5fa">
         <name>_parmbuf</name>
         <value>0xaee0</value>
         <object_component_ref idref="oc-1af"/>
      </symbol>
      <symbol id="sm-5fb">
         <name>_HOSTopen</name>
         <value>0x91ee</value>
         <object_component_ref idref="oc-1a3"/>
      </symbol>
      <symbol id="sm-609">
         <name>_HOSTread</name>
         <value>0x925d</value>
         <object_component_ref idref="oc-1a5"/>
      </symbol>
      <symbol id="sm-616">
         <name>_HOSTrename</name>
         <value>0x8fc0</value>
         <object_component_ref idref="oc-1a9"/>
      </symbol>
      <symbol id="sm-623">
         <name>_HOSTunlink</name>
         <value>0x9455</value>
         <object_component_ref idref="oc-1a8"/>
      </symbol>
      <symbol id="sm-631">
         <name>_HOSTwrite</name>
         <value>0x9226</value>
         <object_component_ref idref="oc-1a6"/>
      </symbol>
      <symbol id="sm-64b">
         <name>___TI_readmsg</name>
         <value>0x8c28</value>
         <object_component_ref idref="oc-1b0"/>
      </symbol>
      <symbol id="sm-64d">
         <name>C$$IO$$</name>
         <value>0x8c23</value>
         <object_component_ref idref="oc-1b0"/>
      </symbol>
      <symbol id="sm-64e">
         <name>__CIOBUF_</name>
         <value>0x1b000</value>
         <object_component_ref idref="oc-138"/>
      </symbol>
      <symbol id="sm-64f">
         <name>___TI_writemsg</name>
         <value>0x8bd0</value>
         <object_component_ref idref="oc-1b0"/>
      </symbol>
      <symbol id="sm-66b">
         <name>_open</name>
         <value>0x8eea</value>
         <object_component_ref idref="oc-1a1"/>
      </symbol>
      <symbol id="sm-679">
         <name>_lseek</name>
         <value>0x95b7</value>
         <object_component_ref idref="oc-197"/>
      </symbol>
      <symbol id="sm-684">
         <name>_errno</name>
         <value>0xaef1</value>
         <object_component_ref idref="oc-14b"/>
      </symbol>
      <symbol id="sm-691">
         <name>_copysignl</name>
         <value>0x9479</value>
         <object_component_ref idref="oc-1aa"/>
      </symbol>
      <symbol id="sm-6a3">
         <name>___TI_closefile</name>
         <value>0x9000</value>
         <object_component_ref idref="oc-1a2"/>
      </symbol>
      <symbol id="sm-6a5">
         <name>_fclose</name>
         <value>0x9044</value>
         <object_component_ref idref="oc-1a2"/>
      </symbol>
      <symbol id="sm-6b7">
         <name>_finddevice</name>
         <value>0x9160</value>
         <object_component_ref idref="oc-1ab"/>
      </symbol>
      <symbol id="sm-6b9">
         <name>_getdevice</name>
         <value>0x917b</value>
         <object_component_ref idref="oc-1ab"/>
      </symbol>
      <symbol id="sm-6c8">
         <name>_strcmp</name>
         <value>0x961f</value>
         <object_component_ref idref="oc-1b1"/>
      </symbol>
      <symbol id="sm-6d9">
         <name>_strncpy</name>
         <value>0x95cf</value>
         <object_component_ref idref="oc-1b2"/>
      </symbol>
      <symbol id="sm-6e6">
         <name>_remove</name>
         <value>0x9658</value>
         <object_component_ref idref="oc-1ae"/>
      </symbol>
      <symbol id="sm-6f7">
         <name>_close</name>
         <value>0x92c7</value>
         <object_component_ref idref="oc-1ac"/>
      </symbol>
      <symbol id="sm-704">
         <name>_unlink</name>
         <value>0x956d</value>
         <object_component_ref idref="oc-1b3"/>
      </symbol>
   </symbol_table>
   <title>Link successful</title>
</link_info>
